

================================================================
== Vivado HLS Report for 'bin_dense'
================================================================
* Date:           Sun Mar 28 14:51:23 2021

* Version:        2019.1 (Build 2552052 on Fri May 24 15:28:33 MDT 2019)
* Project:        BNN_6
* Solution:       solution1
* Product family: kintex7
* Target device:  xc7k70t-fbv676-1


================================================================
== Performance Estimates
================================================================
+ Timing (ns): 
    * Summary: 
    +--------+-------+----------+------------+
    |  Clock | Target| Estimated| Uncertainty|
    +--------+-------+----------+------------+
    |ap_clk  |  12.00|    10.489|        1.50|
    +--------+-------+----------+------------+

+ Latency (clock cycles): 
    * Summary: 
    +-----+-----+-----+-----+---------+
    |  Latency  |  Interval | Pipeline|
    | min | max | min | max |   Type  |
    +-----+-----+-----+-----+---------+
    |   13|   13|   13|   13|   none  |
    +-----+-----+-----+-----+---------+

    + Detail: 
        * Instance: 
        N/A

        * Loop: 
        +----------+-----+-----+----------+-----------+-----------+------+----------+
        |          |  Latency  | Iteration|  Initiation Interval  | Trip |          |
        | Loop Name| min | max |  Latency |  achieved |   target  | Count| Pipelined|
        +----------+-----+-----+----------+-----------+-----------+------+----------+
        |- Loop 1  |    6|    6|         3|          -|          -|     2|    no    |
        |- Loop 2  |    2|    2|         1|          -|          -|     2|    no    |
        +----------+-----+-----+----------+-----------+-----------+------+----------+



================================================================
== Utilization Estimates
================================================================
* Summary: 
+-----------------+---------+-------+-------+-------+-----+
|       Name      | BRAM_18K| DSP48E|   FF  |  LUT  | URAM|
+-----------------+---------+-------+-------+-------+-----+
|DSP              |        -|      -|      -|      -|    -|
|Expression       |        -|      -|      0|    827|    -|
|FIFO             |        -|      -|      -|      -|    -|
|Instance         |        -|      -|      -|      -|    -|
|Memory           |        -|      -|      -|      -|    -|
|Multiplexer      |        -|      -|      -|    122|    -|
|Register         |        -|      -|    210|      -|    -|
+-----------------+---------+-------+-------+-------+-----+
|Total            |        0|      0|    210|    949|    0|
+-----------------+---------+-------+-------+-------+-----+
|Available        |      270|    240|  82000|  41000|    0|
+-----------------+---------+-------+-------+-------+-----+
|Utilization (%)  |        0|      0|   ~0  |      2|    0|
+-----------------+---------+-------+-------+-------+-----+

+ Detail: 
    * Instance: 
    N/A

    * DSP48E: 
    N/A

    * Memory: 
    N/A

    * FIFO: 
    N/A

    * Expression: 
    +-------------------------+----------+-------+---+----+------------+------------+
    |      Variable Name      | Operation| DSP48E| FF| LUT| Bitwidth P0| Bitwidth P1|
    +-------------------------+----------+-------+---+----+------------+------------+
    |add_ln1503_1_fu_1753_p2  |     +    |      0|  0|  15|           7|           7|
    |add_ln1503_2_fu_1759_p2  |     +    |      0|  0|  14|           7|           7|
    |add_ln1503_fu_1747_p2    |     +    |      0|  0|  14|           7|           7|
    |add_ln648_fu_476_p2      |     +    |      0|  0|  12|           3|           3|
    |add_ln649_fu_470_p2      |     +    |      0|  0|  20|          12|          13|
    |add_ln68_1_fu_1516_p2    |     +    |      0|  0|  14|          60|          60|
    |add_ln68_2_fu_1522_p2    |     +    |      0|  0|  14|          60|          60|
    |add_ln68_3_fu_1482_p2    |     +    |      0|  0|  69|          62|          62|
    |add_ln68_fu_1488_p2      |     +    |      0|  0|  70|          63|          63|
    |add_ln700_10_fu_460_p2   |     +    |      0|  0|  10|           2|           1|
    |add_ln700_11_fu_1825_p2  |     +    |      0|  0|  23|          16|          16|
    |add_ln700_12_fu_1807_p2  |     +    |      0|  0|  10|           2|           1|
    |add_ln700_13_fu_1685_p2  |     +    |      0|  0|  67|          60|          60|
    |add_ln700_7_fu_1612_p2   |     +    |      0|  0|  14|           4|           4|
    |add_ln700_8_fu_1691_p2   |     +    |      0|  0|  68|          61|          61|
    |add_ln700_9_fu_1711_p2   |     +    |      0|  0|  68|          61|          61|
    |add_ln700_fu_1618_p2     |     +    |      0|  0|  14|           4|           4|
    |sub_ln701_fu_894_p2      |     -    |      0|  0|  71|          64|          64|
    |sum_m_0_V_fu_1777_p2     |     -    |      0|  0|  16|           7|           9|
    |icmp_ln816_fu_1843_p2    |   icmp   |      0|  0|  13|          16|          16|
    |icmp_ln879_3_fu_1831_p2  |   icmp   |      0|  0|   8|           2|           2|
    |icmp_ln879_fu_419_p2     |   icmp   |      0|  0|   9|           2|           3|
    |icmp_ln887_4_fu_1801_p2  |   icmp   |      0|  0|   9|           2|           3|
    |icmp_ln887_fu_454_p2     |   icmp   |      0|  0|   9|           2|           3|
    |select_ln700_fu_1817_p3  |  select  |      0|  0|  16|           1|          16|
    |select_ln879_fu_1862_p3  |  select  |      0|  0|  64|           1|          64|
    |sum_m_1_V_1_fu_1787_p3   |  select  |      0|  0|  16|           1|          16|
    |sum_m_1_V_2_fu_1794_p3   |  select  |      0|  0|  16|           1|          16|
    |xor_ln1357_fu_498_p2     |    xor   |      0|  0|  64|          64|          64|
    +-------------------------+----------+-------+---+----+------------+------------+
    |Total                    |          |      0|  0| 827|         654|         766|
    +-------------------------+----------+-------+---+----+------------+------------+

    * Multiplexer: 
    +----------------------+----+-----------+-----+-----------+
    |         Name         | LUT| Input Size| Bits| Total Bits|
    +----------------------+----+-----------+-----+-----------+
    |ap_NS_fsm             |  44|          9|    1|          9|
    |dmem_V_2_address0     |  27|          5|   12|         60|
    |dmem_V_2_d0           |  15|          3|   64|        192|
    |p_0257_1_0_0_reg_355  |   9|          2|   16|         32|
    |p_0348_0_0_0_reg_333  |   9|          2|    2|          4|
    |p_0759_0_0_0_reg_367  |   9|          2|    2|          4|
    |phi_mul_reg_344       |   9|          2|   13|         26|
    +----------------------+----+-----------+-----+-----------+
    |Total                 | 122|         25|  110|        327|
    +----------------------+----+-----------+-----+-----------+

    * Register: 
    +--------------------------+----+----+-----+-----------+
    |           Name           | FF | LUT| Bits| Const Bits|
    +--------------------------+----+----+-----+-----------+
    |add_ln649_reg_1923        |  13|   0|   13|          0|
    |add_ln700_10_reg_1918     |   2|   0|    2|          0|
    |add_ln700_reg_1992        |   4|   0|    4|          0|
    |ap_CS_fsm                 |   8|   0|    8|          0|
    |dmem_V_1_addr_2_reg_1899  |   1|   0|   12|         11|
    |dmem_V_1_addr_reg_1879    |  11|   0|   12|          1|
    |dmem_V_1_load_reg_1909    |  64|   0|   64|          0|
    |icmp_ln879_3_reg_2020     |   1|   0|    1|          0|
    |icmp_ln879_reg_1894       |   1|   0|    1|          0|
    |o_offset_V_reg_1874       |   6|   0|    6|          0|
    |p_0257_1_0_0_reg_355      |  16|   0|   16|          0|
    |p_0348_0_0_0_reg_333      |   2|   0|    2|          0|
    |p_0759_0_0_0_reg_367      |   2|   0|    2|          0|
    |phi_mul_reg_344           |  13|   0|   13|          0|
    |sum_m_V_0_08_reg_321      |  16|   0|   16|          0|
    |sum_m_V_1_09_reg_309      |  16|   0|   16|          0|
    |tmp_70_reg_1944           |   4|   0|    4|          0|
    |tmp_71_reg_1950           |   4|   0|    4|          0|
    |tmp_72_reg_1956           |   4|   0|    4|          0|
    |tmp_73_reg_1962           |   4|   0|    4|          0|
    |tmp_74_reg_1968           |   4|   0|    4|          0|
    |tmp_75_reg_1974           |   4|   0|    4|          0|
    |tmp_76_reg_1980           |   4|   0|    4|          0|
    |trunc_ln180_reg_1938      |   1|   0|    1|          0|
    |trunc_ln68_reg_1987       |   4|   0|    4|          0|
    |zext_ln209_reg_1904       |   1|   0|    3|          2|
    +--------------------------+----+----+-----+-----------+
    |Total                     | 210|   0|  224|         14|
    +--------------------------+----+----+-----+-----------+



================================================================
== Interface
================================================================
* Summary: 
+---------------------+-----+-----+------------+--------------+--------------+
|      RTL Ports      | Dir | Bits|  Protocol  | Source Object|    C Type    |
+---------------------+-----+-----+------------+--------------+--------------+
|ap_clk               |  in |    1| ap_ctrl_hs |   bin_dense  | return value |
|ap_rst               |  in |    1| ap_ctrl_hs |   bin_dense  | return value |
|ap_start             |  in |    1| ap_ctrl_hs |   bin_dense  | return value |
|ap_done              | out |    1| ap_ctrl_hs |   bin_dense  | return value |
|ap_idle              | out |    1| ap_ctrl_hs |   bin_dense  | return value |
|ap_ready             | out |    1| ap_ctrl_hs |   bin_dense  | return value |
|wt_mem_V_2_address0  | out |   13|  ap_memory |  wt_mem_V_2  |     array    |
|wt_mem_V_2_ce0       | out |    1|  ap_memory |  wt_mem_V_2  |     array    |
|wt_mem_V_2_q0        |  in |   64|  ap_memory |  wt_mem_V_2  |     array    |
|kh_mem_V_2_address0  | out |    6|  ap_memory |  kh_mem_V_2  |     array    |
|kh_mem_V_2_ce0       | out |    1|  ap_memory |  kh_mem_V_2  |     array    |
|kh_mem_V_2_q0        |  in |   64|  ap_memory |  kh_mem_V_2  |     array    |
|dmem_V_2_address0    | out |   12|  ap_memory |   dmem_V_2   |     array    |
|dmem_V_2_ce0         | out |    1|  ap_memory |   dmem_V_2   |     array    |
|dmem_V_2_we0         | out |    1|  ap_memory |   dmem_V_2   |     array    |
|dmem_V_2_d0          | out |   64|  ap_memory |   dmem_V_2   |     array    |
|dmem_V_2_q0          |  in |   64|  ap_memory |   dmem_V_2   |     array    |
|layer_type_V         |  in |    2|   ap_none  | layer_type_V |    scalar    |
|d_i_idx_V            |  in |    1|   ap_none  |   d_i_idx_V  |    scalar    |
|d_o_idx_V            |  in |    1|   ap_none  |   d_o_idx_V  |    scalar    |
|o_index_V_2          |  in |   16|   ap_none  |  o_index_V_2 |    scalar    |
+---------------------+-----+-----+------------+--------------+--------------+

