

================================================================
== Vivado HLS Report for 'bin_conv'
================================================================
* Date:           Fri Mar 26 21:30:50 2021

* Version:        2019.1 (Build 2552052 on Fri May 24 15:28:33 MDT 2019)
* Project:        BNN_6
* Solution:       solution1
* Product family: kintex7
* Target device:  xc7k70t-fbv676-1


================================================================
== Performance Estimates
================================================================
+ Timing (ns): 
    * Summary: 
    +--------+-------+----------+------------+
    |  Clock | Target| Estimated| Uncertainty|
    +--------+-------+----------+------------+
    |ap_clk  |  12.00|     6.858|        1.50|
    +--------+-------+----------+------------+

+ Latency (clock cycles): 
    * Summary: 
    +--------+--------+--------+--------+---------+
    |     Latency     |     Interval    | Pipeline|
    |   min  |   max  |   min  |   max  |   Type  |
    +--------+--------+--------+--------+---------+
    |  310790|  344439|  310790|  344439|   none  |
    +--------+--------+--------+--------+---------+

    + Detail: 
        * Instance: 
        +--------------------------+--------------+------+------+------+------+---------+
        |                          |              |   Latency   |   Interval  | Pipeline|
        |         Instance         |    Module    |  min |  max |  min |  max |   Type  |
        +--------------------------+--------------+------+------+------+------+---------+
        |grp_process_word_fu_2613  |process_word  |  2140|  2140|  2140|  2140|   none  |
        +--------------------------+--------------+------+------+------+------+---------+

        * Loop: 
        +----------------------------------+--------+--------+-------------+-----------+-----------+------+----------+
        |                                  |     Latency     |  Iteration  |  Initiation Interval  | Trip |          |
        |             Loop Name            |   min  |   max  |   Latency   |  achieved |   target  | Count| Pipelined|
        +----------------------------------+--------+--------+-------------+-----------+-----------+------+----------+
        |- Loop 1                          |    1024|    1024|           32|          -|          -|    32|    no    |
        |- LOOP_WORDS_IN_PHASE             |  305536|  339136| 4774 ~ 5299 |          -|          -|    64|    no    |
        | + LOOP_WT_WORDS                  |       4|       4|            2|          -|          -|     2|    no    |
        | + LOOP_LOAD_WTS                  |      34|      34|           17|          -|          -|     2|    no    |
        |  ++ LOOP_LOAD_WTS.1              |      15|      15|            5|          -|          -|     3|    no    |
        |   +++ LOOP_LOAD_WTS.1.1          |       3|       3|            1|          -|          -|     3|    no    |
        | + LOOP_CONVOLVER_LOAD            |     166|     166|           83|          -|          -|     2|    no    |
        |  ++ LOOP_CONVOLVER_LOAD.1        |      80|      80|           10|          -|          -|     8|    no    |
        |   +++ LOOP_CONVOLVER_LOAD.1.1    |       8|       8|            1|          -|          -|     8|    no    |
        | + LOOP_CONVOLVERS                |    4284|    4284|         2142|          -|          -|     2|    no    |
        | + LOOP_WORDS_IN_PHASE.5          |     356|     356|          178|          -|          -|     2|    no    |
        |  ++ LOOP_WORDS_IN_PHASE.5.1      |     176|     176|           22|          -|          -|     8|    no    |
        |   +++ LOOP_WORDS_IN_PHASE.5.1.1  |      20|      20|            2|          -|          -|    10|    no    |
        | + LOOP_WORDS_IN_PHASE.6          |     128|     448|    2 ~ 7    |          -|          -|    64|    no    |
        |  ++ LOOP_WORDS_IN_PHASE.6.1      |       4|       4|            2|          -|          -|     2|    no    |
        |- LOOP_ACC_PHASES_I               |    4030|    4030|          130|          -|          -|    31|    no    |
        | + LOOP_ACC_PHASES_I.1            |     128|     128|            2|          -|          -|    64|    no    |
        |- Loop 4                          |     128|     128|            2|          -|          -|    64|    no    |
        |- Loop 5                          |      32|      32|            1|          -|          -|    32|    no    |
        |- Loop 6                          |      16|      16|            1|          -|          -|    16|    no    |
        +----------------------------------+--------+--------+-------------+-----------+-----------+------+----------+



================================================================
== Utilization Estimates
================================================================
* Summary: 
+-----------------+---------+-------+-------+-------+-----+
|       Name      | BRAM_18K| DSP48E|   FF  |  LUT  | URAM|
+-----------------+---------+-------+-------+-------+-----+
|DSP              |        -|      1|      -|      -|    -|
|Expression       |        -|      -|      0|   2616|    -|
|FIFO             |        -|      -|      -|      -|    -|
|Instance         |        -|      -|    424|   1878|    -|
|Memory           |        7|      -|     16|     16|    0|
|Multiplexer      |        -|      -|      -|   2886|    -|
|Register         |        -|      -|   1178|      -|    -|
+-----------------+---------+-------+-------+-------+-----+
|Total            |        7|      1|   1618|   7396|    0|
+-----------------+---------+-------+-------+-------+-----+
|Available        |      270|    240|  82000|  41000|    0|
+-----------------+---------+-------+-------+-------+-----+
|Utilization (%)  |        2|   ~0  |      1|     18|    0|
+-----------------+---------+-------+-------+-------+-----+

+ Detail: 
    * Instance: 
    +--------------------------+--------------+---------+-------+-----+------+-----+
    |         Instance         |    Module    | BRAM_18K| DSP48E|  FF |  LUT | URAM|
    +--------------------------+--------------+---------+-------+-----+------+-----+
    |grp_process_word_fu_2613  |process_word  |        0|      0|  424|  1878|    0|
    +--------------------------+--------------+---------+-------+-----+------+-----+
    |Total                     |              |        0|      0|  424|  1878|    0|
    +--------------------------+--------------+---------+-------+-----+------+-----+

    * DSP48E: 
    +--------------------------+----------------------+-----------+
    |         Instance         |        Module        | Expression|
    +--------------------------+----------------------+-----------+
    |top_mul_mul_15ns_ibs_U23  |top_mul_mul_15ns_ibs  |  i0 * i1  |
    +--------------------------+----------------------+-----------+

    * Memory: 
    +---------------------+----------------------+---------+----+----+-----+------+-----+------+-------------+
    |        Memory       |        Module        | BRAM_18K| FF | LUT| URAM| Words| Bits| Banks| W*Bits*Banks|
    +---------------------+----------------------+---------+----+----+-----+------+-----+------+-------------+
    |conv_out_buffer_V_U  |bin_conv_conv_outhbi  |        0|  10|  10|    0|   128|    5|     1|          640|
    |conv_params_V_U      |bin_conv_conv_parcud  |        0|   2|   1|    0|    18|    1|     1|           18|
    |fixed_buffer_V_U     |bin_conv_fixed_budEe  |        2|   0|   0|    0|  2048|   12|     1|        24576|
    |fixed_temp_V_U       |bin_conv_fixed_teeOg  |        1|   0|   0|    0|    64|   12|     1|          768|
    |lb_U                 |bin_conv_lb           |        1|   0|   0|    0|     8|    1|     1|            8|
    |rb_U                 |bin_conv_lb           |        1|   0|   0|    0|     8|    1|     1|            8|
    |line_buffer_U        |bin_conv_line_bufbkb  |        1|   0|   0|    0|   480|    2|     1|          960|
    |old_word_buffer_V_U  |bin_conv_old_wordg8j  |        0|   4|   5|    0|   160|    2|     1|          320|
    |word_buffer_V_U      |bin_conv_word_buffYi  |        1|   0|   0|    0|   160|    2|     1|          320|
    +---------------------+----------------------+---------+----+----+-----+------+-----+------+-------------+
    |Total                |                      |        7|  16|  16|    0|  3074|   38|     9|        27618|
    +---------------------+----------------------+---------+----+----+-----+------+-----+------+-------------+

    * FIFO: 
    N/A

    * Expression: 
    +---------------------------------+----------+-------+---+-----+------------+------------+
    |          Variable Name          | Operation| DSP48E| FF| LUT | Bitwidth P0| Bitwidth P1|
    +---------------------------------+----------+-------+---+-----+------------+------------+
    |add_ln1353_2_fu_2840_p2          |     +    |      0|  0|   13|           1|           4|
    |add_ln1353_3_fu_2894_p2          |     +    |      0|  0|   13|           1|           4|
    |add_ln1353_4_fu_4292_p2          |     +    |      0|  0|   13|           4|           1|
    |add_ln1353_fu_2766_p2            |     +    |      0|  0|   12|           1|           3|
    |add_ln180_21_fu_4132_p2          |     +    |      0|  0|   15|           6|           6|
    |add_ln180_22_fu_4227_p2          |     +    |      0|  0|   15|           6|           6|
    |add_ln180_23_fu_4252_p2          |     +    |      0|  0|   16|           9|           9|
    |add_ln180_24_fu_4263_p2          |     +    |      0|  0|   16|           4|           9|
    |add_ln180_25_fu_5109_p2          |     +    |      0|  0|   21|          14|          14|
    |add_ln180_26_fu_4302_p2          |     +    |      0|  0|   16|           9|           9|
    |add_ln180_27_fu_4501_p2          |     +    |      0|  0|   15|           6|           6|
    |add_ln180_28_fu_4526_p2          |     +    |      0|  0|   16|           9|           9|
    |add_ln180_29_fu_4548_p2          |     +    |      0|  0|   16|           9|           9|
    |add_ln180_fu_4077_p2             |     +    |      0|  0|   15|           6|           6|
    |add_ln209_3_fu_4995_p2           |     +    |      0|  0|   15|           5|           5|
    |add_ln209_4_fu_4316_p2           |     +    |      0|  0|   15|           6|           6|
    |add_ln209_5_fu_4390_p2           |     +    |      0|  0|   15|           4|           6|
    |add_ln209_fu_4989_p2             |     +    |      0|  0|   15|           5|           5|
    |add_ln214_fu_4343_p2             |     +    |      0|  0|   15|           2|           6|
    |add_ln316_fu_4179_p2             |     +    |      0|  0|   12|           3|           3|
    |add_ln391_fu_4752_p2             |     +    |      0|  0|   12|           2|           3|
    |add_ln555_fu_4146_p2             |     +    |      0|  0|   15|           5|           5|
    |add_ln700_11_fu_4729_p2          |     +    |      0|  0|   19|          12|          12|
    |add_ln700_14_fu_3928_p2          |     +    |      0|  0|   23|          16|           1|
    |add_ln700_15_fu_3934_p2          |     +    |      0|  0|   12|           3|           1|
    |add_ln700_16_fu_4810_p2          |     +    |      0|  0|   15|           7|           1|
    |add_ln700_19_fu_4004_p2          |     +    |      0|  0|   10|           2|           1|
    |add_ln700_20_fu_4864_p2          |     +    |      0|  0|   15|           6|           1|
    |add_ln700_21_fu_4067_p2          |     +    |      0|  0|   10|           2|           1|
    |add_ln700_22_fu_4122_p2          |     +    |      0|  0|   10|           2|           1|
    |add_ln700_23_fu_4941_p2          |     +    |      0|  0|   15|           5|           1|
    |add_ln700_24_fu_4169_p2          |     +    |      0|  0|   10|           2|           1|
    |add_ln700_25_fu_4437_p2          |     +    |      0|  0|   10|           2|           1|
    |add_ln700_26_fu_4217_p2          |     +    |      0|  0|   13|           4|           1|
    |add_ln700_27_fu_4713_p2          |     +    |      0|  0|   20|          13|          13|
    |add_ln700_28_fu_4449_p2          |     +    |      0|  0|   10|           2|           1|
    |add_ln700_29_fu_4588_p2          |     +    |      0|  0|   15|           8|           1|
    |add_ln700_30_fu_4594_p2          |     +    |      0|  0|   15|           8|           1|
    |add_ln700_31_fu_3870_p2          |     +    |      0|  0|   15|           7|           1|
    |add_ln700_32_fu_4491_p2          |     +    |      0|  0|   13|           4|           1|
    |add_ln700_33_fu_4538_p2          |     +    |      0|  0|   13|           4|           1|
    |add_ln700_34_fu_4662_p2          |     +    |      0|  0|   19|          12|          12|
    |add_ln700_35_fu_4652_p2          |     +    |      0|  0|   15|           6|           6|
    |add_ln700_36_fu_4620_p2          |     +    |      0|  0|   10|           2|           1|
    |add_ln700_37_fu_4564_p2          |     +    |      0|  0|   15|           7|           1|
    |add_ln700_39_fu_4578_p2          |     +    |      0|  0|   20|          13|          13|
    |add_ln700_40_fu_4638_p2          |     +    |      0|  0|   16|           9|           9|
    |add_ln700_fu_3896_p2             |     +    |      0|  0|   10|           2|           1|
    |add_ln808_1_fu_3902_p2           |     +    |      0|  0|   20|          12|          13|
    |add_ln808_fu_3908_p2             |     +    |      0|  0|   21|          14|          14|
    |add_ln887_fu_4471_p2             |     +    |      0|  0|   15|           2|           7|
    |b_V_fu_4698_p2                   |     +    |      0|  0|   15|           7|           1|
    |i_V_3_fu_4723_p2                 |     +    |      0|  0|   15|           6|           1|
    |i_V_fu_2938_p2                   |     +    |      0|  0|   15|           6|           1|
    |log_width_V_fu_2655_p2           |     +    |      0|  0|   12|           2|           3|
    |grp_fu_2630_p2                   |     -    |      0|  0|   13|           4|           3|
    |sub_ln180_2_fu_4088_p2           |     -    |      0|  0|   15|           6|           6|
    |sub_ln180_fu_4026_p2             |     -    |      0|  0|   15|           5|           5|
    |sub_ln555_fu_4110_p2             |     -    |      0|  0|   15|           5|           5|
    |and_ln209_fu_4983_p2             |    and   |      0|  0|    6|           5|           5|
    |and_ln419_fu_4910_p2             |    and   |      0|  0|    6|           1|           1|
    |and_ln430_fu_5016_p2             |    and   |      0|  0|    6|           1|           1|
    |ap_condition_4011                |    and   |      0|  0|    6|           1|           1|
    |wt_word_buffer_0_V_fu_3968_p2    |   ashr   |      0|  0|  182|          64|          64|
    |icmp_ln378_fu_4669_p2            |   icmp   |      0|  0|   11|           6|           7|
    |icmp_ln408_fu_4804_p2            |   icmp   |      0|  0|   11|           7|           8|
    |icmp_ln418_fu_4858_p2            |   icmp   |      0|  0|   11|           6|           7|
    |icmp_ln816_fu_4839_p2            |   icmp   |      0|  0|   13|          16|          16|
    |icmp_ln879_10_fu_2798_p2         |   icmp   |      0|  0|    9|           3|           1|
    |icmp_ln879_11_fu_2814_p2         |   icmp   |      0|  0|    9|           4|           4|
    |icmp_ln879_12_fu_2834_p2         |   icmp   |      0|  0|    9|           3|           1|
    |icmp_ln879_13_fu_2846_p2         |   icmp   |      0|  0|    9|           4|           4|
    |icmp_ln879_14_fu_2862_p2         |   icmp   |      0|  0|    8|           2|           1|
    |icmp_ln879_15_fu_2878_p2         |   icmp   |      0|  0|    9|           4|           4|
    |icmp_ln879_16_fu_2888_p2         |   icmp   |      0|  0|    9|           3|           1|
    |icmp_ln879_17_fu_2900_p2         |   icmp   |      0|  0|    9|           4|           4|
    |icmp_ln879_18_fu_3876_p2         |   icmp   |      0|  0|   11|           8|           1|
    |icmp_ln879_19_fu_4774_p2         |   icmp   |      0|  0|    8|           2|           1|
    |icmp_ln879_20_fu_4779_p2         |   icmp   |      0|  0|    9|           2|           3|
    |icmp_ln879_21_fu_3922_p2         |   icmp   |      0|  0|    9|           3|           3|
    |icmp_ln879_22_fu_4337_p2         |   icmp   |      0|  0|    9|           4|           1|
    |icmp_ln879_23_fu_4384_p2         |   icmp   |      0|  0|    9|           4|           3|
    |icmp_ln879_6_fu_2725_p2          |   icmp   |      0|  0|    9|           4|           4|
    |icmp_ln879_7_fu_2750_p2          |   icmp   |      0|  0|    9|           4|           4|
    |icmp_ln879_8_fu_2756_p2          |   icmp   |      0|  0|    8|           2|           1|
    |icmp_ln879_9_fu_2776_p2          |   icmp   |      0|  0|    9|           4|           4|
    |icmp_ln879_fu_2703_p2            |   icmp   |      0|  0|    9|           4|           1|
    |icmp_ln883_1_fu_4056_p2          |   icmp   |      0|  0|   11|           8|           8|
    |icmp_ln883_fu_4687_p2            |   icmp   |      0|  0|    8|           2|           1|
    |icmp_ln887_18_fu_3864_p2         |   icmp   |      0|  0|   11|           7|           8|
    |icmp_ln887_19_fu_3890_p2         |   icmp   |      0|  0|    9|           2|           3|
    |icmp_ln887_20_fu_4692_p2         |   icmp   |      0|  0|   11|           7|           8|
    |icmp_ln887_21_fu_3998_p2         |   icmp   |      0|  0|    9|           2|           3|
    |icmp_ln887_22_fu_4935_p2         |   icmp   |      0|  0|   11|           5|           6|
    |icmp_ln887_23_fu_4061_p2         |   icmp   |      0|  0|    8|           2|           2|
    |icmp_ln887_24_fu_4163_p2         |   icmp   |      0|  0|    9|           2|           3|
    |icmp_ln887_25_fu_4116_p2         |   icmp   |      0|  0|    8|           2|           2|
    |icmp_ln887_26_fu_4431_p2         |   icmp   |      0|  0|    9|           2|           3|
    |icmp_ln887_27_fu_4211_p2         |   icmp   |      0|  0|   11|           4|           5|
    |icmp_ln887_28_fu_4443_p2         |   icmp   |      0|  0|    9|           2|           3|
    |icmp_ln887_29_fu_4286_p2         |   icmp   |      0|  0|   11|           4|           5|
    |icmp_ln887_30_fu_4558_p2         |   icmp   |      0|  0|   11|           7|           8|
    |icmp_ln887_31_fu_4485_p2         |   icmp   |      0|  0|   11|           4|           5|
    |icmp_ln887_32_fu_4532_p2         |   icmp   |      0|  0|    9|           4|           4|
    |icmp_ln887_33_fu_4614_p2         |   icmp   |      0|  0|    9|           2|           3|
    |icmp_ln887_fu_2932_p2            |   icmp   |      0|  0|   11|           6|           7|
    |lshr_ln647_fu_4973_p2            |   lshr   |      0|  0|   13|           2|           6|
    |lshr_ln808_fu_4955_p2            |   lshr   |      0|  0|   11|           4|           4|
    |r_V_fu_2685_p2                   |   lshr   |      0|  0|   11|           2|           4|
    |or_ln1353_1_fu_2804_p2           |    or    |      0|  0|    6|           1|           3|
    |or_ln1353_2_fu_2868_p2           |    or    |      0|  0|    6|           3|           1|
    |or_ln1353_fu_2740_p2             |    or    |      0|  0|    6|           2|           1|
    |or_ln180_10_fu_3122_p2           |    or    |      0|  0|   12|          12|           4|
    |or_ln180_11_fu_3136_p2           |    or    |      0|  0|   12|          12|           4|
    |or_ln180_12_fu_3150_p2           |    or    |      0|  0|   12|          12|           4|
    |or_ln180_13_fu_3164_p2           |    or    |      0|  0|   12|          12|           4|
    |or_ln180_14_fu_3178_p2           |    or    |      0|  0|   12|          12|           4|
    |or_ln180_15_fu_3192_p2           |    or    |      0|  0|   12|          12|           5|
    |or_ln180_16_fu_3206_p2           |    or    |      0|  0|   12|          12|           5|
    |or_ln180_17_fu_3220_p2           |    or    |      0|  0|   12|          12|           5|
    |or_ln180_18_fu_3234_p2           |    or    |      0|  0|   12|          12|           5|
    |or_ln180_19_fu_3248_p2           |    or    |      0|  0|   12|          12|           5|
    |or_ln180_1_fu_2996_p2            |    or    |      0|  0|   12|          12|           2|
    |or_ln180_20_fu_3262_p2           |    or    |      0|  0|   12|          12|           5|
    |or_ln180_21_fu_3276_p2           |    or    |      0|  0|   12|          12|           5|
    |or_ln180_22_fu_3290_p2           |    or    |      0|  0|   12|          12|           5|
    |or_ln180_23_fu_3304_p2           |    or    |      0|  0|   12|          12|           5|
    |or_ln180_24_fu_3318_p2           |    or    |      0|  0|   12|          12|           5|
    |or_ln180_25_fu_3332_p2           |    or    |      0|  0|   12|          12|           5|
    |or_ln180_26_fu_3346_p2           |    or    |      0|  0|   12|          12|           5|
    |or_ln180_27_fu_3360_p2           |    or    |      0|  0|   12|          12|           5|
    |or_ln180_28_fu_3374_p2           |    or    |      0|  0|   12|          12|           5|
    |or_ln180_29_fu_3388_p2           |    or    |      0|  0|   12|          12|           5|
    |or_ln180_2_fu_3010_p2            |    or    |      0|  0|   12|          12|           2|
    |or_ln180_30_fu_3402_p2           |    or    |      0|  0|   12|          12|           5|
    |or_ln180_31_fu_3416_p2           |    or    |      0|  0|   12|          12|           6|
    |or_ln180_32_fu_3430_p2           |    or    |      0|  0|   12|          12|           6|
    |or_ln180_33_fu_3444_p2           |    or    |      0|  0|   12|          12|           6|
    |or_ln180_34_fu_3458_p2           |    or    |      0|  0|   12|          12|           6|
    |or_ln180_35_fu_3472_p2           |    or    |      0|  0|   12|          12|           6|
    |or_ln180_36_fu_3486_p2           |    or    |      0|  0|   12|          12|           6|
    |or_ln180_37_fu_3500_p2           |    or    |      0|  0|   12|          12|           6|
    |or_ln180_38_fu_3514_p2           |    or    |      0|  0|   12|          12|           6|
    |or_ln180_39_fu_3528_p2           |    or    |      0|  0|   12|          12|           6|
    |or_ln180_3_fu_3024_p2            |    or    |      0|  0|   12|          12|           3|
    |or_ln180_40_fu_3542_p2           |    or    |      0|  0|   12|          12|           6|
    |or_ln180_41_fu_3556_p2           |    or    |      0|  0|   12|          12|           6|
    |or_ln180_42_fu_3570_p2           |    or    |      0|  0|   12|          12|           6|
    |or_ln180_43_fu_3584_p2           |    or    |      0|  0|   12|          12|           6|
    |or_ln180_44_fu_3598_p2           |    or    |      0|  0|   12|          12|           6|
    |or_ln180_45_fu_3612_p2           |    or    |      0|  0|   12|          12|           6|
    |or_ln180_46_fu_3626_p2           |    or    |      0|  0|   12|          12|           6|
    |or_ln180_47_fu_3640_p2           |    or    |      0|  0|   12|          12|           6|
    |or_ln180_48_fu_3654_p2           |    or    |      0|  0|   12|          12|           6|
    |or_ln180_49_fu_3668_p2           |    or    |      0|  0|   12|          12|           6|
    |or_ln180_4_fu_3038_p2            |    or    |      0|  0|   12|          12|           3|
    |or_ln180_50_fu_3682_p2           |    or    |      0|  0|   12|          12|           6|
    |or_ln180_51_fu_3696_p2           |    or    |      0|  0|   12|          12|           6|
    |or_ln180_52_fu_3710_p2           |    or    |      0|  0|   12|          12|           6|
    |or_ln180_53_fu_3724_p2           |    or    |      0|  0|   12|          12|           6|
    |or_ln180_54_fu_3738_p2           |    or    |      0|  0|   12|          12|           6|
    |or_ln180_55_fu_3752_p2           |    or    |      0|  0|   12|          12|           6|
    |or_ln180_56_fu_3766_p2           |    or    |      0|  0|   12|          12|           6|
    |or_ln180_57_fu_3780_p2           |    or    |      0|  0|   12|          12|           6|
    |or_ln180_58_fu_3794_p2           |    or    |      0|  0|   12|          12|           6|
    |or_ln180_59_fu_3808_p2           |    or    |      0|  0|   12|          12|           6|
    |or_ln180_5_fu_3052_p2            |    or    |      0|  0|   12|          12|           3|
    |or_ln180_60_fu_3822_p2           |    or    |      0|  0|   12|          12|           6|
    |or_ln180_61_fu_3836_p2           |    or    |      0|  0|   12|          12|           6|
    |or_ln180_62_fu_3850_p2           |    or    |      0|  0|   12|          12|           6|
    |or_ln180_6_fu_3066_p2            |    or    |      0|  0|   12|          12|           3|
    |or_ln180_7_fu_3080_p2            |    or    |      0|  0|   12|          12|           4|
    |or_ln180_8_fu_3094_p2            |    or    |      0|  0|   12|          12|           4|
    |or_ln180_9_fu_3108_p2            |    or    |      0|  0|   12|          12|           4|
    |or_ln180_fu_2957_p2              |    or    |      0|  0|   12|          12|           1|
    |or_ln555_fu_4892_p2              |    or    |      0|  0|    6|           6|           1|
    |or_ln879_2_fu_4416_p2            |    or    |      0|  0|    6|           1|           1|
    |or_ln879_fu_4369_p2              |    or    |      0|  0|    6|           1|           1|
    |select_ln1353_fu_2717_p3         |  select  |      0|  0|    2|           1|           2|
    |select_ln284_1_fu_3948_p3        |  select  |      0|  0|    3|           1|           1|
    |select_ln284_fu_3940_p3          |  select  |      0|  0|   16|           1|          16|
    |select_ln50_fu_4328_p3           |  select  |      0|  0|    2|           1|           2|
    |select_ln791_fu_4040_p3          |  select  |      0|  0|   64|           1|          64|
    |select_ln879_5_fu_4375_p3        |  select  |      0|  0|    2|           1|           2|
    |select_ln879_6_fu_4408_p3        |  select  |      0|  0|    2|           1|           2|
    |select_ln879_fu_4361_p3          |  select  |      0|  0|    2|           1|           2|
    |select_ln883_1_fu_4607_p3        |  select  |      0|  0|    8|           1|           8|
    |select_ln883_fu_4600_p3          |  select  |      0|  0|    8|           1|           1|
    |word_buffer_V_d1                 |  select  |      0|  0|    2|           1|           2|
    |wt_word_buffer_1_V_5_fu_3974_p3  |  select  |      0|  0|   64|           1|          64|
    |wt_word_buffer_1_V_6_fu_3981_p3  |  select  |      0|  0|   64|           1|          64|
    |pool_width_V_fu_4765_p2          |    shl   |      0|  0|   12|           1|           5|
    |shl_ln227_fu_2665_p2             |    shl   |      0|  0|   17|           1|           7|
    |shl_ln790_fu_4964_p2             |    shl   |      0|  0|   12|           5|           5|
    |words_per_image_V_fu_2923_p2     |    shl   |      0|  0|   12|           1|           5|
    |xor_ln879_2_fu_2906_p2           |    xor   |      0|  0|    6|           1|           2|
    |xor_ln879_3_fu_4355_p2           |    xor   |      0|  0|    6|           1|           2|
    |xor_ln879_4_fu_4402_p2           |    xor   |      0|  0|    6|           1|           2|
    |xor_ln879_fu_2710_p2             |    xor   |      0|  0|    6|           1|           2|
    +---------------------------------+----------+-------+---+-----+------------+------------+
    |Total                            |          |      0|  0| 2616|        1398|        1124|
    +---------------------------------+----------+-------+---+-----+------------+------------+

    * Multiplexer: 
    +-------------------------------------------+-----+-----------+-----+-----------+
    |                    Name                   | LUT | Input Size| Bits| Total Bits|
    +-------------------------------------------+-----+-----------+-----+-----------+
    |ap_NS_fsm                                  |  545|        128|    1|        128|
    |ap_phi_mux_outword_V_loc_0_phi_fu_2574_p8  |   15|          3|   64|        192|
    |ap_phi_mux_p_02183_2_0_phi_fu_2603_p8      |   15|          3|   16|         48|
    |ap_phi_mux_p_02221_2_0_phi_fu_2590_p8      |   15|          3|    1|          3|
    |conv_out_buffer_V_address0                 |   15|          3|    7|         21|
    |conv_out_buffer_V_ce0                      |   15|          3|    1|          3|
    |conv_out_buffer_V_we0                      |    9|          2|    1|          2|
    |conv_params_V_address0                     |   15|          3|    5|         15|
    |conv_params_V_ce0                          |   15|          3|    1|          3|
    |dmem_V_6_address0                          |   15|          3|   12|         36|
    |fixed_buffer_V_address0                    |  437|         99|   11|       1089|
    |fixed_buffer_V_address1                    |  437|         99|   11|       1089|
    |fixed_buffer_V_d0                          |   15|          3|   12|         36|
    |fixed_buffer_V_d1                          |   21|          4|   12|         48|
    |fixed_temp_V_address0                      |  297|         66|    6|        396|
    |fixed_temp_V_address1                      |  297|         66|    6|        396|
    |fixed_temp_V_d1                            |   15|          3|   12|         36|
    |grp_fu_2630_p1                             |   15|          3|    3|          9|
    |lb_address0                                |   33|          6|    3|         18|
    |lb_address1                                |   27|          5|    3|         15|
    |lb_ce0                                     |   15|          3|    1|          3|
    |lb_d0                                      |   27|          5|    1|          5|
    |lb_d1                                      |   27|          5|    1|          5|
    |old_word_buffer_V_address0                 |   15|          3|    8|         24|
    |old_word_buffer_V_ce0                      |   15|          3|    1|          3|
    |old_word_buffer_V_ce1                      |    9|          2|    1|          2|
    |outword_V                                  |   15|          3|   64|        192|
    |outword_V_loc_0_reg_2571                   |   21|          4|   64|        256|
    |p_01092_0_0_reg_2412                       |    9|          2|    2|          4|
    |p_01159_0_0_reg_2457                       |    9|          2|    7|         14|
    |p_01195_0_0_reg_2446                       |    9|          2|    4|          8|
    |p_01205_0_0_reg_2435                       |    9|          2|    4|          8|
    |p_01215_0_0_reg_2424                       |    9|          2|    2|          4|
    |p_01296_0_0_reg_2480                       |    9|          2|    2|          4|
    |p_01300_0_0_reg_2468                       |    9|          2|    6|         12|
    |p_01321_0_reg_2491                         |    9|          2|    6|         12|
    |p_01464_0_reg_2503                         |    9|          2|    7|         14|
    |p_01576_0_0_reg_2526                       |    9|          2|    7|         14|
    |p_01698_0_0_reg_2538                       |    9|          2|    6|         12|
    |p_02183_2_0_reg_2600                       |   15|          3|   16|         48|
    |p_02221_2_0_reg_2587                       |    9|          2|    1|          2|
    |p_0427_0_reg_2276                          |    9|          2|    6|         12|
    |p_0503_0_0_reg_2322                        |    9|          2|    2|          4|
    |p_0523_0_0_reg_2311                        |    9|          2|    7|         14|
    |p_0560_0_0_reg_2355                        |    9|          2|    2|          4|
    |p_0570_0_0_reg_2344                        |    9|          2|    2|          4|
    |p_0709_0_0_reg_2366                        |    9|          2|    2|          4|
    |p_0718_0_0_reg_2401                        |    9|          2|    4|          8|
    |p_0728_0_0_reg_2389                        |    9|          2|    4|          8|
    |p_0783_0_0_reg_2377                        |    9|          2|    2|          4|
    |p_Val2_33_0_reg_2560                       |    9|          2|    5|         10|
    |phi_mul_reg_2333                           |    9|          2|   13|         26|
    |rb_address0                                |   33|          6|    3|         18|
    |rb_address1                                |   27|          5|    3|         15|
    |rb_ce0                                     |   15|          3|    1|          3|
    |rb_d0                                      |   27|          5|    1|          5|
    |rb_d1                                      |   27|          5|    1|          5|
    |t_V_0_reg_2287                             |    9|          2|    8|         16|
    |t_V_2_0_reg_2299                           |    9|          2|    8|         16|
    |word_buffer_V_address0                     |   21|          4|    8|         32|
    |word_buffer_V_address1                     |   21|          4|    8|         32|
    |word_buffer_V_ce0                          |   15|          3|    1|          3|
    |word_buffer_V_ce1                          |   15|          3|    1|          3|
    |word_buffer_V_d0                           |   15|          3|    2|          6|
    |wt_addr_V_0_fu_512                         |    9|          2|   16|         32|
    |wt_offset_V_0_fu_516                       |    9|          2|    3|          6|
    +-------------------------------------------+-----+-----------+-----+-----------+
    |Total                                      | 2886|        634|  512|       4519|
    +-------------------------------------------+-----+-----------+-----+-----------+

    * Register: 
    +---------------------------------------+-----+----+-----+-----------+
    |                  Name                 |  FF | LUT| Bits| Const Bits|
    +---------------------------------------+-----+----+-----+-----------+
    |add_ln180_23_reg_5873                  |    8|   0|    9|          1|
    |add_ln180_28_reg_5937                  |    8|   0|    9|          1|
    |add_ln700_16_reg_6408                  |    7|   0|    7|          0|
    |add_ln700_19_reg_5793                  |    2|   0|    2|          0|
    |add_ln700_21_reg_5817                  |    2|   0|    2|          0|
    |add_ln700_24_reg_5843                  |    2|   0|    2|          0|
    |add_ln700_25_reg_5906                  |    2|   0|    2|          0|
    |add_ln700_26_reg_5868                  |    4|   0|    4|          0|
    |add_ln700_28_reg_5914                  |    2|   0|    2|          0|
    |add_ln700_31_reg_5742                  |    7|   0|    7|          0|
    |add_ln700_32_reg_5932                  |    4|   0|    4|          0|
    |add_ln700_33_reg_5945                  |    4|   0|    4|          0|
    |add_ln700_36_reg_5992                  |    2|   0|    2|          0|
    |add_ln700_37_reg_5963                  |    7|   0|    7|          0|
    |add_ln700_reg_5759                     |    2|   0|    2|          0|
    |add_ln808_1_reg_5764                   |   13|   0|   13|          0|
    |ap_CS_fsm                              |  127|   0|  127|          0|
    |b_V_reg_6342                           |    7|   0|    7|          0|
    |dmem_V_5_load_reg_5858                 |   64|   0|   64|          0|
    |fixed_buffer_V_addr_130_reg_5973       |   11|   0|   11|          0|
    |fixed_temp_V_addr_2_reg_6352           |    6|   0|    6|          0|
    |grp_process_word_fu_2613_ap_start_reg  |    1|   0|    1|          0|
    |i_V_reg_5632                           |    6|   0|    6|          0|
    |icmp_ln879_10_reg_5164                 |    1|   0|    1|          0|
    |icmp_ln879_11_reg_5169                 |    1|   0|    1|          0|
    |icmp_ln879_12_reg_5174                 |    1|   0|    1|          0|
    |icmp_ln879_13_reg_5179                 |    1|   0|    1|          0|
    |icmp_ln879_14_reg_5184                 |    1|   0|    1|          0|
    |icmp_ln879_15_reg_5189                 |    1|   0|    1|          0|
    |icmp_ln879_16_reg_5194                 |    1|   0|    1|          0|
    |icmp_ln879_17_reg_5199                 |    1|   0|    1|          0|
    |icmp_ln879_18_reg_5747                 |    1|   0|    1|          0|
    |icmp_ln879_19_reg_6387                 |    1|   0|    1|          0|
    |icmp_ln879_20_reg_6391                 |    1|   0|    1|          0|
    |icmp_ln879_7_reg_5149                  |    1|   0|    1|          0|
    |icmp_ln879_8_reg_5154                  |    1|   0|    1|          0|
    |icmp_ln879_9_reg_5159                  |    1|   0|    1|          0|
    |icmp_ln883_1_reg_5808                  |    1|   0|    1|          0|
    |icmp_ln883_reg_6335                    |    1|   0|    1|          0|
    |log_slice_V_reg_5132                   |    2|   0|    3|          1|
    |log_width_V_reg_5138                   |    3|   0|    3|          0|
    |o_bank_idx_V_1_reg_6395                |    1|   0|    1|          0|
    |o_bank_offset_V_2_reg_6400             |   13|   0|   16|          3|
    |o_bank_offset_V_reg_6380               |   16|   0|   16|          0|
    |outword_V                              |   64|   0|   64|          0|
    |outword_V_load_reg_6418                |   64|   0|   64|          0|
    |outword_V_loc_0_reg_2571               |   64|   0|   64|          0|
    |p_01092_0_0_reg_2412                   |    2|   0|    2|          0|
    |p_01159_0_0_reg_2457                   |    7|   0|    7|          0|
    |p_01195_0_0_reg_2446                   |    4|   0|    4|          0|
    |p_01205_0_0_reg_2435                   |    4|   0|    4|          0|
    |p_01215_0_0_reg_2424                   |    2|   0|    2|          0|
    |p_01296_0_0_reg_2480                   |    2|   0|    2|          0|
    |p_01300_0_0_reg_2468                   |    6|   0|    6|          0|
    |p_01321_0_reg_2491                     |    6|   0|    6|          0|
    |p_01464_0_reg_2503                     |    7|   0|    7|          0|
    |p_01576_0_0_reg_2526                   |    7|   0|    7|          0|
    |p_01698_0_0_reg_2538                   |    6|   0|    6|          0|
    |p_02183_2_0_reg_2600                   |   16|   0|   16|          0|
    |p_02221_2_0_reg_2587                   |    1|   0|    1|          0|
    |p_0427_0_reg_2276                      |    6|   0|    6|          0|
    |p_0503_0_0_reg_2322                    |    2|   0|    2|          0|
    |p_0523_0_0_reg_2311                    |    7|   0|    7|          0|
    |p_0560_0_0_reg_2355                    |    2|   0|    2|          0|
    |p_0570_0_0_reg_2344                    |    2|   0|    2|          0|
    |p_0709_0_0_reg_2366                    |    2|   0|    2|          0|
    |p_0718_0_0_reg_2401                    |    4|   0|    4|          0|
    |p_0728_0_0_reg_2389                    |    4|   0|    4|          0|
    |p_0783_0_0_reg_2377                    |    2|   0|    2|          0|
    |p_Val2_0_reg_2514                      |   64|   0|   64|          0|
    |p_Val2_25_0_fu_520                     |   32|   0|   32|          0|
    |p_Val2_28_0_reg_2549                   |   64|   0|   64|          0|
    |p_Val2_33_0_reg_2560                   |    5|   0|    5|          0|
    |phi_mul_reg_2333                       |   13|   0|   13|          0|
    |pool_width_V_reg_6375                  |    5|   0|    5|          0|
    |ret_V_reg_6363                         |    1|   0|    1|          0|
    |select_ln284_1_reg_5785                |    3|   0|    3|          0|
    |select_ln284_reg_5780                  |   16|   0|   16|          0|
    |select_ln791_reg_5803                  |   64|   0|   64|          0|
    |sext_ln180_reg_5798                    |    6|   0|    6|          0|
    |sext_ln700_1_cast_reg_5924             |    7|   0|   13|          6|
    |shl_ln4_reg_5888                       |    3|   0|    6|          3|
    |sub_ln180_2_reg_5822                   |    6|   0|    6|          0|
    |sub_ln555_reg_5827                     |    5|   0|    5|          0|
    |t_V_0_reg_2287                         |    8|   0|    8|          0|
    |t_V_2_0_reg_2299                       |    8|   0|    8|          0|
    |tmp_108_reg_5144                       |    1|   0|    1|          0|
    |tmp_111_reg_5637                       |    6|   0|   12|          6|
    |trunc_ln180_reg_5774                   |    1|   0|    1|          0|
    |trunc_ln887_reg_5751                   |   14|   0|   14|          0|
    |word_buffer_V_addr_1_reg_5878          |    7|   0|    8|          1|
    |word_buffer_V_addr_3_reg_5883          |    7|   0|    8|          1|
    |words_per_image_V_reg_5617             |    5|   0|    5|          0|
    |wt_addr_V_0_fu_512                     |   16|   0|   16|          0|
    |wt_offset_V_0_fu_516                   |    3|   0|    3|          0|
    |wt_word_buffer_1_V_3_fu_508            |   64|   0|   64|          0|
    |wt_word_buffer_1_V_fu_504              |   64|   0|   64|          0|
    |zext_ln180_51_reg_5950                 |    9|   0|   64|         55|
    |zext_ln209_reg_5729                    |    5|   0|    8|          3|
    |zext_ln217_reg_5624                    |    3|   0|    5|          2|
    |zext_ln252_reg_5734                    |    1|   0|    3|          2|
    |zext_ln316_2_reg_5853                  |    2|   0|    6|          4|
    |zext_ln379_reg_6330                    |    6|   0|   13|          7|
    |zext_ln391_reg_6370                    |    3|   0|    4|          1|
    |zext_ln700_3_reg_5968                  |    7|   0|    9|          2|
    |zext_ln887_2_reg_5919                  |    2|   0|    6|          4|
    +---------------------------------------+-----+----+-----+-----------+
    |Total                                  | 1178|   0| 1281|        103|
    +---------------------------------------+-----+----+-----+-----------+



================================================================
== Interface
================================================================
* Summary: 
+---------------------+-----+-----+------------+--------------+--------------+
|      RTL Ports      | Dir | Bits|  Protocol  | Source Object|    C Type    |
+---------------------+-----+-----+------------+--------------+--------------+
|ap_clk               |  in |    1| ap_ctrl_hs |   bin_conv   | return value |
|ap_rst               |  in |    1| ap_ctrl_hs |   bin_conv   | return value |
|ap_start             |  in |    1| ap_ctrl_hs |   bin_conv   | return value |
|ap_done              | out |    1| ap_ctrl_hs |   bin_conv   | return value |
|ap_idle              | out |    1| ap_ctrl_hs |   bin_conv   | return value |
|ap_ready             | out |    1| ap_ctrl_hs |   bin_conv   | return value |
|wt_mem_V_6_address0  | out |   13|  ap_memory |  wt_mem_V_6  |     array    |
|wt_mem_V_6_ce0       | out |    1|  ap_memory |  wt_mem_V_6  |     array    |
|wt_mem_V_6_q0        |  in |   64|  ap_memory |  wt_mem_V_6  |     array    |
|nc_V                 |  in |   16|   ap_none  |     nc_V     |    scalar    |
|dmem_V_6_address0    | out |   12|  ap_memory |   dmem_V_6   |     array    |
|dmem_V_6_ce0         | out |    1|  ap_memory |   dmem_V_6   |     array    |
|dmem_V_6_we0         | out |    1|  ap_memory |   dmem_V_6   |     array    |
|dmem_V_6_d0          | out |   64|  ap_memory |   dmem_V_6   |     array    |
|dmem_V_6_q0          |  in |   64|  ap_memory |   dmem_V_6   |     array    |
|d_i_idx_V            |  in |    1|   ap_none  |   d_i_idx_V  |    scalar    |
|d_o_idx_V            |  in |    1|   ap_none  |   d_o_idx_V  |    scalar    |
|o_index_V_6          |  in |   16|   ap_none  |  o_index_V_6 |    scalar    |
|width_mode_V         |  in |    2|   ap_none  | width_mode_V |    scalar    |
|norm_mode_V          |  in |    2|   ap_none  |  norm_mode_V |    scalar    |
+---------------------+-----+-----+------------+--------------+--------------+

