

================================================================
== Vivado HLS Report for 'fp_conv'
================================================================
* Date:           Fri Mar 26 21:30:55 2021

* Version:        2019.1 (Build 2552052 on Fri May 24 15:28:33 MDT 2019)
* Project:        BNN_6
* Solution:       solution1
* Product family: kintex7
* Target device:  xc7k70t-fbv676-1


================================================================
== Performance Estimates
================================================================
+ Timing (ns): 
    * Summary: 
    +--------+-------+----------+------------+
    |  Clock | Target| Estimated| Uncertainty|
    +--------+-------+----------+------------+
    |ap_clk  |  12.00|     7.644|        1.50|
    +--------+-------+----------+------------+

+ Latency (clock cycles): 
    * Summary: 
    +-----+-------------+-----+-------------+---------+
    |      Latency      |      Interval     | Pipeline|
    | min |     max     | min |     max     |   Type  |
    +-----+-------------+-----+-------------+---------+
    |    1|  11438872111|    1|  11438872111|   none  |
    +-----+-------------+-----+-------------+---------+

    + Detail: 
        * Instance: 
        N/A

        * Loop: 
        +---------------------------------+-------+-------------+----------------+-----------+-----------+-----------+----------+
        |                                 |       Latency       |    Iteration   |  Initiation Interval  |    Trip   |          |
        |            Loop Name            |  min  |     max     |     Latency    |  achieved |   target  |   Count   | Pipelined|
        +---------------------------------+-------+-------------+----------------+-----------+-----------+-----------+----------+
        |- LOOP_FP_CONV_O                 |      0|  11438872110| 89604 ~ 174546 |          -|          -| 0 ~ 65535 |    no    |
        | + LOOP_RESET_LINEBUFFERS        |    198|          198|              66|          -|          -|          3|    no    |
        |  ++ PROLOG_COLS                 |     64|           64|               2|          -|          -|         32|    no    |
        | + LOOP_LOAD_WTS                 |      3|            3|               1|          -|          -|          3|    no    |
        | + LOOP_CONV_ROWS                |  89364|       174306|   2708 ~ 5282  |          -|          -|         33|    no    |
        |  ++ LOOP_CONV_COLS              |   2706|         5280|    82 ~ 160    |          -|          -|         33|    no    |
        |   +++ LOOP_CONV_COLS.1          |     78|           78|              26|          -|          -|          3|    no    |
        |    ++++ LOOP_CONV_COLS.1.1      |     18|           18|               6|          -|          -|          3|    no    |
        |     +++++ LOOP_CONV_COLS.1.1.1  |      4|            4|               2|          -|          -|          2|    no    |
        |    ++++ LOOP_CONV_COLS.1.2      |      4|            4|               2|          -|          -|          2|    no    |
        |   +++ LOOP_CONV_COLS.2          |     78|           78|              26|          -|          -|          3|    no    |
        |    ++++ LOOP_CONV_COLS.2.1      |     24|           24|               8|          -|          -|          3|    no    |
        |     +++++ LOOP_CONV_COLS.2.1.1  |      6|            6|               2|          -|          -|          3|    no    |
        | + LOOP_OUTPUT                   |     32|           32|               2|          -|          -|         16|    no    |
        +---------------------------------+-------+-------------+----------------+-----------+-----------+-----------+----------+



================================================================
== Utilization Estimates
================================================================
* Summary: 
+-----------------+---------+-------+-------+-------+-----+
|       Name      | BRAM_18K| DSP48E|   FF  |  LUT  | URAM|
+-----------------+---------+-------+-------+-------+-----+
|DSP              |        -|      -|      -|      -|    -|
|Expression       |        -|      -|      0|   2447|    -|
|FIFO             |        -|      -|      -|      -|    -|
|Instance         |        -|      -|      0|     15|    -|
|Memory           |        4|      -|     40|      9|    0|
|Multiplexer      |        -|      -|      -|    435|    -|
|Register         |        -|      -|    541|      -|    -|
+-----------------+---------+-------+-------+-------+-----+
|Total            |        4|      0|    581|   2906|    0|
+-----------------+---------+-------+-------+-------+-----+
|Available        |      270|    240|  82000|  41000|    0|
+-----------------+---------+-------+-------+-------+-----+
|Utilization (%)  |        1|      0|   ~0  |      7|    0|
+-----------------+---------+-------+-------+-------+-----+

+ Detail: 
    * Instance: 
    +----------------------+------------------+---------+-------+---+----+-----+
    |       Instance       |      Module      | BRAM_18K| DSP48E| FF| LUT| URAM|
    +----------------------+------------------+---------+-------+---+----+-----+
    |top_mux_32_9_1_1_U41  |top_mux_32_9_1_1  |        0|      0|  0|  15|    0|
    +----------------------+------------------+---------+-------+---+----+-----+
    |Total                 |                  |        0|      0|  0|  15|    0|
    +----------------------+------------------+---------+-------+---+----+-----+

    * DSP48E: 
    N/A

    * Memory: 
    +--------------+--------------------+---------+----+----+-----+------+-----+------+-------------+
    |    Memory    |       Module       | BRAM_18K| FF | LUT| URAM| Words| Bits| Banks| W*Bits*Banks|
    +--------------+--------------------+---------+----+----+-----+------+-----+------+-------------+
    |lbuf_V_U      |fp_conv_lbuf_V      |        2|   0|   0|    0|   192|   20|     1|         3840|
    |outwords_V_U  |fp_conv_outwords_V  |        2|   0|   0|    0|    16|   64|     1|         1024|
    |win_V_U       |fp_conv_win_V       |        0|  40|   9|    0|    27|   20|     1|          540|
    +--------------+--------------------+---------+----+----+-----+------+-----+------+-------------+
    |Total         |                    |        4|  40|   9|    0|   235|  104|     3|         5404|
    +--------------+--------------------+---------+----+----+-----+------+-----+------+-------------+

    * FIFO: 
    N/A

    * Expression: 
    +---------------------------+----------+-------+---+-----+------------+------------+
    |       Variable Name       | Operation| DSP48E| FF| LUT | Bitwidth P0| Bitwidth P1|
    +---------------------------+----------+-------+---+-----+------------+------------+
    |Hi_1_fu_1367_p2            |     +    |      0|  0|   15|           5|           7|
    |Hi_fu_778_p2               |     +    |      0|  0|   15|           4|           6|
    |add_ln180_21_fu_2031_p2    |     +    |      0|  0|   14|          14|          14|
    |add_ln180_fu_2037_p2       |     +    |      0|  0|   14|          14|          14|
    |add_ln203_1_fu_1515_p2     |     +    |      0|  0|   14|           6|           6|
    |add_ln203_2_fu_1521_p2     |     +    |      0|  0|   14|           4|           6|
    |add_ln203_3_fu_1566_p2     |     +    |      0|  0|   16|           9|           9|
    |add_ln203_4_fu_1616_p2     |     +    |      0|  0|   15|           6|           6|
    |add_ln203_5_fu_1692_p2     |     +    |      0|  0|   15|           6|           6|
    |add_ln203_6_fu_1730_p2     |     +    |      0|  0|   14|           2|           6|
    |add_ln203_7_fu_1649_p2     |     +    |      0|  0|   15|           6|           6|
    |add_ln203_8_fu_1658_p2     |     +    |      0|  0|   15|           6|           6|
    |add_ln203_fu_725_p2        |     +    |      0|  0|   16|           9|           9|
    |add_ln209_fu_907_p2        |     +    |      0|  0|   18|          11|          11|
    |add_ln496_fu_698_p2        |     +    |      0|  0|   19|          12|          12|
    |add_ln535_1_fu_1710_p2     |     +    |      0|  0|   16|           9|           9|
    |add_ln535_fu_1697_p2       |     +    |      0|  0|   13|           4|           4|
    |add_ln555_fu_1808_p2       |     +    |      0|  0|   15|           6|           2|
    |add_ln557_1_fu_1945_p2     |     +    |      0|  0|   15|           6|           6|
    |add_ln557_fu_1884_p2       |     +    |      0|  0|   15|           6|           6|
    |add_ln791_fu_1923_p2       |     +    |      0|  0|   14|           4|           5|
    |addr_V_fu_1271_p2          |     +    |      0|  0|   18|          11|          11|
    |bvh_d_index_fu_1818_p2     |     +    |      0|  0|   15|           7|           7|
    |c_V_1_fu_1257_p2           |     +    |      0|  0|   15|           6|           1|
    |c_V_fu_715_p2              |     +    |      0|  0|   15|           6|           1|
    |i_V_fu_2014_p2             |     +    |      0|  0|   15|           5|           1|
    |img_idx_V_fu_1220_p2       |     +    |      0|  0|   23|          16|          16|
    |m_V_1_fu_649_p2            |     +    |      0|  0|   10|           2|           1|
    |m_V_2_fu_1755_p2           |     +    |      0|  0|   10|           2|           1|
    |m_V_3_fu_1343_p2           |     +    |      0|  0|   10|           2|           1|
    |m_V_fu_754_p2              |     +    |      0|  0|   10|           2|           1|
    |n_V_fu_637_p2              |     +    |      0|  0|   17|           1|          10|
    |off_V_fu_931_p2            |     +    |      0|  0|   10|           2|           2|
    |r_V_fu_1063_p2             |     +    |      0|  0|   15|           6|           1|
    |res_V_fu_2002_p2           |     +    |      0|  0|   31|          24|          24|
    |ret_V_10_fu_1276_p2        |     +    |      0|  0|   17|          10|          10|
    |ret_V_12_fu_1083_p2        |     +    |      0|  0|   15|           2|           6|
    |ret_V_14_fu_1639_p2        |     +    |      0|  0|   10|           2|           1|
    |wc_V_1_fu_1935_p2          |     +    |      0|  0|   10|           2|           1|
    |wr_V_1_fu_1874_p2          |     +    |      0|  0|   10|           2|           1|
    |wr_V_2_fu_1678_p2          |     +    |      0|  0|   10|           2|           1|
    |wr_V_fu_1606_p2            |     +    |      0|  0|   10|           2|           1|
    |empty_56_fu_1917_p2        |     -    |      0|  0|   14|           5|           5|
    |sub_ln1371_1_fu_1121_p2    |     -    |      0|  0|   15|           1|           7|
    |sub_ln1371_fu_1097_p2      |     -    |      0|  0|   15|           1|           6|
    |sub_ln203_1_fu_1627_p2     |     -    |      0|  0|   15|           6|           6|
    |sub_ln203_2_fu_1725_p2     |     -    |      0|  0|   14|           6|           6|
    |sub_ln203_fu_1493_p2       |     -    |      0|  0|   15|           5|           5|
    |sub_ln555_fu_1178_p2       |     -    |      0|  0|   10|           1|           2|
    |sub_ln557_1_fu_1895_p2     |     -    |      0|  0|   15|           6|           6|
    |sub_ln557_fu_1786_p2       |     -    |      0|  0|   15|           5|           5|
    |sub_ln647_1_fu_823_p2      |     -    |      0|  0|   15|           7|           7|
    |sub_ln647_2_fu_852_p2      |     -    |      0|  0|   15|           6|           7|
    |sub_ln647_3_fu_1396_p2     |     -    |      0|  0|   15|           7|           7|
    |sub_ln647_4_fu_1408_p2     |     -    |      0|  0|   15|           7|           7|
    |sub_ln647_5_fu_1437_p2     |     -    |      0|  0|   15|           6|           7|
    |sub_ln647_fu_811_p2        |     -    |      0|  0|   15|           7|           7|
    |sub_ln703_fu_1985_p2       |     -    |      0|  0|   27|           1|          20|
    |sub_ln791_fu_1959_p2       |     -    |      0|  0|   15|           5|           5|
    |and_ln791_fu_1974_p2       |    and   |      0|  0|    9|           9|           9|
    |and_ln879_1_fu_975_p2      |    and   |      0|  0|    6|           1|           1|
    |and_ln879_fu_957_p2        |    and   |      0|  0|    6|           1|           1|
    |p_Result_4_fu_878_p2       |    and   |      0|  0|   64|          64|          64|
    |p_Result_5_fu_1463_p2      |    and   |      0|  0|   64|          64|          64|
    |icmp_ln1496_fu_1827_p2     |   icmp   |      0|  0|   18|          24|          24|
    |icmp_ln647_1_fu_1377_p2    |   icmp   |      0|  0|   18|          32|          32|
    |icmp_ln647_fu_788_p2       |   icmp   |      0|  0|   18|          32|          32|
    |icmp_ln879_3_fu_941_p2     |   icmp   |      0|  0|    8|           2|           1|
    |icmp_ln879_4_fu_946_p2     |   icmp   |      0|  0|    9|           2|           3|
    |icmp_ln879_fu_936_p2       |   icmp   |      0|  0|    8|           2|           1|
    |icmp_ln883_fu_1327_p2      |   icmp   |      0|  0|   11|           6|           7|
    |icmp_ln887_10_fu_1600_p2   |   icmp   |      0|  0|    8|           2|           2|
    |icmp_ln887_11_fu_1749_p2   |   icmp   |      0|  0|    8|           2|           2|
    |icmp_ln887_12_fu_1672_p2   |   icmp   |      0|  0|    9|           2|           3|
    |icmp_ln887_13_fu_1633_p2   |   icmp   |      0|  0|    9|           2|           3|
    |icmp_ln887_14_fu_1868_p2   |   icmp   |      0|  0|    8|           2|           2|
    |icmp_ln887_15_fu_1929_p2   |   icmp   |      0|  0|    8|           2|           2|
    |icmp_ln887_3_fu_643_p2     |   icmp   |      0|  0|    8|           2|           2|
    |icmp_ln887_4_fu_748_p2     |   icmp   |      0|  0|    8|           2|           2|
    |icmp_ln887_5_fu_709_p2     |   icmp   |      0|  0|   11|           6|           7|
    |icmp_ln887_6_fu_1057_p2    |   icmp   |      0|  0|   11|           6|           6|
    |icmp_ln887_7_fu_2008_p2    |   icmp   |      0|  0|   11|           5|           6|
    |icmp_ln887_8_fu_1251_p2    |   icmp   |      0|  0|   11|           6|           6|
    |icmp_ln887_9_fu_1337_p2    |   icmp   |      0|  0|    8|           2|           2|
    |icmp_ln887_fu_632_p2       |   icmp   |      0|  0|   13|          16|          16|
    |icmp_ln895_1_fu_1589_p2    |   icmp   |      0|  0|   11|           6|           1|
    |icmp_ln895_fu_1077_p2      |   icmp   |      0|  0|   11|           6|           1|
    |p_Result_s_fu_1979_p2      |   icmp   |      0|  0|   13|           9|           1|
    |lshr_ln647_1_fu_872_p2     |   lshr   |      0|  0|  182|           2|          64|
    |lshr_ln647_2_fu_1451_p2    |   lshr   |      0|  0|  182|          64|          64|
    |lshr_ln647_3_fu_1457_p2    |   lshr   |      0|  0|  182|           2|          64|
    |lshr_ln647_fu_866_p2       |   lshr   |      0|  0|  182|          64|          64|
    |or_ln203_1_fu_1552_p2      |    or    |      0|  0|    8|           8|           6|
    |or_ln203_fu_663_p2         |    or    |      0|  0|    8|           8|           6|
    |or_ln514_fu_1305_p2        |    or    |      0|  0|    6|           6|           6|
    |or_ln552_fu_1595_p2        |    or    |      0|  0|    6|           1|           1|
    |or_ln879_1_fu_981_p2       |    or    |      0|  0|    6|           1|           1|
    |or_ln879_fu_963_p2         |    or    |      0|  0|    6|           1|           1|
    |p_Val2_3_fu_1319_p3        |  select  |      0|  0|   64|           1|           1|
    |p_Val2_7_fu_1991_p3        |  select  |      0|  0|   20|           1|          20|
    |select_ln1371_fu_1145_p3   |  select  |      0|  0|    7|           1|           7|
    |select_ln1372_fu_1192_p3   |  select  |      0|  0|    2|           1|           2|
    |select_ln496_fu_691_p3     |  select  |      0|  0|   12|           1|          12|
    |select_ln647_1_fu_837_p3   |  select  |      0|  0|   64|           1|          64|
    |select_ln647_2_fu_844_p3   |  select  |      0|  0|    7|           1|           7|
    |select_ln647_3_fu_1414_p3  |  select  |      0|  0|    7|           1|           7|
    |select_ln647_4_fu_1422_p3  |  select  |      0|  0|   64|           1|          64|
    |select_ln647_5_fu_1429_p3  |  select  |      0|  0|    7|           1|           7|
    |select_ln647_fu_829_p3     |  select  |      0|  0|    7|           1|           7|
    |select_ln879_3_fu_1029_p3  |  select  |      0|  0|   16|           1|          16|
    |select_ln879_4_fu_1037_p3  |  select  |      0|  0|   16|           1|          16|
    |select_ln879_fu_1007_p3    |  select  |      0|  0|   16|           1|          16|
    |select_ln883_fu_1741_p3    |  select  |      0|  0|   20|           1|           1|
    |shl_ln791_fu_1968_p2       |    shl   |      0|  0|   21|           1|           9|
    |shl_ln821_fu_1861_p2       |    shl   |      0|  0|   19|           2|           8|
    |ret_V_15_fu_1224_p2        |    xor   |      0|  0|    6|           1|           1|
    |xor_ln647_1_fu_1402_p2     |    xor   |      0|  0|    7|           7|           6|
    |xor_ln647_fu_817_p2        |    xor   |      0|  0|    7|           7|           6|
    |xor_ln879_1_fu_969_p2      |    xor   |      0|  0|    6|           1|           2|
    |xor_ln879_fu_951_p2        |    xor   |      0|  0|    6|           1|           2|
    +---------------------------+----------+-------+---+-----+------------+------------+
    |Total                      |          |      0|  0| 2447|         854|        1231|
    +---------------------------+----------+-------+---+-----+------------+------------+

    * Multiplexer: 
    +---------------------+-----+-----------+-----+-----------+
    |         Name        | LUT | Input Size| Bits| Total Bits|
    +---------------------+-----+-----------+-----+-----------+
    |ap_NS_fsm            |  117|         25|    1|         25|
    |dmem_V_2_address0    |   15|          3|   12|         36|
    |lbuf_V_address0      |   21|          4|    8|         32|
    |lbuf_V_address1      |   21|          4|    8|         32|
    |lbuf_V_d0            |   15|          3|   20|         60|
    |lbuf_V_d1            |   15|          3|   20|         60|
    |outwords_V_address0  |   15|          3|    4|         12|
    |outwords_V_we0       |    9|          2|    8|         16|
    |p_01023_0_reg_590    |    9|          2|    2|          4|
    |p_01033_0_reg_567    |    9|          2|    2|          4|
    |p_01278_0_reg_601    |    9|          2|    5|         10|
    |p_0170_0_reg_441     |    9|          2|    6|         12|
    |p_0180_0_reg_429     |    9|          2|    2|          4|
    |p_0193_0_reg_417     |    9|          2|   10|         20|
    |p_0352_0_reg_453     |    9|          2|    2|          4|
    |p_0507_0_reg_476     |    9|          2|    6|         12|
    |p_0517_0_reg_464     |    9|          2|    6|         12|
    |p_0564_0_reg_488     |    9|          2|    2|          4|
    |p_0777_0_reg_510     |    9|          2|    2|          4|
    |p_0787_0_reg_499     |    9|          2|    2|          4|
    |p_0870_0_reg_521     |    9|          2|    2|          4|
    |p_0884_0_reg_544     |    9|          2|    2|          4|
    |p_0888_1_reg_532     |    9|          2|   24|         48|
    |p_0888_2_reg_555     |    9|          2|   24|         48|
    |p_Val2_6_reg_578     |    9|          2|   24|         48|
    |win_V_address0       |   33|          6|    5|         30|
    |win_V_d0             |   21|          4|   20|         80|
    +---------------------+-----+-----------+-----+-----------+
    |Total                |  435|         91|  229|        629|
    +---------------------+-----+-----------+-----+-----------+

    * Register: 
    +--------------------------+----+----+-----+-----------+
    |           Name           | FF | LUT| Bits| Const Bits|
    +--------------------------+----+----+-----+-----------+
    |add_ln180_reg_2421        |  14|   0|   14|          0|
    |add_ln203_5_reg_2343      |   6|   0|    6|          0|
    |add_ln203_7_reg_2325      |   6|   0|    6|          0|
    |add_ln791_reg_2385        |   5|   0|    5|          0|
    |ap_CS_fsm                 |  24|   0|   24|          0|
    |c_V_1_reg_2232            |   6|   0|    6|          0|
    |c_V_reg_2144              |   6|   0|    6|          0|
    |i_V_reg_2416              |   5|   0|    5|          0|
    |icmp_ln883_reg_2248       |   1|   0|    1|          0|
    |icmp_ln895_reg_2199       |   1|   0|    1|          0|
    |lbuf_V_addr_2_reg_2289    |   8|   0|    8|          0|
    |lbuf_V_addr_3_reg_2294    |   8|   0|    8|          0|
    |lbuf_V_addr_reg_2149      |   8|   0|    8|          0|
    |m_V_1_reg_2126            |   2|   0|    2|          0|
    |m_V_2_reg_2357            |   2|   0|    2|          0|
    |m_V_3_reg_2262            |   2|   0|    2|          0|
    |n_V_reg_2118              |  10|   0|   10|          0|
    |off_V_reg_2174            |   2|   0|    2|          0|
    |or_ln552_reg_2299         |   1|   0|    1|          0|
    |outwords_V_addr_reg_2209  |   4|   0|    4|          0|
    |p_01023_0_reg_590         |   2|   0|    2|          0|
    |p_01033_0_reg_567         |   2|   0|    2|          0|
    |p_01278_0_reg_601         |   5|   0|    5|          0|
    |p_0170_0_reg_441          |   6|   0|    6|          0|
    |p_0180_0_reg_429          |   2|   0|    2|          0|
    |p_0193_0_reg_417          |  10|   0|   10|          0|
    |p_0352_0_reg_453          |   2|   0|    2|          0|
    |p_0507_0_reg_476          |   6|   0|    6|          0|
    |p_0517_0_reg_464          |   6|   0|    6|          0|
    |p_0564_0_reg_488          |   2|   0|    2|          0|
    |p_0777_0_reg_510          |   2|   0|    2|          0|
    |p_0787_0_reg_499          |   2|   0|    2|          0|
    |p_0870_0_reg_521          |   2|   0|    2|          0|
    |p_0884_0_reg_544          |   2|   0|    2|          0|
    |p_0888_1_reg_532          |  24|   0|   24|          0|
    |p_0888_2_reg_555          |  24|   0|   24|          0|
    |p_Result_6_reg_2267       |  20|   0|   20|          0|
    |p_Result_s_reg_2403       |   1|   0|    1|          0|
    |p_Val2_3_reg_2242         |  64|   0|   64|          0|
    |p_Val2_4_reg_2367         |   9|   0|    9|          0|
    |p_Val2_6_reg_578          |  24|   0|   24|          0|
    |r_V_reg_2189              |   6|   0|    6|          0|
    |ret_V_14_reg_2320         |   2|   0|    2|          0|
    |ret_V_reg_2104            |   1|   0|    1|          0|
    |sext_ln203_reg_2273       |   6|   0|    6|          0|
    |sext_ln510_reg_2181       |  18|   0|   24|          6|
    |sext_ln557_reg_2362       |   6|   0|    6|          0|
    |shl_ln1_reg_2194          |   6|   0|   11|          5|
    |shl_ln2_reg_2204          |   2|   0|    7|          5|
    |sub_ln203_1_reg_2311      |   6|   0|    6|          0|
    |sub_ln557_1_reg_2380      |   6|   0|    6|          0|
    |tmp_15_reg_2219           |  10|   0|   10|          0|
    |tmp_19_cast_reg_2131      |   2|   0|    9|          7|
    |trunc_ln209_2_reg_2214    |   5|   0|   10|          5|
    |trunc_ln209_reg_2099      |   1|   0|    1|          0|
    |wc_V_1_reg_2393           |   2|   0|    2|          0|
    |win_V_addr_reg_2279       |   5|   0|    5|          0|
    |wr_V_1_reg_2375           |   2|   0|    2|          0|
    |wr_V_2_reg_2338           |   2|   0|    2|          0|
    |wr_V_reg_2306             |   2|   0|    2|          0|
    |wt_word_V_reg_2155        |  64|   0|   64|          0|
    |wtbuf_2_V_1_fu_216        |   9|   0|    9|          0|
    |wtbuf_2_V_2_fu_220        |   9|   0|    9|          0|
    |wtbuf_2_V_fu_212          |   9|   0|    9|          0|
    |zext_ln1372_reg_2094      |   1|   0|    2|          1|
    |zext_ln203_8_reg_2284     |   2|   0|    4|          2|
    |zext_ln209_reg_2089       |   1|   0|   11|         10|
    |zext_ln519_reg_2253       |   6|   0|    9|          3|
    |zext_ln887_1_reg_2224     |   2|   0|   14|         12|
    |zext_ln887_reg_2110       |  10|   0|   16|          6|
    +--------------------------+----+----+-----+-----------+
    |Total                     | 541|   0|  603|         62|
    +--------------------------+----+----+-----+-----------+



================================================================
== Interface
================================================================
* Summary: 
+---------------------+-----+-----+------------+--------------+--------------+
|      RTL Ports      | Dir | Bits|  Protocol  | Source Object|    C Type    |
+---------------------+-----+-----+------------+--------------+--------------+
|ap_clk               |  in |    1| ap_ctrl_hs |    fp_conv   | return value |
|ap_rst               |  in |    1| ap_ctrl_hs |    fp_conv   | return value |
|ap_start             |  in |    1| ap_ctrl_hs |    fp_conv   | return value |
|ap_done              | out |    1| ap_ctrl_hs |    fp_conv   | return value |
|ap_idle              | out |    1| ap_ctrl_hs |    fp_conv   | return value |
|ap_ready             | out |    1| ap_ctrl_hs |    fp_conv   | return value |
|wt_mem_V_2_address0  | out |   13|  ap_memory |  wt_mem_V_2  |     array    |
|wt_mem_V_2_ce0       | out |    1|  ap_memory |  wt_mem_V_2  |     array    |
|wt_mem_V_2_q0        |  in |   64|  ap_memory |  wt_mem_V_2  |     array    |
|kh_mem_V_2_address0  | out |    6|  ap_memory |  kh_mem_V_2  |     array    |
|kh_mem_V_2_ce0       | out |    1|  ap_memory |  kh_mem_V_2  |     array    |
|kh_mem_V_2_q0        |  in |   64|  ap_memory |  kh_mem_V_2  |     array    |
|dmem_V_2_address0    | out |   12|  ap_memory |   dmem_V_2   |     array    |
|dmem_V_2_ce0         | out |    1|  ap_memory |   dmem_V_2   |     array    |
|dmem_V_2_we0         | out |    1|  ap_memory |   dmem_V_2   |     array    |
|dmem_V_2_d0          | out |   64|  ap_memory |   dmem_V_2   |     array    |
|dmem_V_2_q0          |  in |   64|  ap_memory |   dmem_V_2   |     array    |
|d_i_idx_V            |  in |    1|   ap_none  |   d_i_idx_V  |    scalar    |
|d_o_idx_V            |  in |    1|   ap_none  |   d_o_idx_V  |    scalar    |
|kh_index_V_2         |  in |    1|   ap_none  | kh_index_V_2 |    scalar    |
|o_index_V_2          |  in |   16|   ap_none  |  o_index_V_2 |    scalar    |
|N                    |  in |   16|   ap_none  |       N      |    scalar    |
+---------------------+-----+-----+------------+--------------+--------------+

