

================================================================
== Vivado HLS Report for 'top'
================================================================
* Date:           Fri Apr  9 19:12:38 2021

* Version:        2019.1 (Build 2552052 on Fri May 24 15:28:33 MDT 2019)
* Project:        BNN_6
* Solution:       solution1
* Product family: kintex7
* Target device:  xc7k70t-fbv676-1


================================================================
== Performance Estimates
================================================================
+ Timing (ns): 
    * Summary: 
    +--------+-------+----------+------------+
    |  Clock | Target| Estimated| Uncertainty|
    +--------+-------+----------+------------+
    |ap_clk  |  25.00|    19.295|        3.12|
    +--------+-------+----------+------------+

+ Latency (clock cycles): 
    * Summary: 
    +------+------+------+------+---------+
    |   Latency   |   Interval  | Pipeline|
    |  min |  max |  min |  max |   Type  |
    +------+------+------+------+---------+
    |  5048|  5048|  5048|  5048|   none  |
    +------+------+------+------+---------+

    + Detail: 
        * Instance: 
        N/A

        * Loop: 
        +---------------+------+------+----------+-----------+-----------+------+----------+
        |               |   Latency   | Iteration|  Initiation Interval  | Trip |          |
        |   Loop Name   |  min |  max |  Latency |  achieved |   target  | Count| Pipelined|
        +---------------+------+------+----------+-----------+-----------+------+----------+
        |- LOOP_DMEM_I  |    64|    64|         2|          1|          1|    64|    yes   |
        |- LOOP_WT_I    |  4682|  4682|         2|          1|          1|  4682|    yes   |
        |- LOOP_KH_I    |    64|    64|         2|          1|          1|    64|    yes   |
        +---------------+------+------+----------+-----------+-----------+------+----------+

============================================================
+ Verbose Summary: Synthesis Manager
============================================================
InlineROM: 1
ExposeGlobal: 0
============================================================
+ Verbose Summary: CDFG Model
============================================================
IsTopModel: 1
ResetActiveHigh: 1
IsCombinational: 0
IsDatapathOnly: 0
HasWiredReturn: 1
HasMFsm: 0
HasVarLatency: 1
IsPipeline: 0
IsRtlPipelined: 0
IsInstanceOverlapped: 0
IsDontTouch: 0
HasImplIP: 0
IsGatedGlobalClock: 0

+ Individual pipeline summary: 
  * Pipeline-0: initiation interval (II) = 1, depth = 2
  * Pipeline-1: initiation interval (II) = 1, depth = 2
  * Pipeline-2: initiation interval (II) = 1, depth = 2


============================================================
+ Verbose Summary: Schedule
============================================================
* Number of FSM states : 14
* Pipeline : 3
  Pipeline-0 : II = 1, D = 2, States = { 2 3 }
  Pipeline-1 : II = 1, D = 2, States = { 5 6 }
  Pipeline-2 : II = 1, D = 2, States = { 8 9 }
* Dataflow Pipeline: 0

* FSM state transitions: 
1 --> 2 
2 --> 4 3 
3 --> 2 
4 --> 5 
5 --> 7 6 
6 --> 5 
7 --> 8 
8 --> 10 9 
9 --> 8 
10 --> 11 
11 --> 12 
12 --> 13 
13 --> 14 
14 --> 

* FSM state operations: 

State 1 <SV = 0> <Delay = 1.50>
ST_1 : Operation 15 [1/1] (0.00ns)   --->   "call void (...)* @_ssdm_op_SpecBitsMap([4682 x i64]* %wt_i_V), !map !878"   --->   Operation 15 'specbitsmap' <Predicate = true> <Delay = 0.00>
ST_1 : Operation 16 [1/1] (0.00ns)   --->   "call void (...)* @_ssdm_op_SpecBitsMap([64 x i64]* %kh_i_V), !map !884"   --->   Operation 16 'specbitsmap' <Predicate = true> <Delay = 0.00>
ST_1 : Operation 17 [1/1] (0.00ns)   --->   "call void (...)* @_ssdm_op_SpecBitsMap([2048 x i64]* %dmem_i_V), !map !890"   --->   Operation 17 'specbitsmap' <Predicate = true> <Delay = 0.00>
ST_1 : Operation 18 [1/1] (0.00ns)   --->   "call void (...)* @_ssdm_op_SpecBitsMap([128 x i64]* %dmem_o_V), !map !896"   --->   Operation 18 'specbitsmap' <Predicate = true> <Delay = 0.00>
ST_1 : Operation 19 [1/1] (0.00ns)   --->   "call void (...)* @_ssdm_op_SpecBitsMap(i16 %n_inputs_V), !map !902"   --->   Operation 19 'specbitsmap' <Predicate = true> <Delay = 0.00>
ST_1 : Operation 20 [1/1] (0.00ns)   --->   "call void (...)* @_ssdm_op_SpecBitsMap(i16 %n_outputs_V), !map !908"   --->   Operation 20 'specbitsmap' <Predicate = true> <Delay = 0.00>
ST_1 : Operation 21 [1/1] (0.00ns)   --->   "call void (...)* @_ssdm_op_SpecBitsMap(i16 %input_words_V), !map !912"   --->   Operation 21 'specbitsmap' <Predicate = true> <Delay = 0.00>
ST_1 : Operation 22 [1/1] (0.00ns)   --->   "call void (...)* @_ssdm_op_SpecBitsMap(i16 %output_words_V), !map !916"   --->   Operation 22 'specbitsmap' <Predicate = true> <Delay = 0.00>
ST_1 : Operation 23 [1/1] (0.00ns)   --->   "call void (...)* @_ssdm_op_SpecBitsMap(i3 %layer_mode_V), !map !920"   --->   Operation 23 'specbitsmap' <Predicate = true> <Delay = 0.00>
ST_1 : Operation 24 [1/1] (0.00ns)   --->   "call void (...)* @_ssdm_op_SpecBitsMap(i1 %dmem_mode_V), !map !924"   --->   Operation 24 'specbitsmap' <Predicate = true> <Delay = 0.00>
ST_1 : Operation 25 [1/1] (0.00ns)   --->   "call void (...)* @_ssdm_op_SpecBitsMap(i2 %width_mode_V), !map !928"   --->   Operation 25 'specbitsmap' <Predicate = true> <Delay = 0.00>
ST_1 : Operation 26 [1/1] (0.00ns)   --->   "call void (...)* @_ssdm_op_SpecBitsMap(i2 %norm_mode_V), !map !932"   --->   Operation 26 'specbitsmap' <Predicate = true> <Delay = 0.00>
ST_1 : Operation 27 [1/1] (0.00ns)   --->   "%norm_mode_V_read = call i2 @_ssdm_op_Read.ap_auto.i2(i2 %norm_mode_V)" [cpp/accel/Accel.cpp:766]   --->   Operation 27 'read' 'norm_mode_V_read' <Predicate = true> <Delay = 0.00>
ST_1 : Operation 28 [1/1] (0.00ns)   --->   "%width_mode_V_read = call i2 @_ssdm_op_Read.ap_auto.i2(i2 %width_mode_V)" [cpp/accel/Accel.cpp:766]   --->   Operation 28 'read' 'width_mode_V_read' <Predicate = true> <Delay = 0.00>
ST_1 : Operation 29 [1/1] (0.00ns)   --->   "%dmem_mode_V_read = call i1 @_ssdm_op_Read.ap_auto.i1(i1 %dmem_mode_V)" [cpp/accel/Accel.cpp:766]   --->   Operation 29 'read' 'dmem_mode_V_read' <Predicate = true> <Delay = 0.00>
ST_1 : Operation 30 [1/1] (0.00ns)   --->   "%layer_mode_V_read = call i3 @_ssdm_op_Read.ap_auto.i3(i3 %layer_mode_V)" [cpp/accel/Accel.cpp:766]   --->   Operation 30 'read' 'layer_mode_V_read' <Predicate = true> <Delay = 0.00>
ST_1 : Operation 31 [1/1] (0.00ns)   --->   "%dmem_o_V_addr = getelementptr [128 x i64]* %dmem_o_V, i64 0, i64 0" [cpp/accel/Accel.cpp:766]   --->   Operation 31 'getelementptr' 'dmem_o_V_addr' <Predicate = true> <Delay = 0.00>
ST_1 : Operation 32 [1/1] (0.00ns)   --->   "call void (...)* @_ssdm_op_SpecTopModule([4 x i8]* @top_str) nounwind"   --->   Operation 32 'spectopmodule' <Predicate = true> <Delay = 0.00>
ST_1 : Operation 33 [1/1] (0.00ns)   --->   "%layer_type_V = call i2 @_ssdm_op_PartSelect.i2.i3.i32.i32(i3 %layer_mode_V_read, i32 1, i32 2)" [cpp/accel/Accel.cpp:777]   --->   Operation 33 'partselect' 'layer_type_V' <Predicate = true> <Delay = 0.00>
ST_1 : Operation 34 [1/1] (0.00ns)   --->   "%trunc_ln792 = trunc i3 %layer_mode_V_read to i1" [cpp/accel/Accel.cpp:801]   --->   Operation 34 'trunc' 'trunc_ln792' <Predicate = true> <Delay = 0.00>
ST_1 : Operation 35 [1/1] (0.00ns) (grouped into LUT with out node t_V)   --->   "%p_Result_s = xor i1 %trunc_ln792, true" [cpp/accel/Accel.cpp:801]   --->   Operation 35 'xor' 'p_Result_s' <Predicate = true> <Delay = 0.00> <Core = "LogicGate">   --->   Core 27 'LogicGate' <Latency = 0> <II = 1> <Delay = 0.61> <FuncUnit> <Opcode : 'and' 'or' 'xor'> <InPorts = 2> <OutPorts = 1>
ST_1 : Operation 36 [1/1] (0.00ns)   --->   "%kh_index_V_load = load i2* @kh_index_V, align 1" [cpp/accel/Accel.cpp:805]   --->   Operation 36 'load' 'kh_index_V_load' <Predicate = true> <Delay = 0.00>
ST_1 : Operation 37 [1/1] (0.00ns)   --->   "%trunc_ln880 = trunc i2 %kh_index_V_load to i1" [cpp/accel/Accel.cpp:880]   --->   Operation 37 'trunc' 'trunc_ln880' <Predicate = true> <Delay = 0.00>
ST_1 : Operation 38 [1/1] (0.00ns)   --->   "%o_index_V_load = load i16* @o_index_V, align 2" [cpp/accel/Accel.cpp:880]   --->   Operation 38 'load' 'o_index_V_load' <Predicate = true> <Delay = 0.00>
ST_1 : Operation 39 [1/1] (0.61ns) (out node of the LUT)   --->   "%t_V = and i1 %trunc_ln880, %p_Result_s" [cpp/accel/Accel.cpp:801]   --->   Operation 39 'and' 't_V' <Predicate = true> <Delay = 0.61> <Core = "LogicGate">   --->   Core 27 'LogicGate' <Latency = 0> <II = 1> <Delay = 0.61> <FuncUnit> <Opcode : 'and' 'or' 'xor'> <InPorts = 2> <OutPorts = 1>
ST_1 : Operation 40 [1/1] (0.54ns)   --->   "%t_V_1 = select i1 %trunc_ln792, i16 0, i16 %o_index_V_load" [cpp/accel/Accel.cpp:801]   --->   Operation 40 'select' 't_V_1' <Predicate = true> <Delay = 0.54> <Core = "Sel">   --->   Core 26 'Sel' <Latency = 0> <II = 1> <Delay = 0.62> <FuncUnit> <Opcode : 'select'> <InPorts = 3> <OutPorts = 1>
ST_1 : Operation 41 [1/1] (0.61ns)   --->   "%r_V_2 = xor i1 %dmem_mode_V_read, true" [cpp/accel/Accel.cpp:809]   --->   Operation 41 'xor' 'r_V_2' <Predicate = true> <Delay = 0.61> <Core = "LogicGate">   --->   Core 27 'LogicGate' <Latency = 0> <II = 1> <Delay = 0.61> <FuncUnit> <Opcode : 'and' 'or' 'xor'> <InPorts = 2> <OutPorts = 1>
ST_1 : Operation 42 [1/1] (0.00ns)   --->   "%shl_ln = call i3 @_ssdm_op_BitConcatenate.i3.i2.i1(i2 %width_mode_V_read, i1 false)" [cpp/accel/Accel.cpp:812]   --->   Operation 42 'bitconcatenate' 'shl_ln' <Predicate = true> <Delay = 0.00>
ST_1 : Operation 43 [1/1] (0.00ns)   --->   "%zext_ln812 = zext i3 %shl_ln to i16" [cpp/accel/Accel.cpp:812]   --->   Operation 43 'zext' 'zext_ln812' <Predicate = true> <Delay = 0.00>
ST_1 : Operation 44 [1/1] (0.00ns)   --->   "%zext_ln812_1 = zext i3 %shl_ln to i5" [cpp/accel/Accel.cpp:812]   --->   Operation 44 'zext' 'zext_ln812_1' <Predicate = true> <Delay = 0.00>
ST_1 : Operation 45 [1/1] (1.50ns)   --->   "%words_per_image_V = shl i5 1, %zext_ln812_1" [cpp/accel/Accel.cpp:812]   --->   Operation 45 'shl' 'words_per_image_V' <Predicate = true> <Delay = 1.50> <Core = "Shift">   --->   Core 28 'Shift' <Latency = 0> <II = 1> <Delay = 1.50> <FuncUnit> <Opcode : 'shl' 'lshr' 'ashr'> <InPorts = 2> <OutPorts = 1>
ST_1 : Operation 46 [1/1] (0.64ns)   --->   "%icmp_ln879 = icmp eq i2 %layer_type_V, 1" [cpp/accel/Accel.cpp:817]   --->   Operation 46 'icmp' 'icmp_ln879' <Predicate = true> <Delay = 0.64> <Core = "Cmp">   --->   Core 25 'Cmp' <Latency = 0> <II = 1> <Delay = 0.64> <FuncUnit> <Opcode : 'icmp'> <InPorts = 2> <OutPorts = 1>
ST_1 : Operation 47 [1/1] (0.00ns)   --->   "%zext_ln879 = zext i5 %words_per_image_V to i10" [cpp/accel/Accel.cpp:822]   --->   Operation 47 'zext' 'zext_ln879' <Predicate = true> <Delay = 0.00>
ST_1 : Operation 48 [1/1] (0.64ns)   --->   "%icmp_ln879_1 = icmp eq i2 %layer_type_V, 0" [cpp/accel/Accel.cpp:822]   --->   Operation 48 'icmp' 'icmp_ln879_1' <Predicate = true> <Delay = 0.64> <Core = "Cmp">   --->   Core 25 'Cmp' <Latency = 0> <II = 1> <Delay = 0.64> <FuncUnit> <Opcode : 'icmp'> <InPorts = 2> <OutPorts = 1>
ST_1 : Operation 49 [1/1] (1.06ns)   --->   "br label %0" [cpp/accel/Accel.cpp:815]   --->   Operation 49 'br' <Predicate = true> <Delay = 1.06>

State 2 <SV = 1> <Delay = 5.05>
ST_2 : Operation 50 [1/1] (0.00ns)   --->   "%p_0730_0 = phi i16 [ 0, %._crit_edge ], [ %select_ln827, %LOOP_DMEM_I_end ]" [cpp/accel/Accel.cpp:827]   --->   Operation 50 'phi' 'p_0730_0' <Predicate = true> <Delay = 0.00>
ST_2 : Operation 51 [1/1] (0.00ns)   --->   "%p_0886_0 = phi i10 [ 0, %._crit_edge ], [ %select_ln827_1, %LOOP_DMEM_I_end ]" [cpp/accel/Accel.cpp:827]   --->   Operation 51 'phi' 'p_0886_0' <Predicate = true> <Delay = 0.00>
ST_2 : Operation 52 [1/1] (0.00ns)   --->   "%p_0214_0 = phi i7 [ 0, %._crit_edge ], [ %i_V_2, %LOOP_DMEM_I_end ]"   --->   Operation 52 'phi' 'p_0214_0' <Predicate = true> <Delay = 0.00>
ST_2 : Operation 53 [1/1] (1.18ns)   --->   "%icmp_ln887 = icmp eq i7 %p_0214_0, -64" [cpp/accel/Accel.cpp:815]   --->   Operation 53 'icmp' 'icmp_ln887' <Predicate = true> <Delay = 1.18> <Core = "Cmp">   --->   Core 25 'Cmp' <Latency = 0> <II = 1> <Delay = 0.64> <FuncUnit> <Opcode : 'icmp'> <InPorts = 2> <OutPorts = 1>
ST_2 : Operation 54 [1/1] (0.00ns)   --->   "%empty = call i32 (...)* @_ssdm_op_SpecLoopTripCount(i64 64, i64 64, i64 64)"   --->   Operation 54 'speclooptripcount' 'empty' <Predicate = true> <Delay = 0.00>
ST_2 : Operation 55 [1/1] (1.37ns)   --->   "%i_V_2 = add i7 %p_0214_0, 1" [cpp/accel/Accel.cpp:815]   --->   Operation 55 'add' 'i_V_2' <Predicate = true> <Delay = 1.37> <Core = "AddSub">   --->   Core 14 'AddSub' <Latency = 0> <II = 1> <Delay = 1.48> <FuncUnit> <Opcode : 'add' 'sub'> <InPorts = 2> <OutPorts = 1>
ST_2 : Operation 56 [1/1] (0.00ns)   --->   "br i1 %icmp_ln887, label %.preheader1400.preheader, label %LOOP_DMEM_I_begin" [cpp/accel/Accel.cpp:815]   --->   Operation 56 'br' <Predicate = true> <Delay = 0.00>
ST_2 : Operation 57 [1/1] (0.00ns)   --->   "%ret_V_7 = trunc i16 %p_0730_0 to i1" [cpp/accel/Accel.cpp:815]   --->   Operation 57 'trunc' 'ret_V_7' <Predicate = (!icmp_ln887)> <Delay = 0.00>
ST_2 : Operation 58 [1/1] (0.00ns)   --->   "%ret_V_5 = trunc i7 %p_0214_0 to i1" [cpp/accel/Accel.cpp:815]   --->   Operation 58 'trunc' 'ret_V_5' <Predicate = (!icmp_ln887)> <Delay = 0.00>
ST_2 : Operation 59 [1/1] (0.00ns)   --->   "%ret_V_3 = trunc i7 %p_0214_0 to i6" [cpp/accel/Accel.cpp:815]   --->   Operation 59 'trunc' 'ret_V_3' <Predicate = (!icmp_ln887)> <Delay = 0.00>
ST_2 : Operation 60 [1/1] (0.00ns)   --->   "br i1 %icmp_ln879, label %_ZNK11ap_int_baseILi16ELb0EElsILi34EEE7ap_uintILi16EERKS_IXT_ELb1EE.exit, label %1" [cpp/accel/Accel.cpp:817]   --->   Operation 60 'br' <Predicate = (!icmp_ln887)> <Delay = 0.00>
ST_2 : Operation 61 [1/1] (0.00ns)   --->   "br i1 %icmp_ln879_1, label %2, label %3" [cpp/accel/Accel.cpp:822]   --->   Operation 61 'br' <Predicate = (!icmp_ln887 & !icmp_ln879)> <Delay = 0.00>
ST_2 : Operation 62 [1/1] (0.00ns)   --->   "%ret_V_6 = call i6 @_ssdm_op_PartSelect.i6.i7.i32.i32(i7 %p_0214_0, i32 1, i32 6)" [cpp/accel/Accel.cpp:825]   --->   Operation 62 'partselect' 'ret_V_6' <Predicate = (!icmp_ln887 & !icmp_ln879 & !icmp_ln879_1)> <Delay = 0.00>
ST_2 : Operation 63 [1/1] (0.00ns)   --->   "%zext_ln544_3 = zext i7 %p_0214_0 to i64" [cpp/accel/Accel.cpp:825]   --->   Operation 63 'zext' 'zext_ln544_3' <Predicate = (!icmp_ln887 & !icmp_ln879 & !icmp_ln879_1)> <Delay = 0.00>
ST_2 : Operation 64 [1/1] (0.00ns)   --->   "%dmem_i_V_addr_2 = getelementptr [2048 x i64]* %dmem_i_V, i64 0, i64 %zext_ln544_3" [cpp/accel/Accel.cpp:825]   --->   Operation 64 'getelementptr' 'dmem_i_V_addr_2' <Predicate = (!icmp_ln887 & !icmp_ln879 & !icmp_ln879_1)> <Delay = 0.00>
ST_2 : Operation 65 [2/2] (2.66ns)   --->   "%dmem_i_V_load_2 = load i64* %dmem_i_V_addr_2, align 8" [cpp/accel/Accel.cpp:825]   --->   Operation 65 'load' 'dmem_i_V_load_2' <Predicate = (!icmp_ln887 & !icmp_ln879 & !icmp_ln879_1)> <Delay = 2.66> <Core = "RAM">   --->   Core 37 'RAM' <Latency = 1> <II = 1> <Delay = 2.66> <Storage> <Opcode : 'load' 'store'> <Ports = 2> <Width = 64> <Depth = 128> <RAM>
ST_2 : Operation 66 [1/1] (0.00ns)   --->   "%zext_ln544_2 = zext i7 %p_0214_0 to i64" [cpp/accel/Accel.cpp:823]   --->   Operation 66 'zext' 'zext_ln544_2' <Predicate = (!icmp_ln887 & !icmp_ln879 & icmp_ln879_1)> <Delay = 0.00>
ST_2 : Operation 67 [1/1] (0.00ns)   --->   "%dmem_i_V_addr_1 = getelementptr [2048 x i64]* %dmem_i_V, i64 0, i64 %zext_ln544_2" [cpp/accel/Accel.cpp:823]   --->   Operation 67 'getelementptr' 'dmem_i_V_addr_1' <Predicate = (!icmp_ln887 & !icmp_ln879 & icmp_ln879_1)> <Delay = 0.00>
ST_2 : Operation 68 [2/2] (2.66ns)   --->   "%dmem_i_V_load_1 = load i64* %dmem_i_V_addr_1, align 8" [cpp/accel/Accel.cpp:823]   --->   Operation 68 'load' 'dmem_i_V_load_1' <Predicate = (!icmp_ln887 & !icmp_ln879 & icmp_ln879_1)> <Delay = 2.66> <Core = "RAM">   --->   Core 37 'RAM' <Latency = 1> <II = 1> <Delay = 2.66> <Storage> <Opcode : 'load' 'store'> <Ports = 2> <Width = 64> <Depth = 128> <RAM>
ST_2 : Operation 69 [1/1] (0.00ns)   --->   "br label %LOOP_DMEM_I_end"   --->   Operation 69 'br' <Predicate = (!icmp_ln887 & !icmp_ln879)> <Delay = 0.00>
ST_2 : Operation 70 [1/1] (0.00ns)   --->   "%ret_V_9 = call i15 @_ssdm_op_PartSelect.i15.i16.i32.i32(i16 %p_0730_0, i32 1, i32 15)" [cpp/accel/Accel.cpp:819]   --->   Operation 70 'partselect' 'ret_V_9' <Predicate = (!icmp_ln887 & icmp_ln879)> <Delay = 0.00>
ST_2 : Operation 71 [1/1] (0.00ns)   --->   "%ret_V_8 = zext i15 %ret_V_9 to i16" [cpp/accel/Accel.cpp:819]   --->   Operation 71 'zext' 'ret_V_8' <Predicate = (!icmp_ln887 & icmp_ln879)> <Delay = 0.00>
ST_2 : Operation 72 [1/1] (2.54ns)   --->   "%r_V = shl i16 %ret_V_8, %zext_ln812" [cpp/accel/Accel.cpp:820]   --->   Operation 72 'shl' 'r_V' <Predicate = (!icmp_ln887 & icmp_ln879)> <Delay = 2.54> <Core = "Shift">   --->   Core 28 'Shift' <Latency = 0> <II = 1> <Delay = 1.50> <FuncUnit> <Opcode : 'shl' 'lshr' 'ashr'> <InPorts = 2> <OutPorts = 1>
ST_2 : Operation 73 [1/1] (0.00ns)   --->   "%trunc_ln180 = trunc i16 %r_V to i14" [cpp/accel/Accel.cpp:820]   --->   Operation 73 'trunc' 'trunc_ln180' <Predicate = (!icmp_ln887 & icmp_ln879)> <Delay = 0.00>
ST_2 : Operation 74 [1/1] (0.00ns)   --->   "%zext_ln180 = zext i10 %p_0886_0 to i14" [cpp/accel/Accel.cpp:820]   --->   Operation 74 'zext' 'zext_ln180' <Predicate = (!icmp_ln887 & icmp_ln879)> <Delay = 0.00>
ST_2 : Operation 75 [1/1] (0.00ns) (grouped into TernaryAdder)   --->   "%add_ln180_2 = add i14 %trunc_ln180, %zext_ln180" [cpp/accel/Accel.cpp:820]   --->   Operation 75 'add' 'add_ln180_2' <Predicate = (!icmp_ln887 & icmp_ln879)> <Delay = 0.00> <Core = "TAddSub">   --->   Core 83 'TAddSub' <Latency = 0> <II = 1> <Delay = 1.25> <IPBlock> <Opcode : 'add' 'sub'> <InPorts = 3> <OutPorts = 1> <Sync> <CReg>
ST_2 : Operation 76 [1/1] (0.00ns)   --->   "%tmp_3 = call i12 @_ssdm_op_BitConcatenate.i12.i1.i1.i10(i1 %dmem_mode_V_read, i1 %ret_V_7, i10 0)" [cpp/accel/Accel.cpp:820]   --->   Operation 76 'bitconcatenate' 'tmp_3' <Predicate = (!icmp_ln887 & icmp_ln879)> <Delay = 0.00>
ST_2 : Operation 77 [1/1] (0.00ns)   --->   "%zext_ln180_4 = zext i12 %tmp_3 to i14" [cpp/accel/Accel.cpp:820]   --->   Operation 77 'zext' 'zext_ln180_4' <Predicate = (!icmp_ln887 & icmp_ln879)> <Delay = 0.00>
ST_2 : Operation 78 [1/1] (2.51ns) (root node of TernaryAdder)   --->   "%add_ln180 = add i14 %add_ln180_2, %zext_ln180_4" [cpp/accel/Accel.cpp:820]   --->   Operation 78 'add' 'add_ln180' <Predicate = (!icmp_ln887 & icmp_ln879)> <Delay = 2.51> <Core = "TAddSub">   --->   Core 83 'TAddSub' <Latency = 0> <II = 1> <Delay = 1.25> <IPBlock> <Opcode : 'add' 'sub'> <InPorts = 3> <OutPorts = 1> <Sync> <CReg>
ST_2 : Operation 79 [1/1] (0.00ns)   --->   "%zext_ln544 = zext i7 %p_0214_0 to i64" [cpp/accel/Accel.cpp:820]   --->   Operation 79 'zext' 'zext_ln544' <Predicate = (!icmp_ln887 & icmp_ln879)> <Delay = 0.00>
ST_2 : Operation 80 [1/1] (0.00ns)   --->   "%dmem_i_V_addr = getelementptr [2048 x i64]* %dmem_i_V, i64 0, i64 %zext_ln544" [cpp/accel/Accel.cpp:820]   --->   Operation 80 'getelementptr' 'dmem_i_V_addr' <Predicate = (!icmp_ln887 & icmp_ln879)> <Delay = 0.00>
ST_2 : Operation 81 [2/2] (2.66ns)   --->   "%dmem_i_V_load = load i64* %dmem_i_V_addr, align 8" [cpp/accel/Accel.cpp:820]   --->   Operation 81 'load' 'dmem_i_V_load' <Predicate = (!icmp_ln887 & icmp_ln879)> <Delay = 2.66> <Core = "RAM">   --->   Core 37 'RAM' <Latency = 1> <II = 1> <Delay = 2.66> <Storage> <Opcode : 'load' 'store'> <Ports = 2> <Width = 64> <Depth = 128> <RAM>
ST_2 : Operation 82 [1/1] (1.41ns)   --->   "%img_off_V = add i10 %p_0886_0, 1" [cpp/accel/Accel.cpp:827]   --->   Operation 82 'add' 'img_off_V' <Predicate = (!icmp_ln887)> <Delay = 1.41> <Core = "AddSub">   --->   Core 14 'AddSub' <Latency = 0> <II = 1> <Delay = 1.48> <FuncUnit> <Opcode : 'add' 'sub'> <InPorts = 2> <OutPorts = 1>
ST_2 : Operation 83 [1/1] (1.29ns)   --->   "%icmp_ln879_2 = icmp eq i10 %img_off_V, %zext_ln879" [cpp/accel/Accel.cpp:827]   --->   Operation 83 'icmp' 'icmp_ln879_2' <Predicate = (!icmp_ln887)> <Delay = 1.29> <Core = "Cmp">   --->   Core 25 'Cmp' <Latency = 0> <II = 1> <Delay = 0.64> <FuncUnit> <Opcode : 'icmp'> <InPorts = 2> <OutPorts = 1>
ST_2 : Operation 84 [1/1] (1.48ns)   --->   "%img_idx_V = add i16 %p_0730_0, 1" [cpp/accel/Accel.cpp:829]   --->   Operation 84 'add' 'img_idx_V' <Predicate = (!icmp_ln887)> <Delay = 1.48> <Core = "AddSub">   --->   Core 14 'AddSub' <Latency = 0> <II = 1> <Delay = 1.48> <FuncUnit> <Opcode : 'add' 'sub'> <InPorts = 2> <OutPorts = 1>
ST_2 : Operation 85 [1/1] (0.54ns)   --->   "%select_ln827 = select i1 %icmp_ln879_2, i16 %img_idx_V, i16 %p_0730_0" [cpp/accel/Accel.cpp:827]   --->   Operation 85 'select' 'select_ln827' <Predicate = (!icmp_ln887)> <Delay = 0.54> <Core = "Sel">   --->   Core 26 'Sel' <Latency = 0> <II = 1> <Delay = 0.62> <FuncUnit> <Opcode : 'select'> <InPorts = 3> <OutPorts = 1>
ST_2 : Operation 86 [1/1] (0.45ns)   --->   "%select_ln827_1 = select i1 %icmp_ln879_2, i10 0, i10 %img_off_V" [cpp/accel/Accel.cpp:827]   --->   Operation 86 'select' 'select_ln827_1' <Predicate = (!icmp_ln887)> <Delay = 0.45> <Core = "Sel">   --->   Core 26 'Sel' <Latency = 0> <II = 1> <Delay = 0.62> <FuncUnit> <Opcode : 'select'> <InPorts = 3> <OutPorts = 1>

State 3 <SV = 2> <Delay = 5.32>
ST_3 : Operation 87 [1/1] (0.00ns)   --->   "call void (...)* @_ssdm_op_SpecLoopName([12 x i8]* @p_str52) nounwind" [cpp/accel/Accel.cpp:815]   --->   Operation 87 'specloopname' <Predicate = true> <Delay = 0.00>
ST_3 : Operation 88 [1/1] (0.00ns)   --->   "%tmp = call i32 (...)* @_ssdm_op_SpecRegionBegin([12 x i8]* @p_str52)" [cpp/accel/Accel.cpp:815]   --->   Operation 88 'specregionbegin' 'tmp' <Predicate = true> <Delay = 0.00>
ST_3 : Operation 89 [1/1] (0.00ns)   --->   "call void (...)* @_ssdm_op_SpecPipeline(i32 1, i32 1, i32 1, i32 0, [1 x i8]* @p_str9) nounwind" [cpp/accel/Accel.cpp:816]   --->   Operation 89 'specpipeline' <Predicate = true> <Delay = 0.00>
ST_3 : Operation 90 [1/1] (0.00ns)   --->   "%ret_V_4 = zext i6 %ret_V_6 to i7" [cpp/accel/Accel.cpp:825]   --->   Operation 90 'zext' 'ret_V_4' <Predicate = (!icmp_ln879 & !icmp_ln879_1)> <Delay = 0.00>
ST_3 : Operation 91 [1/1] (0.00ns)   --->   "%tmp_5 = call i12 @_ssdm_op_BitConcatenate.i12.i1.i1.i3.i7(i1 %dmem_mode_V_read, i1 %ret_V_5, i3 0, i7 %ret_V_4)" [cpp/accel/Accel.cpp:825]   --->   Operation 91 'bitconcatenate' 'tmp_5' <Predicate = (!icmp_ln879 & !icmp_ln879_1)> <Delay = 0.00>
ST_3 : Operation 92 [1/1] (0.00ns)   --->   "%zext_ln180_2 = zext i12 %tmp_5 to i64" [cpp/accel/Accel.cpp:825]   --->   Operation 92 'zext' 'zext_ln180_2' <Predicate = (!icmp_ln879 & !icmp_ln879_1)> <Delay = 0.00>
ST_3 : Operation 93 [1/1] (0.00ns)   --->   "%dmem_V_addr_2 = getelementptr [4096 x i64]* @dmem_V, i64 0, i64 %zext_ln180_2" [cpp/accel/Accel.cpp:825]   --->   Operation 93 'getelementptr' 'dmem_V_addr_2' <Predicate = (!icmp_ln879 & !icmp_ln879_1)> <Delay = 0.00>
ST_3 : Operation 94 [1/2] (2.66ns)   --->   "%dmem_i_V_load_2 = load i64* %dmem_i_V_addr_2, align 8" [cpp/accel/Accel.cpp:825]   --->   Operation 94 'load' 'dmem_i_V_load_2' <Predicate = (!icmp_ln879 & !icmp_ln879_1)> <Delay = 2.66> <Core = "RAM">   --->   Core 37 'RAM' <Latency = 1> <II = 1> <Delay = 2.66> <Storage> <Opcode : 'load' 'store'> <Ports = 2> <Width = 64> <Depth = 128> <RAM>
ST_3 : Operation 95 [1/1] (2.66ns)   --->   "store i64 %dmem_i_V_load_2, i64* %dmem_V_addr_2, align 8" [cpp/accel/Accel.cpp:825]   --->   Operation 95 'store' <Predicate = (!icmp_ln879 & !icmp_ln879_1)> <Delay = 2.66> <Core = "RAM">   --->   Core 37 'RAM' <Latency = 1> <II = 1> <Delay = 2.66> <Storage> <Opcode : 'load' 'store'> <Ports = 2> <Width = 64> <Depth = 128> <RAM>
ST_3 : Operation 96 [1/1] (0.00ns)   --->   "br label %4"   --->   Operation 96 'br' <Predicate = (!icmp_ln879 & !icmp_ln879_1)> <Delay = 0.00>
ST_3 : Operation 97 [1/1] (0.00ns)   --->   "%tmp_4 = call i12 @_ssdm_op_BitConcatenate.i12.i1.i5.i6(i1 %dmem_mode_V_read, i5 0, i6 %ret_V_3)" [cpp/accel/Accel.cpp:823]   --->   Operation 97 'bitconcatenate' 'tmp_4' <Predicate = (!icmp_ln879 & icmp_ln879_1)> <Delay = 0.00>
ST_3 : Operation 98 [1/1] (0.00ns)   --->   "%zext_ln180_1 = zext i12 %tmp_4 to i64" [cpp/accel/Accel.cpp:823]   --->   Operation 98 'zext' 'zext_ln180_1' <Predicate = (!icmp_ln879 & icmp_ln879_1)> <Delay = 0.00>
ST_3 : Operation 99 [1/1] (0.00ns)   --->   "%dmem_V_addr_1 = getelementptr [4096 x i64]* @dmem_V, i64 0, i64 %zext_ln180_1" [cpp/accel/Accel.cpp:823]   --->   Operation 99 'getelementptr' 'dmem_V_addr_1' <Predicate = (!icmp_ln879 & icmp_ln879_1)> <Delay = 0.00>
ST_3 : Operation 100 [1/2] (2.66ns)   --->   "%dmem_i_V_load_1 = load i64* %dmem_i_V_addr_1, align 8" [cpp/accel/Accel.cpp:823]   --->   Operation 100 'load' 'dmem_i_V_load_1' <Predicate = (!icmp_ln879 & icmp_ln879_1)> <Delay = 2.66> <Core = "RAM">   --->   Core 37 'RAM' <Latency = 1> <II = 1> <Delay = 2.66> <Storage> <Opcode : 'load' 'store'> <Ports = 2> <Width = 64> <Depth = 128> <RAM>
ST_3 : Operation 101 [1/1] (2.66ns)   --->   "store i64 %dmem_i_V_load_1, i64* %dmem_V_addr_1, align 8" [cpp/accel/Accel.cpp:823]   --->   Operation 101 'store' <Predicate = (!icmp_ln879 & icmp_ln879_1)> <Delay = 2.66> <Core = "RAM">   --->   Core 37 'RAM' <Latency = 1> <II = 1> <Delay = 2.66> <Storage> <Opcode : 'load' 'store'> <Ports = 2> <Width = 64> <Depth = 128> <RAM>
ST_3 : Operation 102 [1/1] (0.00ns)   --->   "br label %4" [cpp/accel/Accel.cpp:823]   --->   Operation 102 'br' <Predicate = (!icmp_ln879 & icmp_ln879_1)> <Delay = 0.00>
ST_3 : Operation 103 [1/1] (0.00ns)   --->   "%zext_ln180_5 = zext i14 %add_ln180 to i64" [cpp/accel/Accel.cpp:820]   --->   Operation 103 'zext' 'zext_ln180_5' <Predicate = (icmp_ln879)> <Delay = 0.00>
ST_3 : Operation 104 [1/1] (0.00ns)   --->   "%dmem_V_addr = getelementptr [4096 x i64]* @dmem_V, i64 0, i64 %zext_ln180_5" [cpp/accel/Accel.cpp:820]   --->   Operation 104 'getelementptr' 'dmem_V_addr' <Predicate = (icmp_ln879)> <Delay = 0.00>
ST_3 : Operation 105 [1/2] (2.66ns)   --->   "%dmem_i_V_load = load i64* %dmem_i_V_addr, align 8" [cpp/accel/Accel.cpp:820]   --->   Operation 105 'load' 'dmem_i_V_load' <Predicate = (icmp_ln879)> <Delay = 2.66> <Core = "RAM">   --->   Core 37 'RAM' <Latency = 1> <II = 1> <Delay = 2.66> <Storage> <Opcode : 'load' 'store'> <Ports = 2> <Width = 64> <Depth = 128> <RAM>
ST_3 : Operation 106 [1/1] (2.66ns)   --->   "store i64 %dmem_i_V_load, i64* %dmem_V_addr, align 8" [cpp/accel/Accel.cpp:820]   --->   Operation 106 'store' <Predicate = (icmp_ln879)> <Delay = 2.66> <Core = "RAM">   --->   Core 37 'RAM' <Latency = 1> <II = 1> <Delay = 2.66> <Storage> <Opcode : 'load' 'store'> <Ports = 2> <Width = 64> <Depth = 128> <RAM>
ST_3 : Operation 107 [1/1] (0.00ns)   --->   "br label %LOOP_DMEM_I_end" [cpp/accel/Accel.cpp:821]   --->   Operation 107 'br' <Predicate = (icmp_ln879)> <Delay = 0.00>
ST_3 : Operation 108 [1/1] (0.00ns)   --->   "%empty_20 = call i32 (...)* @_ssdm_op_SpecRegionEnd([12 x i8]* @p_str52, i32 %tmp)" [cpp/accel/Accel.cpp:831]   --->   Operation 108 'specregionend' 'empty_20' <Predicate = (!icmp_ln887)> <Delay = 0.00>
ST_3 : Operation 109 [1/1] (0.00ns)   --->   "br label %0" [cpp/accel/Accel.cpp:815]   --->   Operation 109 'br' <Predicate = (!icmp_ln887)> <Delay = 0.00>

State 4 <SV = 2> <Delay = 1.06>
ST_4 : Operation 110 [1/1] (1.06ns)   --->   "br label %.preheader1400" [cpp/accel/Accel.cpp:835]   --->   Operation 110 'br' <Predicate = true> <Delay = 1.06>

State 5 <SV = 3> <Delay = 2.66>
ST_5 : Operation 111 [1/1] (0.00ns)   --->   "%p_0474_0 = phi i13 [ %i_V, %LOOP_WT_I ], [ 0, %.preheader1400.preheader ]"   --->   Operation 111 'phi' 'p_0474_0' <Predicate = true> <Delay = 0.00>
ST_5 : Operation 112 [1/1] (1.39ns)   --->   "%icmp_ln887_1 = icmp eq i13 %p_0474_0, -3510" [cpp/accel/Accel.cpp:835]   --->   Operation 112 'icmp' 'icmp_ln887_1' <Predicate = true> <Delay = 1.39> <Core = "Cmp">   --->   Core 25 'Cmp' <Latency = 0> <II = 1> <Delay = 0.64> <FuncUnit> <Opcode : 'icmp'> <InPorts = 2> <OutPorts = 1>
ST_5 : Operation 113 [1/1] (0.00ns)   --->   "%empty_21 = call i32 (...)* @_ssdm_op_SpecLoopTripCount(i64 4682, i64 4682, i64 4682)"   --->   Operation 113 'speclooptripcount' 'empty_21' <Predicate = true> <Delay = 0.00>
ST_5 : Operation 114 [1/1] (1.45ns)   --->   "%i_V = add i13 %p_0474_0, 1" [cpp/accel/Accel.cpp:835]   --->   Operation 114 'add' 'i_V' <Predicate = true> <Delay = 1.45> <Core = "AddSub">   --->   Core 14 'AddSub' <Latency = 0> <II = 1> <Delay = 1.48> <FuncUnit> <Opcode : 'add' 'sub'> <InPorts = 2> <OutPorts = 1>
ST_5 : Operation 115 [1/1] (0.00ns)   --->   "br i1 %icmp_ln887_1, label %.preheader.preheader, label %LOOP_WT_I" [cpp/accel/Accel.cpp:835]   --->   Operation 115 'br' <Predicate = true> <Delay = 0.00>
ST_5 : Operation 116 [1/1] (0.00ns) (grouped into LUT with out node add_ln180_1)   --->   "%ret_V = trunc i13 %p_0474_0 to i1" [cpp/accel/Accel.cpp:835]   --->   Operation 116 'trunc' 'ret_V' <Predicate = (!icmp_ln887_1)> <Delay = 0.00>
ST_5 : Operation 117 [1/1] (0.00ns) (grouped into LUT with out node add_ln180_1)   --->   "%tmp_7 = call i12 @_ssdm_op_PartSelect.i12.i13.i32.i32(i13 %p_0474_0, i32 1, i32 12)" [cpp/accel/Accel.cpp:837]   --->   Operation 117 'partselect' 'tmp_7' <Predicate = (!icmp_ln887_1)> <Delay = 0.00>
ST_5 : Operation 118 [1/1] (0.00ns) (grouped into LUT with out node add_ln180_1)   --->   "%zext_ln1372 = zext i12 %tmp_7 to i13" [cpp/accel/Accel.cpp:837]   --->   Operation 118 'zext' 'zext_ln1372' <Predicate = (!icmp_ln887_1)> <Delay = 0.00>
ST_5 : Operation 119 [1/1] (0.00ns) (grouped into LUT with out node add_ln180_1)   --->   "%select_ln180 = select i1 %ret_V, i13 2341, i13 0" [cpp/accel/Accel.cpp:837]   --->   Operation 119 'select' 'select_ln180' <Predicate = (!icmp_ln887_1)> <Delay = 0.00> <Core = "Sel">   --->   Core 26 'Sel' <Latency = 0> <II = 1> <Delay = 0.62> <FuncUnit> <Opcode : 'select'> <InPorts = 3> <OutPorts = 1>
ST_5 : Operation 120 [1/1] (1.45ns) (out node of the LUT)   --->   "%add_ln180_1 = add i13 %select_ln180, %zext_ln1372" [cpp/accel/Accel.cpp:837]   --->   Operation 120 'add' 'add_ln180_1' <Predicate = (!icmp_ln887_1)> <Delay = 1.45> <Core = "AddSub">   --->   Core 14 'AddSub' <Latency = 0> <II = 1> <Delay = 1.48> <FuncUnit> <Opcode : 'add' 'sub'> <InPorts = 2> <OutPorts = 1>
ST_5 : Operation 121 [1/1] (0.00ns)   --->   "%zext_ln544_1 = zext i13 %p_0474_0 to i64" [cpp/accel/Accel.cpp:837]   --->   Operation 121 'zext' 'zext_ln544_1' <Predicate = (!icmp_ln887_1)> <Delay = 0.00>
ST_5 : Operation 122 [1/1] (0.00ns)   --->   "%wt_i_V_addr = getelementptr [4682 x i64]* %wt_i_V, i64 0, i64 %zext_ln544_1" [cpp/accel/Accel.cpp:837]   --->   Operation 122 'getelementptr' 'wt_i_V_addr' <Predicate = (!icmp_ln887_1)> <Delay = 0.00>
ST_5 : Operation 123 [2/2] (2.66ns)   --->   "%wt_i_V_load = load i64* %wt_i_V_addr, align 8" [cpp/accel/Accel.cpp:837]   --->   Operation 123 'load' 'wt_i_V_load' <Predicate = (!icmp_ln887_1)> <Delay = 2.66> <Core = "RAM">   --->   Core 37 'RAM' <Latency = 1> <II = 1> <Delay = 2.66> <Storage> <Opcode : 'load' 'store'> <Ports = 2> <Width = 64> <Depth = 128> <RAM>

State 6 <SV = 4> <Delay = 5.32>
ST_6 : Operation 124 [1/1] (0.00ns)   --->   "call void (...)* @_ssdm_op_SpecLoopName([10 x i8]* @p_str53) nounwind" [cpp/accel/Accel.cpp:835]   --->   Operation 124 'specloopname' <Predicate = (!icmp_ln887_1)> <Delay = 0.00>
ST_6 : Operation 125 [1/1] (0.00ns)   --->   "%tmp_1 = call i32 (...)* @_ssdm_op_SpecRegionBegin([10 x i8]* @p_str53)" [cpp/accel/Accel.cpp:835]   --->   Operation 125 'specregionbegin' 'tmp_1' <Predicate = (!icmp_ln887_1)> <Delay = 0.00>
ST_6 : Operation 126 [1/1] (0.00ns)   --->   "call void (...)* @_ssdm_op_SpecPipeline(i32 1, i32 1, i32 1, i32 0, [1 x i8]* @p_str9) nounwind" [cpp/accel/Accel.cpp:836]   --->   Operation 126 'specpipeline' <Predicate = (!icmp_ln887_1)> <Delay = 0.00>
ST_6 : Operation 127 [1/1] (0.00ns)   --->   "%zext_ln180_6 = zext i13 %add_ln180_1 to i64" [cpp/accel/Accel.cpp:837]   --->   Operation 127 'zext' 'zext_ln180_6' <Predicate = (!icmp_ln887_1)> <Delay = 0.00>
ST_6 : Operation 128 [1/1] (0.00ns)   --->   "%wt_mem_V_addr = getelementptr [4682 x i64]* @wt_mem_V, i64 0, i64 %zext_ln180_6" [cpp/accel/Accel.cpp:837]   --->   Operation 128 'getelementptr' 'wt_mem_V_addr' <Predicate = (!icmp_ln887_1)> <Delay = 0.00>
ST_6 : Operation 129 [1/2] (2.66ns)   --->   "%wt_i_V_load = load i64* %wt_i_V_addr, align 8" [cpp/accel/Accel.cpp:837]   --->   Operation 129 'load' 'wt_i_V_load' <Predicate = (!icmp_ln887_1)> <Delay = 2.66> <Core = "RAM">   --->   Core 37 'RAM' <Latency = 1> <II = 1> <Delay = 2.66> <Storage> <Opcode : 'load' 'store'> <Ports = 2> <Width = 64> <Depth = 128> <RAM>
ST_6 : Operation 130 [1/1] (2.66ns)   --->   "store i64 %wt_i_V_load, i64* %wt_mem_V_addr, align 8" [cpp/accel/Accel.cpp:837]   --->   Operation 130 'store' <Predicate = (!icmp_ln887_1)> <Delay = 2.66> <Core = "RAM">   --->   Core 37 'RAM' <Latency = 1> <II = 1> <Delay = 2.66> <Storage> <Opcode : 'load' 'store'> <Ports = 2> <Width = 64> <Depth = 128> <RAM>
ST_6 : Operation 131 [1/1] (0.00ns)   --->   "%empty_22 = call i32 (...)* @_ssdm_op_SpecRegionEnd([10 x i8]* @p_str53, i32 %tmp_1)" [cpp/accel/Accel.cpp:838]   --->   Operation 131 'specregionend' 'empty_22' <Predicate = (!icmp_ln887_1)> <Delay = 0.00>
ST_6 : Operation 132 [1/1] (0.00ns)   --->   "br label %.preheader1400" [cpp/accel/Accel.cpp:835]   --->   Operation 132 'br' <Predicate = (!icmp_ln887_1)> <Delay = 0.00>

State 7 <SV = 4> <Delay = 1.06>
ST_7 : Operation 133 [1/1] (1.06ns)   --->   "br label %.preheader" [cpp/accel/Accel.cpp:842]   --->   Operation 133 'br' <Predicate = true> <Delay = 1.06>

State 8 <SV = 5> <Delay = 2.66>
ST_8 : Operation 134 [1/1] (0.00ns)   --->   "%p_0582_0 = phi i7 [ %i_V_1, %LOOP_KH_I ], [ 0, %.preheader.preheader ]"   --->   Operation 134 'phi' 'p_0582_0' <Predicate = true> <Delay = 0.00>
ST_8 : Operation 135 [1/1] (1.18ns)   --->   "%icmp_ln887_2 = icmp eq i7 %p_0582_0, -64" [cpp/accel/Accel.cpp:842]   --->   Operation 135 'icmp' 'icmp_ln887_2' <Predicate = true> <Delay = 1.18> <Core = "Cmp">   --->   Core 25 'Cmp' <Latency = 0> <II = 1> <Delay = 0.64> <FuncUnit> <Opcode : 'icmp'> <InPorts = 2> <OutPorts = 1>
ST_8 : Operation 136 [1/1] (0.00ns)   --->   "%empty_23 = call i32 (...)* @_ssdm_op_SpecLoopTripCount(i64 64, i64 64, i64 64)"   --->   Operation 136 'speclooptripcount' 'empty_23' <Predicate = true> <Delay = 0.00>
ST_8 : Operation 137 [1/1] (1.37ns)   --->   "%i_V_1 = add i7 %p_0582_0, 1" [cpp/accel/Accel.cpp:842]   --->   Operation 137 'add' 'i_V_1' <Predicate = true> <Delay = 1.37> <Core = "AddSub">   --->   Core 14 'AddSub' <Latency = 0> <II = 1> <Delay = 1.48> <FuncUnit> <Opcode : 'add' 'sub'> <InPorts = 2> <OutPorts = 1>
ST_8 : Operation 138 [1/1] (0.00ns)   --->   "br i1 %icmp_ln887_2, label %._crit_edge1418_ifconv, label %LOOP_KH_I" [cpp/accel/Accel.cpp:842]   --->   Operation 138 'br' <Predicate = true> <Delay = 0.00>
ST_8 : Operation 139 [1/1] (0.00ns)   --->   "%zext_ln544_4 = zext i7 %p_0582_0 to i64" [cpp/accel/Accel.cpp:844]   --->   Operation 139 'zext' 'zext_ln544_4' <Predicate = (!icmp_ln887_2)> <Delay = 0.00>
ST_8 : Operation 140 [1/1] (0.00ns)   --->   "%kh_i_V_addr = getelementptr [64 x i64]* %kh_i_V, i64 0, i64 %zext_ln544_4" [cpp/accel/Accel.cpp:844]   --->   Operation 140 'getelementptr' 'kh_i_V_addr' <Predicate = (!icmp_ln887_2)> <Delay = 0.00>
ST_8 : Operation 141 [2/2] (2.66ns)   --->   "%kh_i_V_load = load i64* %kh_i_V_addr, align 8" [cpp/accel/Accel.cpp:844]   --->   Operation 141 'load' 'kh_i_V_load' <Predicate = (!icmp_ln887_2)> <Delay = 2.66> <Core = "RAM">   --->   Core 37 'RAM' <Latency = 1> <II = 1> <Delay = 2.66> <Storage> <Opcode : 'load' 'store'> <Ports = 2> <Width = 64> <Depth = 128> <RAM>

State 9 <SV = 6> <Delay = 5.32>
ST_9 : Operation 142 [1/1] (0.00ns)   --->   "call void (...)* @_ssdm_op_SpecLoopName([10 x i8]* @p_str54) nounwind" [cpp/accel/Accel.cpp:842]   --->   Operation 142 'specloopname' <Predicate = (!icmp_ln887_2)> <Delay = 0.00>
ST_9 : Operation 143 [1/1] (0.00ns)   --->   "%tmp_2 = call i32 (...)* @_ssdm_op_SpecRegionBegin([10 x i8]* @p_str54)" [cpp/accel/Accel.cpp:842]   --->   Operation 143 'specregionbegin' 'tmp_2' <Predicate = (!icmp_ln887_2)> <Delay = 0.00>
ST_9 : Operation 144 [1/1] (0.00ns)   --->   "call void (...)* @_ssdm_op_SpecPipeline(i32 1, i32 1, i32 1, i32 0, [1 x i8]* @p_str9) nounwind" [cpp/accel/Accel.cpp:843]   --->   Operation 144 'specpipeline' <Predicate = (!icmp_ln887_2)> <Delay = 0.00>
ST_9 : Operation 145 [1/2] (2.66ns)   --->   "%kh_i_V_load = load i64* %kh_i_V_addr, align 8" [cpp/accel/Accel.cpp:844]   --->   Operation 145 'load' 'kh_i_V_load' <Predicate = (!icmp_ln887_2)> <Delay = 2.66> <Core = "RAM">   --->   Core 37 'RAM' <Latency = 1> <II = 1> <Delay = 2.66> <Storage> <Opcode : 'load' 'store'> <Ports = 2> <Width = 64> <Depth = 128> <RAM>
ST_9 : Operation 146 [1/1] (0.00ns)   --->   "%kh_mem_V_addr = getelementptr [64 x i64]* @kh_mem_V, i64 0, i64 %zext_ln544_4" [cpp/accel/Accel.cpp:844]   --->   Operation 146 'getelementptr' 'kh_mem_V_addr' <Predicate = (!icmp_ln887_2)> <Delay = 0.00>
ST_9 : Operation 147 [1/1] (2.66ns)   --->   "store i64 %kh_i_V_load, i64* %kh_mem_V_addr, align 8" [cpp/accel/Accel.cpp:844]   --->   Operation 147 'store' <Predicate = (!icmp_ln887_2)> <Delay = 2.66> <Core = "RAM">   --->   Core 37 'RAM' <Latency = 1> <II = 1> <Delay = 2.66> <Storage> <Opcode : 'load' 'store'> <Ports = 2> <Width = 64> <Depth = 128> <RAM>
ST_9 : Operation 148 [1/1] (0.00ns)   --->   "%empty_24 = call i32 (...)* @_ssdm_op_SpecRegionEnd([10 x i8]* @p_str54, i32 %tmp_2)" [cpp/accel/Accel.cpp:845]   --->   Operation 148 'specregionend' 'empty_24' <Predicate = (!icmp_ln887_2)> <Delay = 0.00>
ST_9 : Operation 149 [1/1] (0.00ns)   --->   "br label %.preheader" [cpp/accel/Accel.cpp:842]   --->   Operation 149 'br' <Predicate = (!icmp_ln887_2)> <Delay = 0.00>

State 10 <SV = 6> <Delay = 2.66>
ST_10 : Operation 150 [2/2] (2.66ns)   --->   "%kh_word_V = load i64* getelementptr inbounds ([64 x i64]* @kh_mem_V, i64 0, i64 0), align 16" [cpp/accel/Accel.h:79->cpp/accel/Accel.cpp:873]   --->   Operation 150 'load' 'kh_word_V' <Predicate = true> <Delay = 2.66> <Core = "RAM">   --->   Core 37 'RAM' <Latency = 1> <II = 1> <Delay = 2.66> <Storage> <Opcode : 'load' 'store'> <Ports = 2> <Width = 64> <Depth = 128> <RAM>

State 11 <SV = 7> <Delay = 8.19>
ST_11 : Operation 151 [1/2] (2.66ns)   --->   "%kh_word_V = load i64* getelementptr inbounds ([64 x i64]* @kh_mem_V, i64 0, i64 0), align 16" [cpp/accel/Accel.h:79->cpp/accel/Accel.cpp:873]   --->   Operation 151 'load' 'kh_word_V' <Predicate = true> <Delay = 2.66> <Core = "RAM">   --->   Core 37 'RAM' <Latency = 1> <II = 1> <Delay = 2.66> <Storage> <Opcode : 'load' 'store'> <Ports = 2> <Width = 64> <Depth = 128> <RAM>
ST_11 : Operation 152 [1/1] (0.00ns) (grouped into LUT with out node nc_V)   --->   "%xor_ln879 = xor i1 %trunc_ln880, true" [cpp/accel/Accel.h:81->cpp/accel/Accel.cpp:873]   --->   Operation 152 'xor' 'xor_ln879' <Predicate = (!t_V)> <Delay = 0.00> <Core = "LogicGate">   --->   Core 27 'LogicGate' <Latency = 0> <II = 1> <Delay = 0.61> <FuncUnit> <Opcode : 'and' 'or' 'xor'> <InPorts = 2> <OutPorts = 1>
ST_11 : Operation 153 [1/1] (0.00ns) (grouped into LUT with out node nc_V)   --->   "%or_ln879 = or i1 %trunc_ln792, %xor_ln879" [cpp/accel/Accel.h:81->cpp/accel/Accel.cpp:873]   --->   Operation 153 'or' 'or_ln879' <Predicate = (!t_V)> <Delay = 0.00> <Core = "LogicGate">   --->   Core 27 'LogicGate' <Latency = 0> <II = 1> <Delay = 0.61> <FuncUnit> <Opcode : 'and' 'or' 'xor'> <InPorts = 2> <OutPorts = 1>
ST_11 : Operation 154 [1/1] (0.00ns) (grouped into LUT with out node nc_V)   --->   "%tmp_V = trunc i64 %kh_word_V to i16" [cpp/accel/Accel.h:82->cpp/accel/Accel.cpp:873]   --->   Operation 154 'trunc' 'tmp_V' <Predicate = (!t_V)> <Delay = 0.00>
ST_11 : Operation 155 [1/1] (0.00ns) (grouped into LUT with out node nc_V)   --->   "%tmp_V_1 = call i16 @_ssdm_op_PartSelect.i16.i64.i32.i32(i64 %kh_word_V, i32 16, i32 31)" [cpp/accel/Accel.h:84->cpp/accel/Accel.cpp:873]   --->   Operation 155 'partselect' 'tmp_V_1' <Predicate = (t_V)> <Delay = 0.00>
ST_11 : Operation 156 [1/1] (0.00ns) (grouped into LUT with out node nc_V)   --->   "%tmp_V_2 = call i16 @_ssdm_op_PartSelect.i16.i64.i32.i32(i64 %kh_word_V, i32 48, i32 63)" [cpp/accel/Accel.h:88->cpp/accel/Accel.cpp:873]   --->   Operation 156 'partselect' 'tmp_V_2' <Predicate = (!t_V)> <Delay = 0.00>
ST_11 : Operation 157 [1/1] (0.00ns) (grouped into LUT with out node nc_V)   --->   "%select_ln879 = select i1 %or_ln879, i16 %tmp_V, i16 %tmp_V_2" [cpp/accel/Accel.h:81->cpp/accel/Accel.cpp:873]   --->   Operation 157 'select' 'select_ln879' <Predicate = (!t_V)> <Delay = 0.00> <Core = "Sel">   --->   Core 26 'Sel' <Latency = 0> <II = 1> <Delay = 0.62> <FuncUnit> <Opcode : 'select'> <InPorts = 3> <OutPorts = 1>
ST_11 : Operation 158 [1/1] (0.61ns) (out node of the LUT)   --->   "%nc_V = select i1 %t_V, i16 %tmp_V_1, i16 %select_ln879" [cpp/accel/Accel.h:83->cpp/accel/Accel.cpp:873]   --->   Operation 158 'select' 'nc_V' <Predicate = true> <Delay = 0.61> <Core = "Sel">   --->   Core 26 'Sel' <Latency = 0> <II = 1> <Delay = 0.62> <FuncUnit> <Opcode : 'select'> <InPorts = 3> <OutPorts = 1>
ST_11 : Operation 159 [2/2] (4.91ns)   --->   "call fastcc void @bin_conv([4682 x i64]* @wt_mem_V, i16 %nc_V, [4096 x i64]* @dmem_V, i1 %dmem_mode_V_read, i1 %r_V_2, i16 %t_V_1, i2 %width_mode_V_read, i2 %norm_mode_V_read)" [cpp/accel/Accel.cpp:882]   --->   Operation 159 'call' <Predicate = true> <Delay = 4.91> <CoreType = "Generic">   --->   Core 0 '' <Latency = 0> <II = 1> <Delay = 1.00> <Generic> <Opcode : >
ST_11 : Operation 160 [1/1] (0.62ns)   --->   "%select_ln700 = select i1 %t_V, i2 -2, i2 1" [cpp/accel/Accel.cpp:887]   --->   Operation 160 'select' 'select_ln700' <Predicate = true> <Delay = 0.62> <Core = "Sel">   --->   Core 26 'Sel' <Latency = 0> <II = 1> <Delay = 0.62> <FuncUnit> <Opcode : 'select'> <InPorts = 3> <OutPorts = 1>
ST_11 : Operation 161 [1/1] (1.48ns)   --->   "%add_ln700 = add i16 1, %t_V_1" [cpp/accel/Accel.cpp:888]   --->   Operation 161 'add' 'add_ln700' <Predicate = true> <Delay = 1.48> <Core = "AddSub">   --->   Core 14 'AddSub' <Latency = 0> <II = 1> <Delay = 1.48> <FuncUnit> <Opcode : 'add' 'sub'> <InPorts = 2> <OutPorts = 1>
ST_11 : Operation 162 [1/1] (0.00ns)   --->   "store i16 %add_ln700, i16* @o_index_V, align 2" [cpp/accel/Accel.cpp:803]   --->   Operation 162 'store' <Predicate = true> <Delay = 0.00>
ST_11 : Operation 163 [1/1] (0.00ns)   --->   "store i2 %select_ln700, i2* @kh_index_V, align 1" [cpp/accel/Accel.cpp:802]   --->   Operation 163 'store' <Predicate = true> <Delay = 0.00>

State 12 <SV = 8> <Delay = 0.00>
ST_12 : Operation 164 [1/2] (0.00ns)   --->   "call fastcc void @bin_conv([4682 x i64]* @wt_mem_V, i16 %nc_V, [4096 x i64]* @dmem_V, i1 %dmem_mode_V_read, i1 %r_V_2, i16 %t_V_1, i2 %width_mode_V_read, i2 %norm_mode_V_read)" [cpp/accel/Accel.cpp:882]   --->   Operation 164 'call' <Predicate = true> <Delay = 0.00> <CoreType = "Generic">   --->   Core 0 '' <Latency = 0> <II = 1> <Delay = 1.00> <Generic> <Opcode : >

State 13 <SV = 9> <Delay = 2.66>
ST_13 : Operation 165 [1/1] (0.00ns)   --->   "%tmp_6 = call i12 @_ssdm_op_BitConcatenate.i12.i1.i11(i1 %r_V_2, i11 0)" [cpp/accel/Accel.cpp:919]   --->   Operation 165 'bitconcatenate' 'tmp_6' <Predicate = true> <Delay = 0.00>
ST_13 : Operation 166 [1/1] (0.00ns)   --->   "%zext_ln180_3 = zext i12 %tmp_6 to i64" [cpp/accel/Accel.cpp:919]   --->   Operation 166 'zext' 'zext_ln180_3' <Predicate = true> <Delay = 0.00>
ST_13 : Operation 167 [1/1] (0.00ns)   --->   "%dmem_V_addr_3 = getelementptr [4096 x i64]* @dmem_V, i64 0, i64 %zext_ln180_3" [cpp/accel/Accel.cpp:919]   --->   Operation 167 'getelementptr' 'dmem_V_addr_3' <Predicate = true> <Delay = 0.00>
ST_13 : Operation 168 [2/2] (2.66ns)   --->   "%dmem_V_load = load i64* %dmem_V_addr_3, align 16" [cpp/accel/Accel.cpp:919]   --->   Operation 168 'load' 'dmem_V_load' <Predicate = true> <Delay = 2.66> <Core = "RAM">   --->   Core 37 'RAM' <Latency = 1> <II = 1> <Delay = 2.66> <Storage> <Opcode : 'load' 'store'> <Ports = 2> <Width = 64> <Depth = 128> <RAM>

State 14 <SV = 10> <Delay = 5.32>
ST_14 : Operation 169 [1/1] (0.00ns)   --->   "call void (...)* @_ssdm_op_SpecLoopName([15 x i8]* @p_str57) nounwind" [cpp/accel/Accel.cpp:869]   --->   Operation 169 'specloopname' <Predicate = true> <Delay = 0.00>
ST_14 : Operation 170 [1/2] (2.66ns)   --->   "%dmem_V_load = load i64* %dmem_V_addr_3, align 16" [cpp/accel/Accel.cpp:919]   --->   Operation 170 'load' 'dmem_V_load' <Predicate = true> <Delay = 2.66> <Core = "RAM">   --->   Core 37 'RAM' <Latency = 1> <II = 1> <Delay = 2.66> <Storage> <Opcode : 'load' 'store'> <Ports = 2> <Width = 64> <Depth = 128> <RAM>
ST_14 : Operation 171 [1/1] (2.66ns)   --->   "store i64 %dmem_V_load, i64* %dmem_o_V_addr, align 8" [cpp/accel/Accel.cpp:916]   --->   Operation 171 'store' <Predicate = true> <Delay = 2.66> <Core = "RAM">   --->   Core 37 'RAM' <Latency = 1> <II = 1> <Delay = 2.66> <Storage> <Opcode : 'load' 'store'> <Ports = 2> <Width = 64> <Depth = 128> <RAM>
ST_14 : Operation 172 [1/1] (0.00ns)   --->   "ret void" [cpp/accel/Accel.cpp:926]   --->   Operation 172 'ret' <Predicate = true> <Delay = 0.00>


============================================================
+ Verbose Summary: Timing violations
============================================================
Target clock period: 25ns, clock uncertainty: 3.12ns.

 <State 1>: 1.51ns
The critical path consists of the following:
	wire read on port 'width_mode_V' (cpp/accel/Accel.cpp:766) [32]  (0 ns)
	'shl' operation ('val', cpp/accel/Accel.cpp:812) [49]  (1.51 ns)

 <State 2>: 5.06ns
The critical path consists of the following:
	'phi' operation ('p_0730_0', cpp/accel/Accel.cpp:827) with incoming values : ('select_ln827', cpp/accel/Accel.cpp:827) [55]  (0 ns)
	'shl' operation ('r.V', cpp/accel/Accel.cpp:820) [97]  (2.54 ns)
	'add' operation ('add_ln180_2', cpp/accel/Accel.cpp:820) [100]  (0 ns)
	'add' operation ('add_ln180', cpp/accel/Accel.cpp:820) [103]  (2.52 ns)

 <State 3>: 5.33ns
The critical path consists of the following:
	'load' operation ('dmem_i_V_load_2', cpp/accel/Accel.cpp:825) on array 'dmem_i_V' [80]  (2.66 ns)
	'store' operation ('store_ln825', cpp/accel/Accel.cpp:825) of variable 'dmem_i_V_load_2', cpp/accel/Accel.cpp:825 on array 'dmem_V' [81]  (2.66 ns)

 <State 4>: 1.06ns
The critical path consists of the following:
	multiplexor before 'phi' operation ('i.V') with incoming values : ('i.V', cpp/accel/Accel.cpp:835) [122]  (1.06 ns)

 <State 5>: 2.66ns
The critical path consists of the following:
	'phi' operation ('i.V') with incoming values : ('i.V', cpp/accel/Accel.cpp:835) [122]  (0 ns)
	'getelementptr' operation ('wt_i_V_addr', cpp/accel/Accel.cpp:837) [139]  (0 ns)
	'load' operation ('wt_i_V_load', cpp/accel/Accel.cpp:837) on array 'wt_i_V' [140]  (2.66 ns)

 <State 6>: 5.33ns
The critical path consists of the following:
	'load' operation ('wt_i_V_load', cpp/accel/Accel.cpp:837) on array 'wt_i_V' [140]  (2.66 ns)
	'store' operation ('store_ln837', cpp/accel/Accel.cpp:837) of variable 'wt_i_V_load', cpp/accel/Accel.cpp:837 on array 'wt_mem_V' [141]  (2.66 ns)

 <State 7>: 1.06ns
The critical path consists of the following:
	multiplexor before 'phi' operation ('i.V') with incoming values : ('i.V', cpp/accel/Accel.cpp:842) [147]  (1.06 ns)

 <State 8>: 2.66ns
The critical path consists of the following:
	'phi' operation ('i.V') with incoming values : ('i.V', cpp/accel/Accel.cpp:842) [147]  (0 ns)
	'getelementptr' operation ('kh_i_V_addr', cpp/accel/Accel.cpp:844) [157]  (0 ns)
	'load' operation ('kh_i_V_load', cpp/accel/Accel.cpp:844) on array 'kh_i_V' [158]  (2.66 ns)

 <State 9>: 5.33ns
The critical path consists of the following:
	'load' operation ('kh_i_V_load', cpp/accel/Accel.cpp:844) on array 'kh_i_V' [158]  (2.66 ns)
	'store' operation ('store_ln844', cpp/accel/Accel.cpp:844) of variable 'kh_i_V_load', cpp/accel/Accel.cpp:844 on array 'kh_mem_V' [160]  (2.66 ns)

 <State 10>: 2.66ns
The critical path consists of the following:
	'load' operation ('kh_word.V', cpp/accel/Accel.h:79->cpp/accel/Accel.cpp:873) on array 'kh_mem_V' [165]  (2.66 ns)

 <State 11>: 8.2ns
The critical path consists of the following:
	'load' operation ('kh_word.V', cpp/accel/Accel.h:79->cpp/accel/Accel.cpp:873) on array 'kh_mem_V' [165]  (2.66 ns)
	'select' operation ('comp.V', cpp/accel/Accel.h:83->cpp/accel/Accel.cpp:873) [172]  (0.616 ns)
	'call' operation ('call_ln882', cpp/accel/Accel.cpp:882) to 'bin_conv' [173]  (4.92 ns)

 <State 12>: 0ns
The critical path consists of the following:

 <State 13>: 2.66ns
The critical path consists of the following:
	'getelementptr' operation ('dmem_V_addr_3', cpp/accel/Accel.cpp:919) [178]  (0 ns)
	'load' operation ('dmem_V_load', cpp/accel/Accel.cpp:919) on array 'dmem_V' [181]  (2.66 ns)

 <State 14>: 5.33ns
The critical path consists of the following:
	'load' operation ('dmem_V_load', cpp/accel/Accel.cpp:919) on array 'dmem_V' [181]  (2.66 ns)
	'store' operation ('store_ln916', cpp/accel/Accel.cpp:916) of variable 'dmem_V_load', cpp/accel/Accel.cpp:919 on array 'dmem_o_V' [182]  (2.66 ns)


============================================================
+ Verbose Summary: Binding
============================================================
N/A
* FSMD analyzer results:
  - Output states:
 - Input state : 
  - Chain level:
	State 1
	State 2
	State 3
	State 4
	State 5
	State 6
	State 7
	State 8
	State 9
	State 10
	State 11
	State 12
	State 13
	State 14


============================================================
+ Verbose Summary: Datapath Resource usage 
============================================================
N/A
