

================================================================
== Vivado HLS Report for 'top'
================================================================
* Date:           Fri Mar 26 21:30:40 2021

* Version:        2019.1 (Build 2552052 on Fri May 24 15:28:33 MDT 2019)
* Project:        BNN_6
* Solution:       solution1
* Product family: kintex7
* Target device:  xc7k70t-fbv676-1


================================================================
== Performance Estimates
================================================================
+ Timing (ns): 
    * Summary: 
    +--------+-------+----------+------------+
    |  Clock | Target| Estimated| Uncertainty|
    +--------+-------+----------+------------+
    |ap_clk  |  12.00|    10.489|        1.50|
    +--------+-------+----------+------------+

+ Latency (clock cycles): 
    * Summary: 
    +------+-------------+------+-------------+---------+
    |       Latency      |      Interval      | Pipeline|
    |  min |     max     |  min |     max     |   Type  |
    +------+-------------+------+-------------+---------+
    |  9628|  11438881738|  9628|  11438881738|   none  |
    +------+-------------+------+-------------+---------+

    + Detail: 
        * Instance: 
        N/A

        * Loop: 
        +---------------+------+------+----------+-----------+-----------+------+----------+
        |               |   Latency   | Iteration|  Initiation Interval  | Trip |          |
        |   Loop Name   |  min |  max |  Latency |  achieved |   target  | Count| Pipelined|
        +---------------+------+------+----------+-----------+-----------+------+----------+
        |- LOOP_DMEM_I  |   128|   128|         2|          -|          -|    64|    no    |
        |- LOOP_WT_I    |  9364|  9364|         2|          -|          -|  4682|    no    |
        |- LOOP_KH_I    |   128|   128|         2|          -|          -|    64|    no    |
        +---------------+------+------+----------+-----------+-----------+------+----------+

============================================================
+ Verbose Summary: Synthesis Manager
============================================================
InlineROM: 1
ExposeGlobal: 0
============================================================
+ Verbose Summary: CDFG Model
============================================================
IsTopModel: 1
ResetActiveHigh: 1
IsCombinational: 0
IsDatapathOnly: 0
HasWiredReturn: 1
HasMFsm: 0
HasVarLatency: 1
IsPipeline: 0
IsRtlPipelined: 0
IsInstanceOverlapped: 0
IsDontTouch: 0
HasImplIP: 0
IsGatedGlobalClock: 0


============================================================
+ Verbose Summary: Schedule
============================================================
* Number of FSM states : 13
* Pipeline : 0
* Dataflow Pipeline: 0

* FSM state transitions: 
1 --> 2 
2 --> 3 4 
3 --> 2 
4 --> 5 6 
5 --> 4 
6 --> 7 11 8 9 
7 --> 6 
8 --> 10 
9 --> 10 
10 --> 12 
11 --> 10 
12 --> 13 
13 --> 

* FSM state operations: 

State 1 <SV = 0> <Delay = 1.50>
ST_1 : Operation 14 [1/1] (0.00ns)   --->   "call void (...)* @_ssdm_op_SpecBitsMap([4682 x i64]* %wt_i_V), !map !879"   --->   Operation 14 'specbitsmap' <Predicate = true> <Delay = 0.00>
ST_1 : Operation 15 [1/1] (0.00ns)   --->   "call void (...)* @_ssdm_op_SpecBitsMap([64 x i64]* %kh_i_V), !map !885"   --->   Operation 15 'specbitsmap' <Predicate = true> <Delay = 0.00>
ST_1 : Operation 16 [1/1] (0.00ns)   --->   "call void (...)* @_ssdm_op_SpecBitsMap([2048 x i64]* %dmem_i_V), !map !891"   --->   Operation 16 'specbitsmap' <Predicate = true> <Delay = 0.00>
ST_1 : Operation 17 [1/1] (0.00ns)   --->   "call void (...)* @_ssdm_op_SpecBitsMap([128 x i64]* %dmem_o_V), !map !897"   --->   Operation 17 'specbitsmap' <Predicate = true> <Delay = 0.00>
ST_1 : Operation 18 [1/1] (0.00ns)   --->   "call void (...)* @_ssdm_op_SpecBitsMap(i16 %n_inputs_V), !map !903"   --->   Operation 18 'specbitsmap' <Predicate = true> <Delay = 0.00>
ST_1 : Operation 19 [1/1] (0.00ns)   --->   "call void (...)* @_ssdm_op_SpecBitsMap(i16 %n_outputs_V), !map !909"   --->   Operation 19 'specbitsmap' <Predicate = true> <Delay = 0.00>
ST_1 : Operation 20 [1/1] (0.00ns)   --->   "call void (...)* @_ssdm_op_SpecBitsMap(i16 %input_words_V), !map !913"   --->   Operation 20 'specbitsmap' <Predicate = true> <Delay = 0.00>
ST_1 : Operation 21 [1/1] (0.00ns)   --->   "call void (...)* @_ssdm_op_SpecBitsMap(i16 %output_words_V), !map !917"   --->   Operation 21 'specbitsmap' <Predicate = true> <Delay = 0.00>
ST_1 : Operation 22 [1/1] (0.00ns)   --->   "call void (...)* @_ssdm_op_SpecBitsMap(i3 %layer_mode_V), !map !921"   --->   Operation 22 'specbitsmap' <Predicate = true> <Delay = 0.00>
ST_1 : Operation 23 [1/1] (0.00ns)   --->   "call void (...)* @_ssdm_op_SpecBitsMap(i1 %dmem_mode_V), !map !925"   --->   Operation 23 'specbitsmap' <Predicate = true> <Delay = 0.00>
ST_1 : Operation 24 [1/1] (0.00ns)   --->   "call void (...)* @_ssdm_op_SpecBitsMap(i2 %width_mode_V), !map !929"   --->   Operation 24 'specbitsmap' <Predicate = true> <Delay = 0.00>
ST_1 : Operation 25 [1/1] (0.00ns)   --->   "call void (...)* @_ssdm_op_SpecBitsMap(i2 %norm_mode_V), !map !933"   --->   Operation 25 'specbitsmap' <Predicate = true> <Delay = 0.00>
ST_1 : Operation 26 [1/1] (0.00ns)   --->   "%norm_mode_V_read = call i2 @_ssdm_op_Read.ap_auto.i2(i2 %norm_mode_V)" [cpp/accel/Accel.cpp:700]   --->   Operation 26 'read' 'norm_mode_V_read' <Predicate = true> <Delay = 0.00>
ST_1 : Operation 27 [1/1] (0.00ns)   --->   "%width_mode_V_read = call i2 @_ssdm_op_Read.ap_auto.i2(i2 %width_mode_V)" [cpp/accel/Accel.cpp:700]   --->   Operation 27 'read' 'width_mode_V_read' <Predicate = true> <Delay = 0.00>
ST_1 : Operation 28 [1/1] (0.00ns)   --->   "%dmem_mode_V_read = call i1 @_ssdm_op_Read.ap_auto.i1(i1 %dmem_mode_V)" [cpp/accel/Accel.cpp:700]   --->   Operation 28 'read' 'dmem_mode_V_read' <Predicate = true> <Delay = 0.00>
ST_1 : Operation 29 [1/1] (0.00ns)   --->   "%layer_mode_V_read = call i3 @_ssdm_op_Read.ap_auto.i3(i3 %layer_mode_V)" [cpp/accel/Accel.cpp:700]   --->   Operation 29 'read' 'layer_mode_V_read' <Predicate = true> <Delay = 0.00>
ST_1 : Operation 30 [1/1] (0.00ns)   --->   "%n_outputs_V_read = call i16 @_ssdm_op_Read.ap_auto.i16(i16 %n_outputs_V)" [cpp/accel/Accel.cpp:700]   --->   Operation 30 'read' 'n_outputs_V_read' <Predicate = true> <Delay = 0.00>
ST_1 : Operation 31 [1/1] (0.00ns)   --->   "%dmem_o_V_addr = getelementptr [128 x i64]* %dmem_o_V, i64 0, i64 0" [cpp/accel/Accel.cpp:700]   --->   Operation 31 'getelementptr' 'dmem_o_V_addr' <Predicate = true> <Delay = 0.00>
ST_1 : Operation 32 [1/1] (0.00ns)   --->   "call void (...)* @_ssdm_op_SpecTopModule([4 x i8]* @top_str) nounwind"   --->   Operation 32 'spectopmodule' <Predicate = true> <Delay = 0.00>
ST_1 : Operation 33 [1/1] (0.00ns)   --->   "%layer_type_V = call i2 @_ssdm_op_PartSelect.i2.i3.i32.i32(i3 %layer_mode_V_read, i32 1, i32 2)" [cpp/accel/Accel.cpp:711]   --->   Operation 33 'partselect' 'layer_type_V' <Predicate = true> <Delay = 0.00>
ST_1 : Operation 34 [1/1] (0.00ns)   --->   "%trunc_ln792 = trunc i3 %layer_mode_V_read to i1" [cpp/accel/Accel.cpp:735]   --->   Operation 34 'trunc' 'trunc_ln792' <Predicate = true> <Delay = 0.00>
ST_1 : Operation 35 [1/1] (0.00ns) (grouped into LUT with out node t_V)   --->   "%p_Result_s = xor i1 %trunc_ln792, true" [cpp/accel/Accel.cpp:735]   --->   Operation 35 'xor' 'p_Result_s' <Predicate = true> <Delay = 0.00> <Core = "LogicGate">   --->   Core 27 'LogicGate' <Latency = 0> <II = 1> <Delay = 0.61> <FuncUnit> <Opcode : 'and' 'or' 'xor'> <InPorts = 2> <OutPorts = 1>
ST_1 : Operation 36 [1/1] (0.00ns)   --->   "%p_Val2_s = load i16* @kh_index_V, align 2" [cpp/accel/Accel.cpp:739]   --->   Operation 36 'load' 'p_Val2_s' <Predicate = true> <Delay = 0.00>
ST_1 : Operation 37 [1/1] (0.00ns)   --->   "%trunc_ln780 = trunc i16 %p_Val2_s to i1" [cpp/accel/Accel.cpp:780]   --->   Operation 37 'trunc' 'trunc_ln780' <Predicate = true> <Delay = 0.00>
ST_1 : Operation 38 [1/1] (0.00ns)   --->   "%o_index_V_load = load i16* @o_index_V, align 2" [cpp/accel/Accel.cpp:780]   --->   Operation 38 'load' 'o_index_V_load' <Predicate = true> <Delay = 0.00>
ST_1 : Operation 39 [1/1] (0.61ns) (out node of the LUT)   --->   "%t_V = and i1 %trunc_ln780, %p_Result_s" [cpp/accel/Accel.cpp:735]   --->   Operation 39 'and' 't_V' <Predicate = true> <Delay = 0.61> <Core = "LogicGate">   --->   Core 27 'LogicGate' <Latency = 0> <II = 1> <Delay = 0.61> <FuncUnit> <Opcode : 'and' 'or' 'xor'> <InPorts = 2> <OutPorts = 1>
ST_1 : Operation 40 [1/1] (0.00ns)   --->   "%zext_ln735 = zext i1 %t_V to i16" [cpp/accel/Accel.cpp:735]   --->   Operation 40 'zext' 'zext_ln735' <Predicate = true> <Delay = 0.00>
ST_1 : Operation 41 [1/1] (0.54ns)   --->   "%t_V_1 = select i1 %trunc_ln792, i16 0, i16 %o_index_V_load" [cpp/accel/Accel.cpp:735]   --->   Operation 41 'select' 't_V_1' <Predicate = true> <Delay = 0.54> <Core = "Sel">   --->   Core 26 'Sel' <Latency = 0> <II = 1> <Delay = 0.65> <FuncUnit> <Opcode : 'select'> <InPorts = 3> <OutPorts = 1>
ST_1 : Operation 42 [1/1] (0.61ns)   --->   "%r_V_2 = xor i1 %dmem_mode_V_read, true" [cpp/accel/Accel.cpp:743]   --->   Operation 42 'xor' 'r_V_2' <Predicate = true> <Delay = 0.61> <Core = "LogicGate">   --->   Core 27 'LogicGate' <Latency = 0> <II = 1> <Delay = 0.61> <FuncUnit> <Opcode : 'and' 'or' 'xor'> <InPorts = 2> <OutPorts = 1>
ST_1 : Operation 43 [1/1] (0.00ns)   --->   "%shl_ln = call i3 @_ssdm_op_BitConcatenate.i3.i2.i1(i2 %width_mode_V_read, i1 false)" [cpp/accel/Accel.cpp:746]   --->   Operation 43 'bitconcatenate' 'shl_ln' <Predicate = true> <Delay = 0.00>
ST_1 : Operation 44 [1/1] (0.00ns)   --->   "%zext_ln746 = zext i3 %shl_ln to i16" [cpp/accel/Accel.cpp:746]   --->   Operation 44 'zext' 'zext_ln746' <Predicate = true> <Delay = 0.00>
ST_1 : Operation 45 [1/1] (0.00ns)   --->   "%zext_ln746_1 = zext i3 %shl_ln to i5" [cpp/accel/Accel.cpp:746]   --->   Operation 45 'zext' 'zext_ln746_1' <Predicate = true> <Delay = 0.00>
ST_1 : Operation 46 [1/1] (1.50ns)   --->   "%words_per_image_V = shl i5 1, %zext_ln746_1" [cpp/accel/Accel.cpp:746]   --->   Operation 46 'shl' 'words_per_image_V' <Predicate = true> <Delay = 1.50> <Core = "Shift">   --->   Core 28 'Shift' <Latency = 0> <II = 1> <Delay = 2.54> <FuncUnit> <Opcode : 'shl' 'lshr' 'ashr'> <InPorts = 2> <OutPorts = 1>
ST_1 : Operation 47 [1/1] (0.64ns)   --->   "%icmp_ln879 = icmp eq i2 %layer_type_V, 1" [cpp/accel/Accel.cpp:750]   --->   Operation 47 'icmp' 'icmp_ln879' <Predicate = true> <Delay = 0.64> <Core = "Cmp">   --->   Core 25 'Cmp' <Latency = 0> <II = 1> <Delay = 1.18> <FuncUnit> <Opcode : 'icmp'> <InPorts = 2> <OutPorts = 1>
ST_1 : Operation 48 [1/1] (0.00ns)   --->   "%zext_ln879 = zext i5 %words_per_image_V to i10" [cpp/accel/Accel.cpp:755]   --->   Operation 48 'zext' 'zext_ln879' <Predicate = true> <Delay = 0.00>
ST_1 : Operation 49 [1/1] (0.64ns)   --->   "%icmp_ln879_1 = icmp eq i2 %layer_type_V, 0" [cpp/accel/Accel.cpp:755]   --->   Operation 49 'icmp' 'icmp_ln879_1' <Predicate = true> <Delay = 0.64> <Core = "Cmp">   --->   Core 25 'Cmp' <Latency = 0> <II = 1> <Delay = 1.18> <FuncUnit> <Opcode : 'icmp'> <InPorts = 2> <OutPorts = 1>
ST_1 : Operation 50 [1/1] (1.06ns)   --->   "br label %0" [cpp/accel/Accel.cpp:749]   --->   Operation 50 'br' <Predicate = true> <Delay = 1.06>

State 2 <SV = 1> <Delay = 2.66>
ST_2 : Operation 51 [1/1] (0.00ns)   --->   "%p_0701_0 = phi i16 [ 0, %._crit_edge ], [ %select_ln760, %6 ]" [cpp/accel/Accel.cpp:760]   --->   Operation 51 'phi' 'p_0701_0' <Predicate = true> <Delay = 0.00>
ST_2 : Operation 52 [1/1] (0.00ns)   --->   "%p_0869_0 = phi i10 [ 0, %._crit_edge ], [ %select_ln760_1, %6 ]" [cpp/accel/Accel.cpp:760]   --->   Operation 52 'phi' 'p_0869_0' <Predicate = true> <Delay = 0.00>
ST_2 : Operation 53 [1/1] (0.00ns)   --->   "%p_0229_0 = phi i7 [ 0, %._crit_edge ], [ %i_V_2, %6 ]"   --->   Operation 53 'phi' 'p_0229_0' <Predicate = true> <Delay = 0.00>
ST_2 : Operation 54 [1/1] (0.00ns)   --->   "%ret_V_4 = trunc i7 %p_0229_0 to i1" [cpp/accel/Accel.cpp:749]   --->   Operation 54 'trunc' 'ret_V_4' <Predicate = true> <Delay = 0.00>
ST_2 : Operation 55 [1/1] (0.00ns)   --->   "%ret_V_2 = trunc i7 %p_0229_0 to i6" [cpp/accel/Accel.cpp:749]   --->   Operation 55 'trunc' 'ret_V_2' <Predicate = true> <Delay = 0.00>
ST_2 : Operation 56 [1/1] (1.18ns)   --->   "%icmp_ln887 = icmp eq i7 %p_0229_0, -64" [cpp/accel/Accel.cpp:749]   --->   Operation 56 'icmp' 'icmp_ln887' <Predicate = true> <Delay = 1.18> <Core = "Cmp">   --->   Core 25 'Cmp' <Latency = 0> <II = 1> <Delay = 1.18> <FuncUnit> <Opcode : 'icmp'> <InPorts = 2> <OutPorts = 1>
ST_2 : Operation 57 [1/1] (0.00ns)   --->   "%empty = call i32 (...)* @_ssdm_op_SpecLoopTripCount(i64 64, i64 64, i64 64)"   --->   Operation 57 'speclooptripcount' 'empty' <Predicate = true> <Delay = 0.00>
ST_2 : Operation 58 [1/1] (1.37ns)   --->   "%i_V_2 = add i7 1, %p_0229_0" [cpp/accel/Accel.cpp:749]   --->   Operation 58 'add' 'i_V_2' <Predicate = true> <Delay = 1.37> <Core = "AddSub">   --->   Core 14 'AddSub' <Latency = 0> <II = 1> <Delay = 1.48> <FuncUnit> <Opcode : 'add' 'sub'> <InPorts = 2> <OutPorts = 1>
ST_2 : Operation 59 [1/1] (0.00ns)   --->   "br i1 %icmp_ln887, label %.preheader1450.preheader, label %1" [cpp/accel/Accel.cpp:749]   --->   Operation 59 'br' <Predicate = true> <Delay = 0.00>
ST_2 : Operation 60 [1/1] (0.00ns)   --->   "call void (...)* @_ssdm_op_SpecLoopName([12 x i8]* @p_str44) nounwind" [cpp/accel/Accel.cpp:749]   --->   Operation 60 'specloopname' <Predicate = (!icmp_ln887)> <Delay = 0.00>
ST_2 : Operation 61 [1/1] (0.00ns)   --->   "br i1 %icmp_ln879, label %_ZNK11ap_int_baseILi16ELb0EElsILi34EEE7ap_uintILi16EERKS_IXT_ELb1EE.exit, label %2" [cpp/accel/Accel.cpp:750]   --->   Operation 61 'br' <Predicate = (!icmp_ln887)> <Delay = 0.00>
ST_2 : Operation 62 [1/1] (0.00ns)   --->   "br i1 %icmp_ln879_1, label %3, label %4" [cpp/accel/Accel.cpp:755]   --->   Operation 62 'br' <Predicate = (!icmp_ln887 & !icmp_ln879)> <Delay = 0.00>
ST_2 : Operation 63 [1/1] (0.00ns)   --->   "%ret_V_6 = call i6 @_ssdm_op_PartSelect.i6.i7.i32.i32(i7 %p_0229_0, i32 1, i32 6)" [cpp/accel/Accel.cpp:758]   --->   Operation 63 'partselect' 'ret_V_6' <Predicate = (!icmp_ln887 & !icmp_ln879 & !icmp_ln879_1)> <Delay = 0.00>
ST_2 : Operation 64 [1/1] (0.00ns)   --->   "%zext_ln544_3 = zext i7 %p_0229_0 to i64" [cpp/accel/Accel.cpp:758]   --->   Operation 64 'zext' 'zext_ln544_3' <Predicate = (!icmp_ln887 & !icmp_ln879 & !icmp_ln879_1)> <Delay = 0.00>
ST_2 : Operation 65 [1/1] (0.00ns)   --->   "%dmem_i_V_addr_2 = getelementptr [2048 x i64]* %dmem_i_V, i64 0, i64 %zext_ln544_3" [cpp/accel/Accel.cpp:758]   --->   Operation 65 'getelementptr' 'dmem_i_V_addr_2' <Predicate = (!icmp_ln887 & !icmp_ln879 & !icmp_ln879_1)> <Delay = 0.00>
ST_2 : Operation 66 [2/2] (2.66ns)   --->   "%dmem_i_V_load_2 = load i64* %dmem_i_V_addr_2, align 8" [cpp/accel/Accel.cpp:758]   --->   Operation 66 'load' 'dmem_i_V_load_2' <Predicate = (!icmp_ln887 & !icmp_ln879 & !icmp_ln879_1)> <Delay = 2.66> <Core = "RAM">   --->   Core 37 'RAM' <Latency = 1> <II = 1> <Delay = 2.66> <Storage> <Opcode : 'load' 'store'> <Ports = 2> <Width = 64> <Depth = 128> <RAM>
ST_2 : Operation 67 [1/1] (0.00ns)   --->   "%zext_ln544_2 = zext i7 %p_0229_0 to i64" [cpp/accel/Accel.cpp:756]   --->   Operation 67 'zext' 'zext_ln544_2' <Predicate = (!icmp_ln887 & !icmp_ln879 & icmp_ln879_1)> <Delay = 0.00>
ST_2 : Operation 68 [1/1] (0.00ns)   --->   "%dmem_i_V_addr_1 = getelementptr [2048 x i64]* %dmem_i_V, i64 0, i64 %zext_ln544_2" [cpp/accel/Accel.cpp:756]   --->   Operation 68 'getelementptr' 'dmem_i_V_addr_1' <Predicate = (!icmp_ln887 & !icmp_ln879 & icmp_ln879_1)> <Delay = 0.00>
ST_2 : Operation 69 [2/2] (2.66ns)   --->   "%dmem_i_V_load_1 = load i64* %dmem_i_V_addr_1, align 8" [cpp/accel/Accel.cpp:756]   --->   Operation 69 'load' 'dmem_i_V_load_1' <Predicate = (!icmp_ln887 & !icmp_ln879 & icmp_ln879_1)> <Delay = 2.66> <Core = "RAM">   --->   Core 37 'RAM' <Latency = 1> <II = 1> <Delay = 2.66> <Storage> <Opcode : 'load' 'store'> <Ports = 2> <Width = 64> <Depth = 128> <RAM>
ST_2 : Operation 70 [1/1] (0.00ns)   --->   "%ret_V_9 = call i15 @_ssdm_op_PartSelect.i15.i16.i32.i32(i16 %p_0701_0, i32 1, i32 15)" [cpp/accel/Accel.cpp:752]   --->   Operation 70 'partselect' 'ret_V_9' <Predicate = (!icmp_ln887 & icmp_ln879)> <Delay = 0.00>
ST_2 : Operation 71 [1/1] (0.00ns)   --->   "%ret_V_5 = zext i15 %ret_V_9 to i16" [cpp/accel/Accel.cpp:752]   --->   Operation 71 'zext' 'ret_V_5' <Predicate = (!icmp_ln887 & icmp_ln879)> <Delay = 0.00>
ST_2 : Operation 72 [1/1] (2.54ns)   --->   "%r_V = shl i16 %ret_V_5, %zext_ln746" [cpp/accel/Accel.cpp:753]   --->   Operation 72 'shl' 'r_V' <Predicate = (!icmp_ln887 & icmp_ln879)> <Delay = 2.54> <Core = "Shift">   --->   Core 28 'Shift' <Latency = 0> <II = 1> <Delay = 2.54> <FuncUnit> <Opcode : 'shl' 'lshr' 'ashr'> <InPorts = 2> <OutPorts = 1>
ST_2 : Operation 73 [1/1] (0.00ns)   --->   "%trunc_ln887_3 = trunc i16 %r_V to i14" [cpp/accel/Accel.cpp:749]   --->   Operation 73 'trunc' 'trunc_ln887_3' <Predicate = (!icmp_ln887 & icmp_ln879)> <Delay = 0.00>
ST_2 : Operation 74 [1/1] (0.00ns)   --->   "%zext_ln544 = zext i7 %p_0229_0 to i64" [cpp/accel/Accel.cpp:753]   --->   Operation 74 'zext' 'zext_ln544' <Predicate = (!icmp_ln887 & icmp_ln879)> <Delay = 0.00>
ST_2 : Operation 75 [1/1] (0.00ns)   --->   "%dmem_i_V_addr = getelementptr [2048 x i64]* %dmem_i_V, i64 0, i64 %zext_ln544" [cpp/accel/Accel.cpp:753]   --->   Operation 75 'getelementptr' 'dmem_i_V_addr' <Predicate = (!icmp_ln887 & icmp_ln879)> <Delay = 0.00>
ST_2 : Operation 76 [2/2] (2.66ns)   --->   "%dmem_i_V_load = load i64* %dmem_i_V_addr, align 8" [cpp/accel/Accel.cpp:753]   --->   Operation 76 'load' 'dmem_i_V_load' <Predicate = (!icmp_ln887 & icmp_ln879)> <Delay = 2.66> <Core = "RAM">   --->   Core 37 'RAM' <Latency = 1> <II = 1> <Delay = 2.66> <Storage> <Opcode : 'load' 'store'> <Ports = 2> <Width = 64> <Depth = 128> <RAM>
ST_2 : Operation 77 [1/1] (1.06ns)   --->   "br label %.preheader1450" [cpp/accel/Accel.cpp:768]   --->   Operation 77 'br' <Predicate = (icmp_ln887)> <Delay = 1.06>

State 3 <SV = 2> <Delay = 5.32>
ST_3 : Operation 78 [1/1] (0.00ns)   --->   "%ret_V_3 = zext i6 %ret_V_6 to i7" [cpp/accel/Accel.cpp:758]   --->   Operation 78 'zext' 'ret_V_3' <Predicate = (!icmp_ln879 & !icmp_ln879_1)> <Delay = 0.00>
ST_3 : Operation 79 [1/1] (0.00ns)   --->   "%tmp_2 = call i12 @_ssdm_op_BitConcatenate.i12.i1.i1.i3.i7(i1 %dmem_mode_V_read, i1 %ret_V_4, i3 0, i7 %ret_V_3)" [cpp/accel/Accel.cpp:758]   --->   Operation 79 'bitconcatenate' 'tmp_2' <Predicate = (!icmp_ln879 & !icmp_ln879_1)> <Delay = 0.00>
ST_3 : Operation 80 [1/1] (0.00ns)   --->   "%zext_ln180_2 = zext i12 %tmp_2 to i64" [cpp/accel/Accel.cpp:758]   --->   Operation 80 'zext' 'zext_ln180_2' <Predicate = (!icmp_ln879 & !icmp_ln879_1)> <Delay = 0.00>
ST_3 : Operation 81 [1/1] (0.00ns)   --->   "%dmem_V_addr_2 = getelementptr [4096 x i64]* @dmem_V, i64 0, i64 %zext_ln180_2" [cpp/accel/Accel.cpp:758]   --->   Operation 81 'getelementptr' 'dmem_V_addr_2' <Predicate = (!icmp_ln879 & !icmp_ln879_1)> <Delay = 0.00>
ST_3 : Operation 82 [1/2] (2.66ns)   --->   "%dmem_i_V_load_2 = load i64* %dmem_i_V_addr_2, align 8" [cpp/accel/Accel.cpp:758]   --->   Operation 82 'load' 'dmem_i_V_load_2' <Predicate = (!icmp_ln879 & !icmp_ln879_1)> <Delay = 2.66> <Core = "RAM">   --->   Core 37 'RAM' <Latency = 1> <II = 1> <Delay = 2.66> <Storage> <Opcode : 'load' 'store'> <Ports = 2> <Width = 64> <Depth = 128> <RAM>
ST_3 : Operation 83 [1/1] (2.66ns)   --->   "store i64 %dmem_i_V_load_2, i64* %dmem_V_addr_2, align 8" [cpp/accel/Accel.cpp:758]   --->   Operation 83 'store' <Predicate = (!icmp_ln879 & !icmp_ln879_1)> <Delay = 2.66> <Core = "RAM">   --->   Core 37 'RAM' <Latency = 1> <II = 1> <Delay = 2.66> <Storage> <Opcode : 'load' 'store'> <Ports = 2> <Width = 64> <Depth = 128> <RAM>
ST_3 : Operation 84 [1/1] (0.00ns)   --->   "br label %5"   --->   Operation 84 'br' <Predicate = (!icmp_ln879 & !icmp_ln879_1)> <Delay = 0.00>
ST_3 : Operation 85 [1/1] (0.00ns)   --->   "%tmp_1 = call i12 @_ssdm_op_BitConcatenate.i12.i1.i5.i6(i1 %dmem_mode_V_read, i5 0, i6 %ret_V_2)" [cpp/accel/Accel.cpp:756]   --->   Operation 85 'bitconcatenate' 'tmp_1' <Predicate = (!icmp_ln879 & icmp_ln879_1)> <Delay = 0.00>
ST_3 : Operation 86 [1/1] (0.00ns)   --->   "%zext_ln180_1 = zext i12 %tmp_1 to i64" [cpp/accel/Accel.cpp:756]   --->   Operation 86 'zext' 'zext_ln180_1' <Predicate = (!icmp_ln879 & icmp_ln879_1)> <Delay = 0.00>
ST_3 : Operation 87 [1/1] (0.00ns)   --->   "%dmem_V_addr_1 = getelementptr [4096 x i64]* @dmem_V, i64 0, i64 %zext_ln180_1" [cpp/accel/Accel.cpp:756]   --->   Operation 87 'getelementptr' 'dmem_V_addr_1' <Predicate = (!icmp_ln879 & icmp_ln879_1)> <Delay = 0.00>
ST_3 : Operation 88 [1/2] (2.66ns)   --->   "%dmem_i_V_load_1 = load i64* %dmem_i_V_addr_1, align 8" [cpp/accel/Accel.cpp:756]   --->   Operation 88 'load' 'dmem_i_V_load_1' <Predicate = (!icmp_ln879 & icmp_ln879_1)> <Delay = 2.66> <Core = "RAM">   --->   Core 37 'RAM' <Latency = 1> <II = 1> <Delay = 2.66> <Storage> <Opcode : 'load' 'store'> <Ports = 2> <Width = 64> <Depth = 128> <RAM>
ST_3 : Operation 89 [1/1] (2.66ns)   --->   "store i64 %dmem_i_V_load_1, i64* %dmem_V_addr_1, align 8" [cpp/accel/Accel.cpp:756]   --->   Operation 89 'store' <Predicate = (!icmp_ln879 & icmp_ln879_1)> <Delay = 2.66> <Core = "RAM">   --->   Core 37 'RAM' <Latency = 1> <II = 1> <Delay = 2.66> <Storage> <Opcode : 'load' 'store'> <Ports = 2> <Width = 64> <Depth = 128> <RAM>
ST_3 : Operation 90 [1/1] (0.00ns)   --->   "br label %5" [cpp/accel/Accel.cpp:756]   --->   Operation 90 'br' <Predicate = (!icmp_ln879 & icmp_ln879_1)> <Delay = 0.00>
ST_3 : Operation 91 [1/1] (0.00ns)   --->   "br label %6"   --->   Operation 91 'br' <Predicate = (!icmp_ln879)> <Delay = 0.00>
ST_3 : Operation 92 [1/1] (0.00ns)   --->   "%zext_ln887 = zext i10 %p_0869_0 to i14" [cpp/accel/Accel.cpp:749]   --->   Operation 92 'zext' 'zext_ln887' <Predicate = (icmp_ln879)> <Delay = 0.00>
ST_3 : Operation 93 [1/1] (0.00ns) (grouped into TernaryAdder)   --->   "%add_ln887 = add i14 %trunc_ln887_3, %zext_ln887" [cpp/accel/Accel.cpp:749]   --->   Operation 93 'add' 'add_ln887' <Predicate = (icmp_ln879)> <Delay = 0.00> <Core = "TAddSub">   --->   Core 83 'TAddSub' <Latency = 0> <II = 1> <Delay = 1.25> <IPBlock> <Opcode : 'add' 'sub'> <InPorts = 3> <OutPorts = 1> <Sync> <CReg>
ST_3 : Operation 94 [1/1] (0.00ns)   --->   "%trunc_ln887_4 = trunc i16 %p_0701_0 to i1" [cpp/accel/Accel.cpp:749]   --->   Operation 94 'trunc' 'trunc_ln887_4' <Predicate = (icmp_ln879)> <Delay = 0.00>
ST_3 : Operation 95 [1/1] (0.00ns)   --->   "%tmp = call i12 @_ssdm_op_BitConcatenate.i12.i1.i1.i10(i1 %dmem_mode_V_read, i1 %trunc_ln887_4, i10 0)" [cpp/accel/Accel.cpp:753]   --->   Operation 95 'bitconcatenate' 'tmp' <Predicate = (icmp_ln879)> <Delay = 0.00>
ST_3 : Operation 96 [1/1] (0.00ns)   --->   "%zext_ln180 = zext i12 %tmp to i14" [cpp/accel/Accel.cpp:753]   --->   Operation 96 'zext' 'zext_ln180' <Predicate = (icmp_ln879)> <Delay = 0.00>
ST_3 : Operation 97 [1/1] (2.51ns) (root node of TernaryAdder)   --->   "%add_ln180 = add i14 %add_ln887, %zext_ln180" [cpp/accel/Accel.cpp:753]   --->   Operation 97 'add' 'add_ln180' <Predicate = (icmp_ln879)> <Delay = 2.51> <Core = "TAddSub">   --->   Core 83 'TAddSub' <Latency = 0> <II = 1> <Delay = 1.25> <IPBlock> <Opcode : 'add' 'sub'> <InPorts = 3> <OutPorts = 1> <Sync> <CReg>
ST_3 : Operation 98 [1/1] (0.00ns)   --->   "%zext_ln180_4 = zext i14 %add_ln180 to i64" [cpp/accel/Accel.cpp:753]   --->   Operation 98 'zext' 'zext_ln180_4' <Predicate = (icmp_ln879)> <Delay = 0.00>
ST_3 : Operation 99 [1/1] (0.00ns)   --->   "%dmem_V_addr = getelementptr [4096 x i64]* @dmem_V, i64 0, i64 %zext_ln180_4" [cpp/accel/Accel.cpp:753]   --->   Operation 99 'getelementptr' 'dmem_V_addr' <Predicate = (icmp_ln879)> <Delay = 0.00>
ST_3 : Operation 100 [1/2] (2.66ns)   --->   "%dmem_i_V_load = load i64* %dmem_i_V_addr, align 8" [cpp/accel/Accel.cpp:753]   --->   Operation 100 'load' 'dmem_i_V_load' <Predicate = (icmp_ln879)> <Delay = 2.66> <Core = "RAM">   --->   Core 37 'RAM' <Latency = 1> <II = 1> <Delay = 2.66> <Storage> <Opcode : 'load' 'store'> <Ports = 2> <Width = 64> <Depth = 128> <RAM>
ST_3 : Operation 101 [1/1] (2.66ns)   --->   "store i64 %dmem_i_V_load, i64* %dmem_V_addr, align 8" [cpp/accel/Accel.cpp:753]   --->   Operation 101 'store' <Predicate = (icmp_ln879)> <Delay = 2.66> <Core = "RAM">   --->   Core 37 'RAM' <Latency = 1> <II = 1> <Delay = 2.66> <Storage> <Opcode : 'load' 'store'> <Ports = 2> <Width = 64> <Depth = 128> <RAM>
ST_3 : Operation 102 [1/1] (0.00ns)   --->   "br label %6" [cpp/accel/Accel.cpp:754]   --->   Operation 102 'br' <Predicate = (icmp_ln879)> <Delay = 0.00>
ST_3 : Operation 103 [1/1] (1.41ns)   --->   "%img_off_V = add i10 %p_0869_0, 1" [cpp/accel/Accel.cpp:760]   --->   Operation 103 'add' 'img_off_V' <Predicate = true> <Delay = 1.41> <Core = "AddSub">   --->   Core 14 'AddSub' <Latency = 0> <II = 1> <Delay = 1.48> <FuncUnit> <Opcode : 'add' 'sub'> <InPorts = 2> <OutPorts = 1>
ST_3 : Operation 104 [1/1] (1.29ns)   --->   "%icmp_ln879_2 = icmp eq i10 %img_off_V, %zext_ln879" [cpp/accel/Accel.cpp:760]   --->   Operation 104 'icmp' 'icmp_ln879_2' <Predicate = true> <Delay = 1.29> <Core = "Cmp">   --->   Core 25 'Cmp' <Latency = 0> <II = 1> <Delay = 1.18> <FuncUnit> <Opcode : 'icmp'> <InPorts = 2> <OutPorts = 1>
ST_3 : Operation 105 [1/1] (1.48ns)   --->   "%img_idx_V = add i16 %p_0701_0, 1" [cpp/accel/Accel.cpp:762]   --->   Operation 105 'add' 'img_idx_V' <Predicate = true> <Delay = 1.48> <Core = "AddSub">   --->   Core 14 'AddSub' <Latency = 0> <II = 1> <Delay = 1.48> <FuncUnit> <Opcode : 'add' 'sub'> <InPorts = 2> <OutPorts = 1>
ST_3 : Operation 106 [1/1] (0.54ns)   --->   "%select_ln760 = select i1 %icmp_ln879_2, i16 %img_idx_V, i16 %p_0701_0" [cpp/accel/Accel.cpp:760]   --->   Operation 106 'select' 'select_ln760' <Predicate = true> <Delay = 0.54> <Core = "Sel">   --->   Core 26 'Sel' <Latency = 0> <II = 1> <Delay = 0.65> <FuncUnit> <Opcode : 'select'> <InPorts = 3> <OutPorts = 1>
ST_3 : Operation 107 [1/1] (0.45ns)   --->   "%select_ln760_1 = select i1 %icmp_ln879_2, i10 0, i10 %img_off_V" [cpp/accel/Accel.cpp:760]   --->   Operation 107 'select' 'select_ln760_1' <Predicate = true> <Delay = 0.45> <Core = "Sel">   --->   Core 26 'Sel' <Latency = 0> <II = 1> <Delay = 0.65> <FuncUnit> <Opcode : 'select'> <InPorts = 3> <OutPorts = 1>
ST_3 : Operation 108 [1/1] (0.00ns)   --->   "br label %0" [cpp/accel/Accel.cpp:749]   --->   Operation 108 'br' <Predicate = true> <Delay = 0.00>

State 4 <SV = 2> <Delay = 2.66>
ST_4 : Operation 109 [1/1] (0.00ns)   --->   "%p_0492_0 = phi i13 [ %i_V, %7 ], [ 0, %.preheader1450.preheader ]"   --->   Operation 109 'phi' 'p_0492_0' <Predicate = true> <Delay = 0.00>
ST_4 : Operation 110 [1/1] (0.00ns)   --->   "%ret_V = trunc i13 %p_0492_0 to i1" [cpp/accel/Accel.cpp:768]   --->   Operation 110 'trunc' 'ret_V' <Predicate = true> <Delay = 0.00>
ST_4 : Operation 111 [1/1] (1.39ns)   --->   "%icmp_ln887_1 = icmp eq i13 %p_0492_0, -3510" [cpp/accel/Accel.cpp:768]   --->   Operation 111 'icmp' 'icmp_ln887_1' <Predicate = true> <Delay = 1.39> <Core = "Cmp">   --->   Core 25 'Cmp' <Latency = 0> <II = 1> <Delay = 1.18> <FuncUnit> <Opcode : 'icmp'> <InPorts = 2> <OutPorts = 1>
ST_4 : Operation 112 [1/1] (0.00ns)   --->   "%empty_35 = call i32 (...)* @_ssdm_op_SpecLoopTripCount(i64 4682, i64 4682, i64 4682)"   --->   Operation 112 'speclooptripcount' 'empty_35' <Predicate = true> <Delay = 0.00>
ST_4 : Operation 113 [1/1] (1.45ns)   --->   "%i_V = add i13 1, %p_0492_0" [cpp/accel/Accel.cpp:768]   --->   Operation 113 'add' 'i_V' <Predicate = true> <Delay = 1.45> <Core = "AddSub">   --->   Core 14 'AddSub' <Latency = 0> <II = 1> <Delay = 1.48> <FuncUnit> <Opcode : 'add' 'sub'> <InPorts = 2> <OutPorts = 1>
ST_4 : Operation 114 [1/1] (0.00ns)   --->   "br i1 %icmp_ln887_1, label %.preheader.preheader, label %7" [cpp/accel/Accel.cpp:768]   --->   Operation 114 'br' <Predicate = true> <Delay = 0.00>
ST_4 : Operation 115 [1/1] (0.00ns) (grouped into LUT with out node add_ln180_1)   --->   "%tmp_4 = call i12 @_ssdm_op_PartSelect.i12.i13.i32.i32(i13 %p_0492_0, i32 1, i32 12)" [cpp/accel/Accel.cpp:769]   --->   Operation 115 'partselect' 'tmp_4' <Predicate = (!icmp_ln887_1)> <Delay = 0.00>
ST_4 : Operation 116 [1/1] (0.00ns) (grouped into LUT with out node add_ln180_1)   --->   "%zext_ln1372 = zext i12 %tmp_4 to i13" [cpp/accel/Accel.cpp:769]   --->   Operation 116 'zext' 'zext_ln1372' <Predicate = (!icmp_ln887_1)> <Delay = 0.00>
ST_4 : Operation 117 [1/1] (0.00ns) (grouped into LUT with out node add_ln180_1)   --->   "%select_ln180 = select i1 %ret_V, i13 2341, i13 0" [cpp/accel/Accel.cpp:769]   --->   Operation 117 'select' 'select_ln180' <Predicate = (!icmp_ln887_1)> <Delay = 0.00> <Core = "Sel">   --->   Core 26 'Sel' <Latency = 0> <II = 1> <Delay = 0.65> <FuncUnit> <Opcode : 'select'> <InPorts = 3> <OutPorts = 1>
ST_4 : Operation 118 [1/1] (1.45ns) (out node of the LUT)   --->   "%add_ln180_1 = add i13 %zext_ln1372, %select_ln180" [cpp/accel/Accel.cpp:769]   --->   Operation 118 'add' 'add_ln180_1' <Predicate = (!icmp_ln887_1)> <Delay = 1.45> <Core = "AddSub">   --->   Core 14 'AddSub' <Latency = 0> <II = 1> <Delay = 1.48> <FuncUnit> <Opcode : 'add' 'sub'> <InPorts = 2> <OutPorts = 1>
ST_4 : Operation 119 [1/1] (0.00ns)   --->   "%zext_ln544_1 = zext i13 %p_0492_0 to i64" [cpp/accel/Accel.cpp:769]   --->   Operation 119 'zext' 'zext_ln544_1' <Predicate = (!icmp_ln887_1)> <Delay = 0.00>
ST_4 : Operation 120 [1/1] (0.00ns)   --->   "%wt_i_V_addr = getelementptr [4682 x i64]* %wt_i_V, i64 0, i64 %zext_ln544_1" [cpp/accel/Accel.cpp:769]   --->   Operation 120 'getelementptr' 'wt_i_V_addr' <Predicate = (!icmp_ln887_1)> <Delay = 0.00>
ST_4 : Operation 121 [2/2] (2.66ns)   --->   "%wt_i_V_load = load i64* %wt_i_V_addr, align 8" [cpp/accel/Accel.cpp:769]   --->   Operation 121 'load' 'wt_i_V_load' <Predicate = (!icmp_ln887_1)> <Delay = 2.66> <Core = "RAM">   --->   Core 37 'RAM' <Latency = 1> <II = 1> <Delay = 2.66> <Storage> <Opcode : 'load' 'store'> <Ports = 2> <Width = 64> <Depth = 128> <RAM>
ST_4 : Operation 122 [1/1] (1.06ns)   --->   "br label %.preheader" [cpp/accel/Accel.cpp:774]   --->   Operation 122 'br' <Predicate = (icmp_ln887_1)> <Delay = 1.06>

State 5 <SV = 3> <Delay = 5.32>
ST_5 : Operation 123 [1/1] (0.00ns)   --->   "call void (...)* @_ssdm_op_SpecLoopName([10 x i8]* @p_str45159) nounwind" [cpp/accel/Accel.cpp:768]   --->   Operation 123 'specloopname' <Predicate = true> <Delay = 0.00>
ST_5 : Operation 124 [1/1] (0.00ns)   --->   "%zext_ln180_5 = zext i13 %add_ln180_1 to i64" [cpp/accel/Accel.cpp:769]   --->   Operation 124 'zext' 'zext_ln180_5' <Predicate = true> <Delay = 0.00>
ST_5 : Operation 125 [1/1] (0.00ns)   --->   "%wt_mem_V_addr = getelementptr [4682 x i64]* @wt_mem_V, i64 0, i64 %zext_ln180_5" [cpp/accel/Accel.cpp:769]   --->   Operation 125 'getelementptr' 'wt_mem_V_addr' <Predicate = true> <Delay = 0.00>
ST_5 : Operation 126 [1/2] (2.66ns)   --->   "%wt_i_V_load = load i64* %wt_i_V_addr, align 8" [cpp/accel/Accel.cpp:769]   --->   Operation 126 'load' 'wt_i_V_load' <Predicate = true> <Delay = 2.66> <Core = "RAM">   --->   Core 37 'RAM' <Latency = 1> <II = 1> <Delay = 2.66> <Storage> <Opcode : 'load' 'store'> <Ports = 2> <Width = 64> <Depth = 128> <RAM>
ST_5 : Operation 127 [1/1] (2.66ns)   --->   "store i64 %wt_i_V_load, i64* %wt_mem_V_addr, align 8" [cpp/accel/Accel.cpp:769]   --->   Operation 127 'store' <Predicate = true> <Delay = 2.66> <Core = "RAM">   --->   Core 37 'RAM' <Latency = 1> <II = 1> <Delay = 2.66> <Storage> <Opcode : 'load' 'store'> <Ports = 2> <Width = 64> <Depth = 128> <RAM>
ST_5 : Operation 128 [1/1] (0.00ns)   --->   "br label %.preheader1450" [cpp/accel/Accel.cpp:768]   --->   Operation 128 'br' <Predicate = true> <Delay = 0.00>

State 6 <SV = 3> <Delay = 2.66>
ST_6 : Operation 129 [1/1] (0.00ns)   --->   "%p_0595_0 = phi i7 [ %i_V_1, %8 ], [ 0, %.preheader.preheader ]"   --->   Operation 129 'phi' 'p_0595_0' <Predicate = true> <Delay = 0.00>
ST_6 : Operation 130 [1/1] (1.18ns)   --->   "%icmp_ln887_2 = icmp eq i7 %p_0595_0, -64" [cpp/accel/Accel.cpp:774]   --->   Operation 130 'icmp' 'icmp_ln887_2' <Predicate = true> <Delay = 1.18> <Core = "Cmp">   --->   Core 25 'Cmp' <Latency = 0> <II = 1> <Delay = 1.18> <FuncUnit> <Opcode : 'icmp'> <InPorts = 2> <OutPorts = 1>
ST_6 : Operation 131 [1/1] (0.00ns)   --->   "%empty_36 = call i32 (...)* @_ssdm_op_SpecLoopTripCount(i64 64, i64 64, i64 64)"   --->   Operation 131 'speclooptripcount' 'empty_36' <Predicate = true> <Delay = 0.00>
ST_6 : Operation 132 [1/1] (1.37ns)   --->   "%i_V_1 = add i7 %p_0595_0, 1" [cpp/accel/Accel.cpp:774]   --->   Operation 132 'add' 'i_V_1' <Predicate = true> <Delay = 1.37> <Core = "AddSub">   --->   Core 14 'AddSub' <Latency = 0> <II = 1> <Delay = 1.48> <FuncUnit> <Opcode : 'add' 'sub'> <InPorts = 2> <OutPorts = 1>
ST_6 : Operation 133 [1/1] (0.00ns)   --->   "br i1 %icmp_ln887_2, label %9, label %8" [cpp/accel/Accel.cpp:774]   --->   Operation 133 'br' <Predicate = true> <Delay = 0.00>
ST_6 : Operation 134 [1/1] (0.00ns)   --->   "%zext_ln544_4 = zext i7 %p_0595_0 to i64" [cpp/accel/Accel.cpp:775]   --->   Operation 134 'zext' 'zext_ln544_4' <Predicate = (!icmp_ln887_2)> <Delay = 0.00>
ST_6 : Operation 135 [1/1] (0.00ns)   --->   "%kh_i_V_addr = getelementptr [64 x i64]* %kh_i_V, i64 0, i64 %zext_ln544_4" [cpp/accel/Accel.cpp:775]   --->   Operation 135 'getelementptr' 'kh_i_V_addr' <Predicate = (!icmp_ln887_2)> <Delay = 0.00>
ST_6 : Operation 136 [2/2] (2.66ns)   --->   "%kh_i_V_load = load i64* %kh_i_V_addr, align 8" [cpp/accel/Accel.cpp:775]   --->   Operation 136 'load' 'kh_i_V_load' <Predicate = (!icmp_ln887_2)> <Delay = 2.66> <Core = "RAM">   --->   Core 37 'RAM' <Latency = 1> <II = 1> <Delay = 2.66> <Storage> <Opcode : 'load' 'store'> <Ports = 2> <Width = 64> <Depth = 128> <RAM>
ST_6 : Operation 137 [1/1] (0.00ns)   --->   "br i1 %icmp_ln879_1, label %._crit_edge1468, label %10" [cpp/accel/Accel.cpp:777]   --->   Operation 137 'br' <Predicate = (icmp_ln887_2)> <Delay = 0.00>
ST_6 : Operation 138 [1/1] (0.00ns)   --->   "br i1 %icmp_ln879, label %._crit_edge1469_ifconv, label %11" [cpp/accel/Accel.cpp:794]   --->   Operation 138 'br' <Predicate = (!icmp_ln879_1 & icmp_ln887_2)> <Delay = 0.00>
ST_6 : Operation 139 [2/2] (2.66ns)   --->   "call fastcc void @bin_dense([4682 x i64]* @wt_mem_V, [64 x i64]* @kh_mem_V, [4096 x i64]* @dmem_V, i2 %layer_type_V, i1 %dmem_mode_V_read, i1 %r_V_2, i16 %t_V_1)" [cpp/accel/Accel.cpp:828]   --->   Operation 139 'call' <Predicate = (!icmp_ln879 & !icmp_ln879_1 & icmp_ln887_2)> <Delay = 2.66> <CoreType = "Generic">   --->   Core 0 '' <Latency = 0> <II = 1> <Delay = 1.00> <Generic> <Opcode : >
ST_6 : Operation 140 [2/2] (2.66ns)   --->   "%kh_word_V = load i64* getelementptr inbounds ([64 x i64]* @kh_mem_V, i64 0, i64 0), align 16" [cpp/accel/Accel.h:79->cpp/accel/Accel.cpp:802]   --->   Operation 140 'load' 'kh_word_V' <Predicate = (icmp_ln879 & !icmp_ln879_1 & icmp_ln887_2)> <Delay = 2.66> <Core = "RAM">   --->   Core 37 'RAM' <Latency = 1> <II = 1> <Delay = 2.66> <Storage> <Opcode : 'load' 'store'> <Ports = 2> <Width = 64> <Depth = 128> <RAM>
ST_6 : Operation 141 [2/2] (0.00ns)   --->   "call fastcc void @fp_conv([4682 x i64]* @wt_mem_V, [64 x i64]* @kh_mem_V, [4096 x i64]* @dmem_V, i1 %dmem_mode_V_read, i1 %r_V_2, i1 %t_V, i16 %t_V_1, i16 %n_outputs_V_read)" [cpp/accel/Accel.cpp:788]   --->   Operation 141 'call' <Predicate = (icmp_ln879_1 & icmp_ln887_2)> <Delay = 0.00> <CoreType = "Generic">   --->   Core 0 '' <Latency = 0> <II = 1> <Delay = 1.00> <Generic> <Opcode : >

State 7 <SV = 4> <Delay = 5.32>
ST_7 : Operation 142 [1/1] (0.00ns)   --->   "call void (...)* @_ssdm_op_SpecLoopName([10 x i8]* @p_str46) nounwind" [cpp/accel/Accel.cpp:775]   --->   Operation 142 'specloopname' <Predicate = true> <Delay = 0.00>
ST_7 : Operation 143 [1/2] (2.66ns)   --->   "%kh_i_V_load = load i64* %kh_i_V_addr, align 8" [cpp/accel/Accel.cpp:775]   --->   Operation 143 'load' 'kh_i_V_load' <Predicate = true> <Delay = 2.66> <Core = "RAM">   --->   Core 37 'RAM' <Latency = 1> <II = 1> <Delay = 2.66> <Storage> <Opcode : 'load' 'store'> <Ports = 2> <Width = 64> <Depth = 128> <RAM>
ST_7 : Operation 144 [1/1] (0.00ns)   --->   "%kh_mem_V_addr = getelementptr [64 x i64]* @kh_mem_V, i64 0, i64 %zext_ln544_4" [cpp/accel/Accel.cpp:775]   --->   Operation 144 'getelementptr' 'kh_mem_V_addr' <Predicate = true> <Delay = 0.00>
ST_7 : Operation 145 [1/1] (2.66ns)   --->   "store i64 %kh_i_V_load, i64* %kh_mem_V_addr, align 8" [cpp/accel/Accel.cpp:775]   --->   Operation 145 'store' <Predicate = true> <Delay = 2.66> <Core = "RAM">   --->   Core 37 'RAM' <Latency = 1> <II = 1> <Delay = 2.66> <Storage> <Opcode : 'load' 'store'> <Ports = 2> <Width = 64> <Depth = 128> <RAM>
ST_7 : Operation 146 [1/1] (0.00ns)   --->   "br label %.preheader" [cpp/accel/Accel.cpp:774]   --->   Operation 146 'br' <Predicate = true> <Delay = 0.00>

State 8 <SV = 4> <Delay = 1.12>
ST_8 : Operation 147 [1/2] (0.00ns)   --->   "call fastcc void @bin_dense([4682 x i64]* @wt_mem_V, [64 x i64]* @kh_mem_V, [4096 x i64]* @dmem_V, i2 %layer_type_V, i1 %dmem_mode_V_read, i1 %r_V_2, i16 %t_V_1)" [cpp/accel/Accel.cpp:828]   --->   Operation 147 'call' <Predicate = true> <Delay = 0.00> <CoreType = "Generic">   --->   Core 0 '' <Latency = 0> <II = 1> <Delay = 1.00> <Generic> <Opcode : >
ST_8 : Operation 148 [1/1] (1.12ns)   --->   "br label %.loopexit_ifconv"   --->   Operation 148 'br' <Predicate = true> <Delay = 1.12>

State 9 <SV = 4> <Delay = 8.45>
ST_9 : Operation 149 [1/2] (2.66ns)   --->   "%kh_word_V = load i64* getelementptr inbounds ([64 x i64]* @kh_mem_V, i64 0, i64 0), align 16" [cpp/accel/Accel.h:79->cpp/accel/Accel.cpp:802]   --->   Operation 149 'load' 'kh_word_V' <Predicate = true> <Delay = 2.66> <Core = "RAM">   --->   Core 37 'RAM' <Latency = 1> <II = 1> <Delay = 2.66> <Storage> <Opcode : 'load' 'store'> <Ports = 2> <Width = 64> <Depth = 128> <RAM>
ST_9 : Operation 150 [1/1] (0.00ns) (grouped into LUT with out node nc_V)   --->   "%xor_ln879 = xor i1 %trunc_ln780, true" [cpp/accel/Accel.h:81->cpp/accel/Accel.cpp:802]   --->   Operation 150 'xor' 'xor_ln879' <Predicate = (!t_V)> <Delay = 0.00> <Core = "LogicGate">   --->   Core 27 'LogicGate' <Latency = 0> <II = 1> <Delay = 0.61> <FuncUnit> <Opcode : 'and' 'or' 'xor'> <InPorts = 2> <OutPorts = 1>
ST_9 : Operation 151 [1/1] (0.00ns) (grouped into LUT with out node nc_V)   --->   "%or_ln879 = or i1 %trunc_ln792, %xor_ln879" [cpp/accel/Accel.h:81->cpp/accel/Accel.cpp:802]   --->   Operation 151 'or' 'or_ln879' <Predicate = (!t_V)> <Delay = 0.00> <Core = "LogicGate">   --->   Core 27 'LogicGate' <Latency = 0> <II = 1> <Delay = 0.61> <FuncUnit> <Opcode : 'and' 'or' 'xor'> <InPorts = 2> <OutPorts = 1>
ST_9 : Operation 152 [1/1] (0.00ns) (grouped into LUT with out node nc_V)   --->   "%tmp_V = trunc i64 %kh_word_V to i16" [cpp/accel/Accel.h:82->cpp/accel/Accel.cpp:802]   --->   Operation 152 'trunc' 'tmp_V' <Predicate = (!t_V)> <Delay = 0.00>
ST_9 : Operation 153 [1/1] (0.00ns) (grouped into LUT with out node nc_V)   --->   "%tmp_V_1 = call i16 @_ssdm_op_PartSelect.i16.i64.i32.i32(i64 %kh_word_V, i32 16, i32 31)" [cpp/accel/Accel.h:84->cpp/accel/Accel.cpp:802]   --->   Operation 153 'partselect' 'tmp_V_1' <Predicate = (t_V)> <Delay = 0.00>
ST_9 : Operation 154 [1/1] (0.00ns) (grouped into LUT with out node nc_V)   --->   "%tmp_V_2 = call i16 @_ssdm_op_PartSelect.i16.i64.i32.i32(i64 %kh_word_V, i32 48, i32 63)" [cpp/accel/Accel.h:88->cpp/accel/Accel.cpp:802]   --->   Operation 154 'partselect' 'tmp_V_2' <Predicate = (!t_V)> <Delay = 0.00>
ST_9 : Operation 155 [1/1] (0.00ns) (grouped into LUT with out node nc_V)   --->   "%select_ln879 = select i1 %or_ln879, i16 %tmp_V, i16 %tmp_V_2" [cpp/accel/Accel.h:81->cpp/accel/Accel.cpp:802]   --->   Operation 155 'select' 'select_ln879' <Predicate = (!t_V)> <Delay = 0.00> <Core = "Sel">   --->   Core 26 'Sel' <Latency = 0> <II = 1> <Delay = 0.65> <FuncUnit> <Opcode : 'select'> <InPorts = 3> <OutPorts = 1>
ST_9 : Operation 156 [1/1] (0.61ns) (out node of the LUT)   --->   "%nc_V = select i1 %t_V, i16 %tmp_V_1, i16 %select_ln879" [cpp/accel/Accel.h:83->cpp/accel/Accel.cpp:802]   --->   Operation 156 'select' 'nc_V' <Predicate = true> <Delay = 0.61> <Core = "Sel">   --->   Core 26 'Sel' <Latency = 0> <II = 1> <Delay = 0.65> <FuncUnit> <Opcode : 'select'> <InPorts = 3> <OutPorts = 1>
ST_9 : Operation 157 [2/2] (5.17ns)   --->   "call fastcc void @bin_conv([4682 x i64]* @wt_mem_V, i16 %nc_V, [4096 x i64]* @dmem_V, i1 %dmem_mode_V_read, i1 %r_V_2, i16 %t_V_1, i2 %width_mode_V_read, i2 %norm_mode_V_read)" [cpp/accel/Accel.cpp:811]   --->   Operation 157 'call' <Predicate = true> <Delay = 5.17> <CoreType = "Generic">   --->   Core 0 '' <Latency = 0> <II = 1> <Delay = 1.00> <Generic> <Opcode : >

State 10 <SV = 5> <Delay = 1.12>
ST_10 : Operation 158 [1/1] (0.00ns)   --->   "call void (...)* @_ssdm_op_SpecLoopName([15 x i8]* @p_str50) nounwind" [cpp/accel/Accel.cpp:799]   --->   Operation 158 'specloopname' <Predicate = (icmp_ln879 & !icmp_ln879_1)> <Delay = 0.00>
ST_10 : Operation 159 [1/2] (0.00ns)   --->   "call fastcc void @bin_conv([4682 x i64]* @wt_mem_V, i16 %nc_V, [4096 x i64]* @dmem_V, i1 %dmem_mode_V_read, i1 %r_V_2, i16 %t_V_1, i2 %width_mode_V_read, i2 %norm_mode_V_read)" [cpp/accel/Accel.cpp:811]   --->   Operation 159 'call' <Predicate = (icmp_ln879 & !icmp_ln879_1)> <Delay = 0.00> <CoreType = "Generic">   --->   Core 0 '' <Latency = 0> <II = 1> <Delay = 1.00> <Generic> <Opcode : >
ST_10 : Operation 160 [1/1] (0.65ns)   --->   "%select_ln700 = select i1 %t_V, i16 2, i16 1" [cpp/accel/Accel.cpp:816]   --->   Operation 160 'select' 'select_ln700' <Predicate = (icmp_ln879 & !icmp_ln879_1)> <Delay = 0.65> <Core = "Sel">   --->   Core 26 'Sel' <Latency = 0> <II = 1> <Delay = 0.65> <FuncUnit> <Opcode : 'select'> <InPorts = 3> <OutPorts = 1>
ST_10 : Operation 161 [1/1] (1.12ns)   --->   "br label %.loopexit_ifconv"   --->   Operation 161 'br' <Predicate = (icmp_ln879 & !icmp_ln879_1)> <Delay = 1.12>

State 11 <SV = 4> <Delay = 1.48>
ST_11 : Operation 162 [1/2] (0.00ns)   --->   "call fastcc void @fp_conv([4682 x i64]* @wt_mem_V, [64 x i64]* @kh_mem_V, [4096 x i64]* @dmem_V, i1 %dmem_mode_V_read, i1 %r_V_2, i1 %t_V, i16 %t_V_1, i16 %n_outputs_V_read)" [cpp/accel/Accel.cpp:788]   --->   Operation 162 'call' <Predicate = true> <Delay = 0.00> <CoreType = "Generic">   --->   Core 0 '' <Latency = 0> <II = 1> <Delay = 1.00> <Generic> <Opcode : >
ST_11 : Operation 163 [1/1] (1.48ns)   --->   "%add_ln700 = add i16 %zext_ln735, %n_outputs_V_read" [cpp/accel/Accel.cpp:791]   --->   Operation 163 'add' 'add_ln700' <Predicate = true> <Delay = 1.48> <Core = "AddSub">   --->   Core 14 'AddSub' <Latency = 0> <II = 1> <Delay = 1.48> <FuncUnit> <Opcode : 'add' 'sub'> <InPorts = 2> <OutPorts = 1>
ST_11 : Operation 164 [1/1] (1.12ns)   --->   "br label %.loopexit_ifconv" [cpp/accel/Accel.cpp:793]   --->   Operation 164 'br' <Predicate = true> <Delay = 1.12>

State 12 <SV = 6> <Delay = 2.66>
ST_12 : Operation 165 [1/1] (0.00ns)   --->   "%kh_index_V_new_1 = phi i16 [ %add_ln700, %._crit_edge1468 ], [ %select_ln700, %._crit_edge1469_ifconv ], [ %zext_ln735, %11 ]" [cpp/accel/Accel.cpp:791]   --->   Operation 165 'phi' 'kh_index_V_new_1' <Predicate = true> <Delay = 0.00>
ST_12 : Operation 166 [1/1] (0.00ns) (grouped into LUT with out node add_ln700_6)   --->   "%n_outputs_V_pn = phi i16 [ %n_outputs_V_read, %._crit_edge1468 ], [ 1, %._crit_edge1469_ifconv ], [ %n_outputs_V_read, %11 ]" [cpp/accel/Accel.cpp:700]   --->   Operation 166 'phi' 'n_outputs_V_pn' <Predicate = true> <Delay = 0.00>
ST_12 : Operation 167 [1/1] (1.48ns) (out node of the LUT)   --->   "%add_ln700_6 = add i16 %t_V_1, %n_outputs_V_pn" [cpp/accel/Accel.cpp:831]   --->   Operation 167 'add' 'add_ln700_6' <Predicate = true> <Delay = 1.48> <Core = "AddSub">   --->   Core 14 'AddSub' <Latency = 0> <II = 1> <Delay = 1.48> <FuncUnit> <Opcode : 'add' 'sub'> <InPorts = 2> <OutPorts = 1>
ST_12 : Operation 168 [1/1] (0.00ns)   --->   "%tmp_3 = call i12 @_ssdm_op_BitConcatenate.i12.i1.i11(i1 %r_V_2, i11 0)" [cpp/accel/Accel.cpp:847]   --->   Operation 168 'bitconcatenate' 'tmp_3' <Predicate = true> <Delay = 0.00>
ST_12 : Operation 169 [1/1] (0.00ns)   --->   "%zext_ln180_3 = zext i12 %tmp_3 to i64" [cpp/accel/Accel.cpp:847]   --->   Operation 169 'zext' 'zext_ln180_3' <Predicate = true> <Delay = 0.00>
ST_12 : Operation 170 [1/1] (0.00ns)   --->   "%dmem_V_addr_3 = getelementptr [4096 x i64]* @dmem_V, i64 0, i64 %zext_ln180_3" [cpp/accel/Accel.cpp:847]   --->   Operation 170 'getelementptr' 'dmem_V_addr_3' <Predicate = true> <Delay = 0.00>
ST_12 : Operation 171 [1/1] (0.00ns)   --->   "store i16 %add_ln700_6, i16* @o_index_V, align 2" [cpp/accel/Accel.cpp:737]   --->   Operation 171 'store' <Predicate = true> <Delay = 0.00>
ST_12 : Operation 172 [1/1] (0.00ns)   --->   "store i16 %kh_index_V_new_1, i16* @kh_index_V, align 2" [cpp/accel/Accel.cpp:736]   --->   Operation 172 'store' <Predicate = true> <Delay = 0.00>
ST_12 : Operation 173 [2/2] (2.66ns)   --->   "%dmem_V_load = load i64* %dmem_V_addr_3, align 16" [cpp/accel/Accel.cpp:847]   --->   Operation 173 'load' 'dmem_V_load' <Predicate = true> <Delay = 2.66> <Core = "RAM">   --->   Core 37 'RAM' <Latency = 1> <II = 1> <Delay = 2.66> <Storage> <Opcode : 'load' 'store'> <Ports = 2> <Width = 64> <Depth = 128> <RAM>

State 13 <SV = 7> <Delay = 5.32>
ST_13 : Operation 174 [1/2] (2.66ns)   --->   "%dmem_V_load = load i64* %dmem_V_addr_3, align 16" [cpp/accel/Accel.cpp:847]   --->   Operation 174 'load' 'dmem_V_load' <Predicate = true> <Delay = 2.66> <Core = "RAM">   --->   Core 37 'RAM' <Latency = 1> <II = 1> <Delay = 2.66> <Storage> <Opcode : 'load' 'store'> <Ports = 2> <Width = 64> <Depth = 128> <RAM>
ST_13 : Operation 175 [1/1] (2.66ns)   --->   "store i64 %dmem_V_load, i64* %dmem_o_V_addr, align 8" [cpp/accel/Accel.cpp:844]   --->   Operation 175 'store' <Predicate = true> <Delay = 2.66> <Core = "RAM">   --->   Core 37 'RAM' <Latency = 1> <II = 1> <Delay = 2.66> <Storage> <Opcode : 'load' 'store'> <Ports = 2> <Width = 64> <Depth = 128> <RAM>
ST_13 : Operation 176 [1/1] (0.00ns)   --->   "ret void" [cpp/accel/Accel.cpp:854]   --->   Operation 176 'ret' <Predicate = true> <Delay = 0.00>


============================================================
+ Verbose Summary: Timing violations
============================================================
Target clock period: 12ns, clock uncertainty: 1.5ns.

 <State 1>: 1.51ns
The critical path consists of the following:
	wire read on port 'width_mode_V' (cpp/accel/Accel.cpp:700) [32]  (0 ns)
	'shl' operation ('val', cpp/accel/Accel.cpp:746) [51]  (1.51 ns)

 <State 2>: 2.66ns
The critical path consists of the following:
	'phi' operation ('i.V') with incoming values : ('i.V', cpp/accel/Accel.cpp:749) [59]  (0 ns)
	'getelementptr' operation ('dmem_i_V_addr_1', cpp/accel/Accel.cpp:756) [87]  (0 ns)
	'load' operation ('dmem_i_V_load_1', cpp/accel/Accel.cpp:756) on array 'dmem_i_V' [88]  (2.66 ns)

 <State 3>: 5.33ns
The critical path consists of the following:
	'load' operation ('dmem_i_V_load_2', cpp/accel/Accel.cpp:758) on array 'dmem_i_V' [79]  (2.66 ns)
	'store' operation ('store_ln758', cpp/accel/Accel.cpp:758) of variable 'dmem_i_V_load_2', cpp/accel/Accel.cpp:758 on array 'dmem_V' [80]  (2.66 ns)

 <State 4>: 2.66ns
The critical path consists of the following:
	'phi' operation ('i.V') with incoming values : ('i.V', cpp/accel/Accel.cpp:768) [121]  (0 ns)
	'getelementptr' operation ('wt_i_V_addr', cpp/accel/Accel.cpp:769) [136]  (0 ns)
	'load' operation ('wt_i_V_load', cpp/accel/Accel.cpp:769) on array 'wt_i_V' [137]  (2.66 ns)

 <State 5>: 5.33ns
The critical path consists of the following:
	'load' operation ('wt_i_V_load', cpp/accel/Accel.cpp:769) on array 'wt_i_V' [137]  (2.66 ns)
	'store' operation ('store_ln769', cpp/accel/Accel.cpp:769) of variable 'wt_i_V_load', cpp/accel/Accel.cpp:769 on array 'wt_mem_V' [138]  (2.66 ns)

 <State 6>: 2.66ns
The critical path consists of the following:
	'phi' operation ('i.V') with incoming values : ('i.V', cpp/accel/Accel.cpp:774) [143]  (0 ns)
	'getelementptr' operation ('kh_i_V_addr', cpp/accel/Accel.cpp:775) [151]  (0 ns)
	'load' operation ('kh_i_V_load', cpp/accel/Accel.cpp:775) on array 'kh_i_V' [152]  (2.66 ns)

 <State 7>: 5.33ns
The critical path consists of the following:
	'load' operation ('kh_i_V_load', cpp/accel/Accel.cpp:775) on array 'kh_i_V' [152]  (2.66 ns)
	'store' operation ('store_ln775', cpp/accel/Accel.cpp:775) of variable 'kh_i_V_load', cpp/accel/Accel.cpp:775 on array 'kh_mem_V' [154]  (2.66 ns)

 <State 8>: 1.13ns
The critical path consists of the following:
	multiplexor before 'phi' operation ('kh_index_V_new_1', cpp/accel/Accel.cpp:791) with incoming values : ('zext_ln735', cpp/accel/Accel.cpp:735) ('select_ln700', cpp/accel/Accel.cpp:816) ('add_ln700', cpp/accel/Accel.cpp:791) [181]  (1.13 ns)

 <State 9>: 8.46ns
The critical path consists of the following:
	'load' operation ('kh_word.V', cpp/accel/Accel.h:79->cpp/accel/Accel.cpp:802) on array 'kh_mem_V' [165]  (2.66 ns)
	'select' operation ('comp.V', cpp/accel/Accel.h:83->cpp/accel/Accel.cpp:802) [172]  (0.616 ns)
	'call' operation ('call_ln811', cpp/accel/Accel.cpp:811) to 'bin_conv' [173]  (5.18 ns)

 <State 10>: 1.13ns
The critical path consists of the following:
	multiplexor before 'phi' operation ('kh_index_V_new_1', cpp/accel/Accel.cpp:791) with incoming values : ('zext_ln735', cpp/accel/Accel.cpp:735) ('select_ln700', cpp/accel/Accel.cpp:816) ('add_ln700', cpp/accel/Accel.cpp:791) [181]  (1.13 ns)

 <State 11>: 1.49ns
The critical path consists of the following:
	'add' operation ('add_ln700', cpp/accel/Accel.cpp:791) [178]  (1.49 ns)

 <State 12>: 2.66ns
The critical path consists of the following:
	'getelementptr' operation ('dmem_V_addr_3', cpp/accel/Accel.cpp:847) [186]  (0 ns)
	'load' operation ('dmem_V_load', cpp/accel/Accel.cpp:847) on array 'dmem_V' [189]  (2.66 ns)

 <State 13>: 5.33ns
The critical path consists of the following:
	'load' operation ('dmem_V_load', cpp/accel/Accel.cpp:847) on array 'dmem_V' [189]  (2.66 ns)
	'store' operation ('store_ln844', cpp/accel/Accel.cpp:844) of variable 'dmem_V_load', cpp/accel/Accel.cpp:847 on array 'dmem_o_V' [190]  (2.66 ns)


============================================================
+ Verbose Summary: Binding
============================================================
N/A
* FSMD analyzer results:
  - Output states:
 - Input state : 
  - Chain level:
	State 1
	State 2
	State 3
	State 4
	State 5
	State 6
	State 7
	State 8
	State 9
	State 10
	State 11
	State 12
	State 13


============================================================
+ Verbose Summary: Datapath Resource usage 
============================================================
N/A
